10-16 14:58:55.498   267   774 I rc_service: count 321562 cpuc 8 irqno 71 paused? 0 cnt1 321485 cnt2 323738   song-gpio  59 Edge      mlx90393-irq
10-16 14:58:55.760   290   320 E BoardControl: Unable to create sockfd: Connection refused
10-16 14:58:56.178   289   289 I mavlink-router: Endpoint board_endpoint[2] IN: 74 (1 KB), OUT: 3336 (83 KB) CRC error: 0 0% 0KBytes Sequence lost: 0 0% Handled: 74 1KBytes
10-16 14:58:56.178   289   289 I mavlink-router: Endpoint uav[1] IN: 125109 (4002 KB), OUT: 6014 (123 KB) CRC error: 0 0% 0KBytes Sequence lost: 1713924 93% Handled: 125109 4098KBytes
10-16 14:58:56.178   289   289 I mavlink-router: Endpoint qgc_gcs[2] IN: 1749 (35 KB), OUT: 129006 (4081 KB) CRC error: 0 0% 0KBytes Sequence lost: 9159 83% Handled: 1749 36KBytes
10-16 14:58:56.178   289   289 I mavlink-router: Endpoint gcs2[2] IN: 0 (0 KB), OUT: 129278 (4087 KB) CRC error: 0 0% 0KBytes Sequence lost: 0 0% Handled: 0 0KBytes
10-16 14:58:56.178   289   289 I mavlink-router: Endpoint gcs3[3] IN: 4191 (85 KB), OUT: 126877 (4038 KB) CRC error: 0 0% 0KBytes Sequence lost: 0 0% Handled: 4191 88KBytes
10-16 14:58:56.178   289   289 I mavlink-router: Endpoint gcs4[4] IN: 0 (0 KB), OUT: 131043 (4123 KB) CRC error: 0 0% 0KBytes Sequence lost: 0 0% Handled: 0 0KBytes
10-16 14:58:56.259   290   320 E BoardControl: Unable to create sockfd: Connection refused
10-16 14:58:56.501   267   774 I rc_service: count 323815 cpuc 8 irqno 69 paused? 0 cnt1 321562 cnt2 323738   song-gpio  61 Edge      mlx90393-irq
10-16 14:58:56.501   267   774 I rc_service: count 321638 cpuc 8 irqno 71 paused? 0 cnt1 321562 cnt2 323815   song-gpio  59 Edge      mlx90393-irq
10-16 14:58:56.761   290   320 E BoardControl: Unable to create sockfd: Connection refused
10-16 14:58:57.259   290   320 E BoardControl: Unable to create sockfd: Connection refused
10-16 14:58:57.504   267   774 I rc_service: count 323892 cpuc 8 irqno 69 paused? 0 cnt1 321638 cnt2 323815   song-gpio  61 Edge      mlx90393-irq
10-16 14:58:57.505   267   774 I rc_service: count 321715 cpuc 8 irqno 71 paused? 0 cnt1 321638 cnt2 323892   song-gpio  59 Edge      mlx90393-irq
10-16 14:58:57.760   290   320 D BoardControl: thermal sensor temperature max 61°C, report 56°C
10-16 14:58:57.786   290   320 E BoardControl: Unable to create sockfd: Connection refused
10-16 14:58:58.259   290   320 E BoardControl: Unable to create sockfd: Connection refused
10-16 14:58:58.508   267   774 I rc_service: count 323969 cpuc 8 irqno 69 paused? 0 cnt1 321715 cnt2 323892   song-gpio  61 Edge      mlx90393-irq
10-16 14:58:58.508   267   774 I rc_service: count 321791 cpuc 8 irqno 71 paused? 0 cnt1 321715 cnt2 323969   song-gpio  59 Edge      mlx90393-irq
10-16 14:58:58.759   290   320 E BoardControl: Unable to create sockfd: Connection refused
10-16 14:58:59.259   290   320 E BoardControl: Unable to create sockfd: Connection refused
10-16 14:58:59.512   267   774 I rc_service: count 324046 cpuc 8 irqno 69 paused? 0 cnt1 321791 cnt2 323969   song-gpio  61 Edge      mlx90393-irq
10-16 14:58:59.512   267   774 I rc_service: count 321868 cpuc 8 irqno 71 paused? 0 cnt1 321791 cnt2 324046   song-gpio  59 Edge      mlx90393-irq
10-16 14:58:59.759   290   320 E BoardControl: Unable to create sockfd: Connection refused
10-16 14:59:00.260   290   320 E BoardControl: Unable to create sockfd: Connection refused
10-16 14:59:00.515   267   774 I rc_service: count 324124 cpuc 8 irqno 69 paused? 0 cnt1 321868 cnt2 324046   song-gpio  61 Edge      mlx90393-irq
10-16 14:59:00.515   267   774 I rc_service: count 321945 cpuc 8 irqno 71 paused? 0 cnt1 321868 cnt2 324124   song-gpio  59 Edge      mlx90393-irq
10-16 14:59:00.759   290   320 E BoardControl: Unable to create sockfd: Connection refused
10-16 14:59:01.259   290   320 E BoardControl: Unable to create sockfd: Connection refused
10-16 14:59:01.519   267   774 I rc_service: count 324201 cpuc 8 irqno 69 paused? 0 cnt1 321945 cnt2 324124   song-gpio  61 Edge      mlx90393-irq
10-16 14:59:01.519   267   774 I rc_service: count 322021 cpuc 8 irqno 71 paused? 0 cnt1 321945 cnt2 324201   song-gpio  59 Edge      mlx90393-irq
10-16 14:59:01.759   290   320 E BoardControl: Unable to create sockfd: Connection refused
10-16 14:59:01.818  1580  1608 V RadioStatService: Sending String: QGCCLBRSTATE Bytes: [0, 0, 0, 12, 81, 71, 67, 67, 76, 66, 82, 83, 84, 65, 84, 69]
10-16 14:59:02.259   290   320 E BoardControl: Unable to create sockfd: Connection refused
10-16 14:59:02.522   267   774 I rc_service: count 324278 cpuc 8 irqno 69 paused? 0 cnt1 322021 cnt2 324201   song-gpio  61 Edge      mlx90393-irq
10-16 14:59:02.522   267   774 I rc_service: count 322098 cpuc 8 irqno 71 paused? 0 cnt1 322021 cnt2 324278   song-gpio  59 Edge      mlx90393-irq
10-16 14:59:02.761   290   320 D BoardControl: thermal sensor temperature max 61°C, report 56°C
10-16 14:59:02.795   290   320 E BoardControl: Unable to create sockfd: Connection refused
10-16 14:59:03.259   290   320 E BoardControl: Unable to create sockfd: Connection refused
10-16 14:59:03.525   267   774 I rc_service: count 324355 cpuc 8 irqno 69 paused? 0 cnt1 322098 cnt2 324278   song-gpio  61 Edge      mlx90393-irq
10-16 14:59:03.525   267   774 I rc_service: count 322174 cpuc 8 irqno 71 paused? 0 cnt1 322098 cnt2 324355   song-gpio  59 Edge      mlx90393-irq
10-16 14:59:03.759   290   320 E BoardControl: Unable to create sockfd: Connection refused
10-16 14:59:04.259   290   320 E BoardControl: Unable to create sockfd: Connection refused
10-16 14:59:04.527   267   774 I rc_service: count 324432 cpuc 8 irqno 69 paused? 0 cnt1 322174 cnt2 324355   song-gpio  61 Edge      mlx90393-irq
10-16 14:59:04.527   267   774 I rc_service: count 322251 cpuc 8 irqno 71 paused? 0 cnt1 322174 cnt2 324432   song-gpio  59 Edge      mlx90393-irq
10-16 14:59:04.760   290   320 E BoardControl: Unable to create sockfd: Connection refused
10-16 14:59:05.259   290   320 E BoardControl: Unable to create sockfd: Connection refused
10-16 14:59:05.530   267   774 I rc_service: count 324509 cpuc 8 irqno 69 paused? 0 cnt1 322251 cnt2 324432   song-gpio  61 Edge      mlx90393-irq
10-16 14:59:05.530   267   774 I rc_service: count 322327 cpuc 8 irqno 71 paused? 0 cnt1 322251 cnt2 324509   song-gpio  59 Edge      mlx90393-irq
10-16 14:59:05.759   290   320 E BoardControl: Unable to create sockfd: Connection refused
10-16 14:59:06.178   289   289 I mavlink-router: Endpoint board_endpoint[2] IN: 74 (1 KB), OUT: 3336 (83 KB) CRC error: 0 0% 0KBytes Sequence lost: 0 0% Handled: 74 1KBytes
10-16 14:59:06.178   289   289 I mavlink-router: Endpoint uav[1] IN: 125109 (4002 KB), OUT: 6034 (123 KB) CRC error: 0 0% 0KBytes Sequence lost: 1713924 93% Handled: 125109 4098KBytes
10-16 14:59:06.178   289   289 I mavlink-router: Endpoint qgc_gcs[2] IN: 1759 (36 KB), OUT: 129016 (4081 KB) CRC error: 0 0% 0KBytes Sequence lost: 9159 83% Handled: 1759 36KBytes
10-16 14:59:06.178   289   289 I mavlink-router: Endpoint gcs2[2] IN: 0 (0 KB), OUT: 129288 (4087 KB) CRC error: 0 0% 0KBytes Sequence lost: 0 0% Handled: 0 0KBytes
10-16 14:59:06.178   289   289 I mavlink-router: Endpoint gcs3[3] IN: 4201 (86 KB), OUT: 126887 (4038 KB) CRC error: 0 0% 0KBytes Sequence lost: 0 0% Handled: 4201 88KBytes
10-16 14:59:06.178   289   289 I mavlink-router: Endpoint gcs4[4] IN: 0 (0 KB), OUT: 131063 (4124 KB) CRC error: 0 0% 0KBytes Sequence lost: 0 0% Handled: 0 0KBytes
10-16 14:59:06.259   290   320 E BoardControl: Unable to create sockfd: Connection refused
10-16 14:59:06.533   267   774 I rc_service: count 324586 cpuc 8 irqno 69 paused? 0 cnt1 322327 cnt2 324509   song-gpio  61 Edge      mlx90393-irq
10-16 14:59:06.533   267   774 I rc_service: count 322404 cpuc 8 irqno 71 paused? 0 cnt1 322327 cnt2 324586   song-gpio  59 Edge      mlx90393-irq
10-16 14:59:06.759   290   320 E BoardControl: Unable to create sockfd: Connection refused
10-16 14:59:07.259   290   320 E BoardControl: Unable to create sockfd: Connection refused
10-16 14:59:07.536   267   774 I rc_service: count 324663 cpuc 8 irqno 69 paused? 0 cnt1 322404 cnt2 324586   song-gpio  61 Edge      mlx90393-irq
10-16 14:59:07.536   267   774 I rc_service: count 322481 cpuc 8 irqno 71 paused? 0 cnt1 322404 cnt2 324663   song-gpio  59 Edge      mlx90393-irq
10-16 14:59:07.760   290   320 D BoardControl: thermal sensor temperature max 61°C, report 56°C
10-16 14:59:07.786   290   320 E BoardControl: Unable to create sockfd: Connection refused
10-16 14:59:08.259   290   320 E BoardControl: Unable to create sockfd: Connection refused
10-16 14:59:08.539   267   774 I rc_service: count 324740 cpuc 8 irqno 69 paused? 0 cnt1 322481 cnt2 324663   song-gpio  61 Edge      mlx90393-irq
10-16 14:59:08.539   267   774 I rc_service: count 322557 cpuc 8 irqno 71 paused? 0 cnt1 322481 cnt2 324740   song-gpio  59 Edge      mlx90393-irq
10-16 14:59:08.759   290   320 E BoardControl: Unable to create sockfd: Connection refused
10-16 14:59:09.259   290   320 E BoardControl: Unable to create sockfd: Connection refused
10-16 14:59:09.542   267   774 I rc_service: count 324817 cpuc 8 irqno 69 paused? 0 cnt1 322557 cnt2 324740   song-gpio  61 Edge      mlx90393-irq
10-16 14:59:09.542   267   774 I rc_service: count 322634 cpuc 8 irqno 71 paused? 0 cnt1 322557 cnt2 324817   song-gpio  59 Edge      mlx90393-irq
10-16 14:59:09.759   290   320 E BoardControl: Unable to create sockfd: Connection refused
10-16 14:59:10.259   290   320 E BoardControl: Unable to create sockfd: Connection refused
10-16 14:59:10.545   267   774 I rc_service: count 324894 cpuc 8 irqno 69 paused? 0 cnt1 322634 cnt2 324817   song-gpio  61 Edge      mlx90393-irq
10-16 14:59:10.545   267   774 I rc_service: count 322710 cpuc 8 irqno 71 paused? 0 cnt1 322634 cnt2 324894   song-gpio  59 Edge      mlx90393-irq
10-16 14:59:10.759   290   320 E BoardControl: Unable to create sockfd: Connection refused
10-16 14:59:11.259   290   320 E BoardControl: Unable to create sockfd: Connection refused
10-16 14:59:11.549   267   774 I rc_service: count 324972 cpuc 8 irqno 69 paused? 0 cnt1 322710 cnt2 324894   song-gpio  61 Edge      mlx90393-irq
10-16 14:59:11.549   267   774 I rc_service: count 322787 cpuc 8 irqno 71 paused? 0 cnt1 322710 cnt2 324972   song-gpio  59 Edge      mlx90393-irq
10-16 14:59:11.759   290   320 E BoardControl: Unable to create sockfd: Connection refused
10-16 14:59:11.835  1580  1608 V RadioStatService: Sending String: QGCCLBRSTATE Bytes: [0, 0, 0, 12, 81, 71, 67, 67, 76, 66, 82, 83, 84, 65, 84, 69]
10-16 14:59:12.259   290   320 E BoardControl: Unable to create sockfd: Connection refused
10-16 14:59:12.552   267   774 I rc_service: count 325049 cpuc 8 irqno 69 paused? 0 cnt1 322787 cnt2 324972   song-gpio  61 Edge      mlx90393-irq
10-16 14:59:12.552   267   774 I rc_service: count 322863 cpuc 8 irqno 71 paused? 0 cnt1 322787 cnt2 325049   song-gpio  59 Edge      mlx90393-irq
10-16 14:59:12.760   290   320 D BoardControl: thermal sensor temperature max 60°C, report 56°C
10-16 14:59:12.790   290   320 E BoardControl: Unable to create sockfd: Connection refused
10-16 14:59:13.259   290   320 E BoardControl: Unable to create sockfd: Connection refused
10-16 14:59:13.555   267   774 I rc_service: count 325125 cpuc 8 irqno 69 paused? 0 cnt1 322863 cnt2 325049   song-gpio  61 Edge      mlx90393-irq
10-16 14:59:13.555   267   774 I rc_service: count 322940 cpuc 8 irqno 71 paused? 0 cnt1 322863 cnt2 325125   song-gpio  59 Edge      mlx90393-irq
10-16 14:59:13.759   290   320 E BoardControl: Unable to create sockfd: Connection refused
10-16 14:59:14.259   290   320 E BoardControl: Unable to create sockfd: Connection refused
10-16 14:59:14.558   267   774 I rc_service: count 325202 cpuc 8 irqno 69 paused? 0 cnt1 322940 cnt2 325125   song-gpio  61 Edge      mlx90393-irq
10-16 14:59:14.558   267   774 I rc_service: count 323017 cpuc 8 irqno 71 paused? 0 cnt1 322940 cnt2 325202   song-gpio  59 Edge      mlx90393-irq
10-16 14:59:14.759   290   320 E BoardControl: Unable to create sockfd: Connection refused
10-16 14:59:15.259   290   320 E BoardControl: Unable to create sockfd: Connection refused
10-16 14:59:15.561   267   774 I rc_service: count 325279 cpuc 8 irqno 69 paused? 0 cnt1 323017 cnt2 325202   song-gpio  61 Edge      mlx90393-irq
10-16 14:59:15.561   267   774 I rc_service: count 323093 cpuc 8 irqno 71 paused? 0 cnt1 323017 cnt2 325279   song-gpio  59 Edge      mlx90393-irq
10-16 14:59:15.759   290   320 E BoardControl: Unable to create sockfd: Connection refused
10-16 14:59:16.178   289   289 I mavlink-router: Endpoint board_endpoint[2] IN: 74 (1 KB), OUT: 3336 (83 KB) CRC error: 0 0% 0KBytes Sequence lost: 0 0% Handled: 74 1KBytes
10-16 14:59:16.178   289   289 I mavlink-router: Endpoint uav[1] IN: 125109 (4002 KB), OUT: 6054 (124 KB) CRC error: 0 0% 0KBytes Sequence lost: 1713924 93% Handled: 125109 4098KBytes
10-16 14:59:16.178   289   289 I mavlink-router: Endpoint qgc_gcs[2] IN: 1769 (36 KB), OUT: 129026 (4081 KB) CRC error: 0 0% 0KBytes Sequence lost: 9159 83% Handled: 1769 37KBytes
10-16 14:59:16.178   289   289 I mavlink-router: Endpoint gcs2[2] IN: 0 (0 KB), OUT: 129298 (4087 KB) CRC error: 0 0% 0KBytes Sequence lost: 0 0% Handled: 0 0KBytes
10-16 14:59:16.178   289   289 I mavlink-router: Endpoint gcs3[3] IN: 4211 (86 KB), OUT: 126897 (4039 KB) CRC error: 0 0% 0KBytes Sequence lost: 0 0% Handled: 4211 88KBytes
10-16 14:59:16.178   289   289 I mavlink-router: Endpoint gcs4[4] IN: 0 (0 KB), OUT: 131083 (4124 KB) CRC error: 0 0% 0KBytes Sequence lost: 0 0% Handled: 0 0KBytes
10-16 14:59:16.259   290   320 E BoardControl: Unable to create sockfd: Connection refused
10-16 14:59:16.261   855   855 I PowerUI : temperature stats: 567,385,-990,-990,420
10-16 14:59:16.564   267   774 I rc_service: count 325356 cpuc 8 irqno 69 paused? 0 cnt1 323093 cnt2 325279   song-gpio  61 Edge      mlx90393-irq
10-16 14:59:16.566   267   774 I rc_service: count 323170 cpuc 8 irqno 71 paused? 0 cnt1 323093 cnt2 325356   song-gpio  59 Edge      mlx90393-irq
10-16 14:59:16.627  3762  7265 W QGroundControl: No Internet Access
10-16 14:59:16.759   290   320 E BoardControl: Unable to create sockfd: Connection refused
10-16 14:59:17.259   290   320 E BoardControl: Unable to create sockfd: Connection refused
10-16 14:59:17.569   267   774 I rc_service: count 325433 cpuc 8 irqno 69 paused? 0 cnt1 323170 cnt2 325356   song-gpio  61 Edge      mlx90393-irq
10-16 14:59:17.569   267   774 I rc_service: count 323246 cpuc 8 irqno 71 paused? 0 cnt1 323170 cnt2 325433   song-gpio  59 Edge      mlx90393-irq
10-16 14:59:17.623  3762  7265 W QGroundControl: No Internet Access
10-16 14:59:17.760   290   320 D BoardControl: thermal sensor temperature max 62°C, report 57°C
10-16 14:59:17.760   290   320 D BoardControl: cpu temperature changed to 57°C
10-16 14:59:17.786   290   320 E BoardControl: Unable to create sockfd: Connection refused
10-16 14:59:18.259   290   320 E BoardControl: Unable to create sockfd: Connection refused
10-16 14:59:18.572   267   774 I rc_service: count 325510 cpuc 8 irqno 69 paused? 0 cnt1 323246 cnt2 325433   song-gpio  61 Edge      mlx90393-irq
10-16 14:59:18.572   267   774 I rc_service: count 323323 cpuc 8 irqno 71 paused? 0 cnt1 323246 cnt2 325510   song-gpio  59 Edge      mlx90393-irq
10-16 14:59:18.760   290   320 E BoardControl: Unable to create sockfd: Connection refused
10-16 14:59:19.259   290   320 E BoardControl: Unable to create sockfd: Connection refused
10-16 14:59:19.575   267   774 I rc_service: count 325587 cpuc 8 irqno 69 paused? 0 cnt1 323323 cnt2 325510   song-gpio  61 Edge      mlx90393-irq
10-16 14:59:19.575   267   774 I rc_service: count 323399 cpuc 8 irqno 71 paused? 0 cnt1 323323 cnt2 325587   song-gpio  59 Edge      mlx90393-irq
10-16 14:59:19.759   290   320 E BoardControl: Unable to create sockfd: Connection refused
10-16 14:59:20.259   290   320 E BoardControl: Unable to create sockfd: Connection refused
10-16 14:59:20.578   267   774 I rc_service: count 325664 cpuc 8 irqno 69 paused? 0 cnt1 323399 cnt2 325587   song-gpio  61 Edge      mlx90393-irq
10-16 14:59:20.578   267   774 I rc_service: count 323476 cpuc 8 irqno 71 paused? 0 cnt1 323399 cnt2 325664   song-gpio  59 Edge      mlx90393-irq
10-16 14:59:20.760   290   320 E BoardControl: Unable to create sockfd: Connection refused
10-16 14:59:21.259   290   320 E BoardControl: Unable to create sockfd: Connection refused
10-16 14:59:21.581   267   774 I rc_service: count 325742 cpuc 8 irqno 69 paused? 0 cnt1 323476 cnt2 325664   song-gpio  61 Edge      mlx90393-irq
10-16 14:59:21.582   267   774 I rc_service: count 323552 cpuc 8 irqno 71 paused? 0 cnt1 323476 cnt2 325742   song-gpio  59 Edge      mlx90393-irq
10-16 14:59:21.759   290   320 E BoardControl: Unable to create sockfd: Connection refused
10-16 14:59:21.854  1580  1608 V RadioStatService: Sending String: QGCCLBRSTATE Bytes: [0, 0, 0, 12, 81, 71, 67, 67, 76, 66, 82, 83, 84, 65, 84, 69]
10-16 14:59:22.259   290   320 E BoardControl: Unable to create sockfd: Connection refused
10-16 14:59:22.584   267   774 I rc_service: count 325819 cpuc 8 irqno 69 paused? 0 cnt1 323552 cnt2 325742   song-gpio  61 Edge      mlx90393-irq
10-16 14:59:22.585   267   774 I rc_service: count 323629 cpuc 8 irqno 71 paused? 0 cnt1 323552 cnt2 325819   song-gpio  59 Edge      mlx90393-irq
10-16 14:59:22.760   290   320 D BoardControl: thermal sensor temperature max 60°C, report 56°C
10-16 14:59:22.760   290   320 D BoardControl: cpu temperature changed to 56°C
10-16 14:59:22.811   290   320 E BoardControl: Unable to create sockfd: Connection refused
10-16 14:59:23.259   290   320 E BoardControl: Unable to create sockfd: Connection refused
10-16 14:59:23.588   267   774 I rc_service: count 325896 cpuc 8 irqno 69 paused? 0 cnt1 323629 cnt2 325819   song-gpio  61 Edge      mlx90393-irq
10-16 14:59:23.588   267   774 I rc_service: count 323706 cpuc 8 irqno 71 paused? 0 cnt1 323629 cnt2 325896   song-gpio  59 Edge      mlx90393-irq
10-16 14:59:23.759   290   320 E BoardControl: Unable to create sockfd: Connection refused
10-16 14:59:24.259   290   320 E BoardControl: Unable to create sockfd: Connection refused
10-16 14:59:24.591   267   774 I rc_service: count 325973 cpuc 8 irqno 69 paused? 0 cnt1 323706 cnt2 325896   song-gpio  61 Edge      mlx90393-irq
10-16 14:59:24.592   267   774 I rc_service: count 323782 cpuc 8 irqno 71 paused? 0 cnt1 323706 cnt2 325973   song-gpio  59 Edge      mlx90393-irq
10-16 14:59:24.759   290   320 E BoardControl: Unable to create sockfd: Connection refused
10-16 14:59:25.259   290   320 E BoardControl: Unable to create sockfd: Connection refused
10-16 14:59:25.595   267   774 I rc_service: count 326050 cpuc 8 irqno 69 paused? 0 cnt1 323782 cnt2 325973   song-gpio  61 Edge      mlx90393-irq
10-16 14:59:25.595   267   774 I rc_service: count 323859 cpuc 8 irqno 71 paused? 0 cnt1 323782 cnt2 326050   song-gpio  59 Edge      mlx90393-irq
10-16 14:59:25.759   290   320 E BoardControl: Unable to create sockfd: Connection refused
10-16 14:59:26.178   289   289 I mavlink-router: Endpoint board_endpoint[2] IN: 74 (1 KB), OUT: 3336 (83 KB) CRC error: 0 0% 0KBytes Sequence lost: 0 0% Handled: 74 1KBytes
10-16 14:59:26.178   289   289 I mavlink-router: Endpoint uav[1] IN: 125109 (4002 KB), OUT: 6074 (124 KB) CRC error: 0 0% 0KBytes Sequence lost: 1713924 93% Handled: 125109 4098KBytes
10-16 14:59:26.178   289   289 I mavlink-router: Endpoint qgc_gcs[2] IN: 1779 (36 KB), OUT: 129036 (4082 KB) CRC error: 0 0% 0KBytes Sequence lost: 9159 83% Handled: 1779 37KBytes
10-16 14:59:26.178   289   289 I mavlink-router: Endpoint gcs2[2] IN: 0 (0 KB), OUT: 129308 (4088 KB) CRC error: 0 0% 0KBytes Sequence lost: 0 0% Handled: 0 0KBytes
10-16 14:59:26.178   289   289 I mavlink-router: Endpoint gcs3[3] IN: 4221 (86 KB), OUT: 126907 (4039 KB) CRC error: 0 0% 0KBytes Sequence lost: 0 0% Handled: 4221 88KBytes
10-16 14:59:26.178   289   289 I mavlink-router: Endpoint gcs4[4] IN: 0 (0 KB), OUT: 131103 (4125 KB) CRC error: 0 0% 0KBytes Sequence lost: 0 0% Handled: 0 0KBytes
10-16 14:59:26.259   290   320 E BoardControl: Unable to create sockfd: Connection refused
10-16 14:59:26.598   267   774 I rc_service: count 326127 cpuc 8 irqno 69 paused? 0 cnt1 323859 cnt2 326050   song-gpio  61 Edge      mlx90393-irq
10-16 14:59:26.598   267   774 I rc_service: count 323935 cpuc 8 irqno 71 paused? 0 cnt1 323859 cnt2 326127   song-gpio  59 Edge      mlx90393-irq
10-16 14:59:26.759   290   320 E BoardControl: Unable to create sockfd: Connection refused
10-16 14:59:27.259   290   320 E BoardControl: Unable to create sockfd: Connection refused
10-16 14:59:27.601   267   774 I rc_service: count 326204 cpuc 8 irqno 69 paused? 0 cnt1 323935 cnt2 326127   song-gpio  61 Edge      mlx90393-irq
10-16 14:59:27.601   267   774 I rc_service: count 324012 cpuc 8 irqno 71 paused? 0 cnt1 323935 cnt2 326204   song-gpio  59 Edge      mlx90393-irq
10-16 14:59:27.761   290   320 D BoardControl: thermal sensor temperature max 60°C, report 56°C
10-16 14:59:27.788   290   320 E BoardControl: Unable to create sockfd: Connection refused
10-16 14:59:28.259   290   320 E BoardControl: Unable to create sockfd: Connection refused
10-16 14:59:28.604   267   774 I rc_service: count 326281 cpuc 8 irqno 69 paused? 0 cnt1 324012 cnt2 326204   song-gpio  61 Edge      mlx90393-irq
10-16 14:59:28.605   267   774 I rc_service: count 324088 cpuc 8 irqno 71 paused? 0 cnt1 324012 cnt2 326281   song-gpio  59 Edge      mlx90393-irq
10-16 14:59:28.759   290   320 E BoardControl: Unable to create sockfd: Connection refused
10-16 14:59:29.259   290   320 E BoardControl: Unable to create sockfd: Connection refused
10-16 14:59:29.608   267   774 I rc_service: count 326359 cpuc 8 irqno 69 paused? 0 cnt1 324088 cnt2 326281   song-gpio  61 Edge      mlx90393-irq
10-16 14:59:29.608   267   774 I rc_service: count 324165 cpuc 8 irqno 71 paused? 0 cnt1 324088 cnt2 326359   song-gpio  59 Edge      mlx90393-irq
10-16 14:59:29.759   290   320 E BoardControl: Unable to create sockfd: Connection refused
10-16 14:59:30.259   290   320 E BoardControl: Unable to create sockfd: Connection refused
10-16 14:59:30.611   267   774 I rc_service: count 326436 cpuc 8 irqno 69 paused? 0 cnt1 324165 cnt2 326359   song-gpio  61 Edge      mlx90393-irq
10-16 14:59:30.611   267   774 I rc_service: count 324242 cpuc 8 irqno 71 paused? 0 cnt1 324165 cnt2 326436   song-gpio  59 Edge      mlx90393-irq
10-16 14:59:30.760   290   320 E BoardControl: Unable to create sockfd: Connection refused
10-16 14:59:31.259   290   320 E BoardControl: Unable to create sockfd: Connection refused
10-16 14:59:31.615   267   774 I rc_service: count 326513 cpuc 8 irqno 69 paused? 0 cnt1 324242 cnt2 326436   song-gpio  61 Edge      mlx90393-irq
10-16 14:59:31.615   267   774 I rc_service: count 324318 cpuc 8 irqno 71 paused? 0 cnt1 324242 cnt2 326513   song-gpio  59 Edge      mlx90393-irq
10-16 14:59:31.759   290   320 E BoardControl: Unable to create sockfd: Connection refused
10-16 14:59:31.871  1580  1608 V RadioStatService: Sending String: QGCCLBRSTATE Bytes: [0, 0, 0, 12, 81, 71, 67, 67, 76, 66, 82, 83, 84, 65, 84, 69]
10-16 14:59:32.259   290   320 E BoardControl: Unable to create sockfd: Connection refused
10-16 14:59:32.620   267   774 I rc_service: count 326590 cpuc 8 irqno 69 paused? 0 cnt1 324318 cnt2 326513   song-gpio  61 Edge      mlx90393-irq
10-16 14:59:32.620   267   774 I rc_service: count 324395 cpuc 8 irqno 71 paused? 0 cnt1 324318 cnt2 326590   song-gpio  59 Edge      mlx90393-irq
10-16 14:59:32.760   290   320 D BoardControl: thermal sensor temperature max 60°C, report 56°C
10-16 14:59:32.787   290   320 E BoardControl: Unable to create sockfd: Connection refused
10-16 14:59:33.259   290   320 E BoardControl: Unable to create sockfd: Connection refused
10-16 14:59:33.623   267   774 I rc_service: count 326667 cpuc 8 irqno 69 paused? 0 cnt1 324395 cnt2 326590   song-gpio  61 Edge      mlx90393-irq
10-16 14:59:33.623   267   774 I rc_service: count 324472 cpuc 8 irqno 71 paused? 0 cnt1 324395 cnt2 326667   song-gpio  59 Edge      mlx90393-irq
10-16 14:59:33.759   290   320 E BoardControl: Unable to create sockfd: Connection refused
10-16 14:59:34.259   290   320 E BoardControl: Unable to create sockfd: Connection refused
10-16 14:59:34.626   267   774 I rc_service: count 326744 cpuc 8 irqno 69 paused? 0 cnt1 324472 cnt2 326667   song-gpio  61 Edge      mlx90393-irq
10-16 14:59:34.626   267   774 I rc_service: count 324548 cpuc 8 irqno 71 paused? 0 cnt1 324472 cnt2 326744   song-gpio  59 Edge      mlx90393-irq
10-16 14:59:34.759   290   320 E BoardControl: Unable to create sockfd: Connection refused
10-16 14:59:35.259   290   320 E BoardControl: Unable to create sockfd: Connection refused
10-16 14:59:35.628   267   774 I rc_service: count 326821 cpuc 8 irqno 69 paused? 0 cnt1 324548 cnt2 326744   song-gpio  61 Edge      mlx90393-irq
10-16 14:59:35.628   267   774 I rc_service: count 324625 cpuc 8 irqno 71 paused? 0 cnt1 324548 cnt2 326821   song-gpio  59 Edge      mlx90393-irq
10-16 14:59:35.760   290   320 E BoardControl: Unable to create sockfd: Connection refused
10-16 14:59:36.178   289   289 I mavlink-router: Endpoint board_endpoint[2] IN: 74 (1 KB), OUT: 3336 (83 KB) CRC error: 0 0% 0KBytes Sequence lost: 0 0% Handled: 74 1KBytes
10-16 14:59:36.178   289   289 I mavlink-router: Endpoint uav[1] IN: 125109 (4002 KB), OUT: 6094 (125 KB) CRC error: 0 0% 0KBytes Sequence lost: 1713924 93% Handled: 125109 4098KBytes
10-16 14:59:36.178   289   289 I mavlink-router: Endpoint qgc_gcs[2] IN: 1789 (36 KB), OUT: 129046 (4082 KB) CRC error: 0 0% 0KBytes Sequence lost: 9159 83% Handled: 1789 37KBytes
10-16 14:59:36.178   289   289 I mavlink-router: Endpoint gcs2[2] IN: 0 (0 KB), OUT: 129318 (4088 KB) CRC error: 0 0% 0KBytes Sequence lost: 0 0% Handled: 0 0KBytes
10-16 14:59:36.178   289   289 I mavlink-router: Endpoint gcs3[3] IN: 4231 (86 KB), OUT: 126917 (4039 KB) CRC error: 0 0% 0KBytes Sequence lost: 0 0% Handled: 4231 88KBytes
10-16 14:59:36.178   289   289 I mavlink-router: Endpoint gcs4[4] IN: 0 (0 KB), OUT: 131123 (4125 KB) CRC error: 0 0% 0KBytes Sequence lost: 0 0% Handled: 0 0KBytes
10-16 14:59:36.259   290   320 E BoardControl: Unable to create sockfd: Connection refused
10-16 14:59:36.631   267   774 I rc_service: count 326899 cpuc 8 irqno 69 paused? 0 cnt1 324625 cnt2 326821   song-gpio  61 Edge      mlx90393-irq
10-16 14:59:36.632   267   774 I rc_service: count 324701 cpuc 8 irqno 71 paused? 0 cnt1 324625 cnt2 326899   song-gpio  59 Edge      mlx90393-irq
10-16 14:59:36.759   290   320 E BoardControl: Unable to create sockfd: Connection refused
10-16 14:59:37.259   290   320 E BoardControl: Unable to create sockfd: Connection refused
10-16 14:59:37.635   267   774 I rc_service: count 326976 cpuc 8 irqno 69 paused? 0 cnt1 324701 cnt2 326899   song-gpio  61 Edge      mlx90393-irq
10-16 14:59:37.635   267   774 I rc_service: count 324778 cpuc 8 irqno 71 paused? 0 cnt1 324701 cnt2 326976   song-gpio  59 Edge      mlx90393-irq
10-16 14:59:37.760   290   320 D BoardControl: thermal sensor temperature max 61°C, report 56°C
10-16 14:59:37.787   290   320 E BoardControl: Unable to create sockfd: Connection refused
10-16 14:59:38.259   290   320 E BoardControl: Unable to create sockfd: Connection refused
10-16 14:59:38.637   267   774 I rc_service: count 327053 cpuc 8 irqno 69 paused? 0 cnt1 324778 cnt2 326976   song-gpio  61 Edge      mlx90393-irq
10-16 14:59:38.638   267   774 I rc_service: count 324854 cpuc 8 irqno 71 paused? 0 cnt1 324778 cnt2 327053   song-gpio  59 Edge      mlx90393-irq
10-16 14:59:38.759   290   320 E BoardControl: Unable to create sockfd: Connection refused
10-16 14:59:39.259   290   320 E BoardControl: Unable to create sockfd: Connection refused
10-16 14:59:39.641   267   774 I rc_service: count 327130 cpuc 8 irqno 69 paused? 0 cnt1 324854 cnt2 327053   song-gpio  61 Edge      mlx90393-irq
10-16 14:59:39.642   267   774 I rc_service: count 324931 cpuc 8 irqno 71 paused? 0 cnt1 324854 cnt2 327130   song-gpio  59 Edge      mlx90393-irq
10-16 14:59:39.759   290   320 E BoardControl: Unable to create sockfd: Connection refused
10-16 14:59:40.259   290   320 E BoardControl: Unable to create sockfd: Connection refused
10-16 14:59:40.645   267   774 I rc_service: count 327207 cpuc 8 irqno 69 paused? 0 cnt1 324931 cnt2 327130   song-gpio  61 Edge      mlx90393-irq
10-16 14:59:40.645   267   774 I rc_service: count 325007 cpuc 8 irqno 71 paused? 0 cnt1 324931 cnt2 327207   song-gpio  59 Edge      mlx90393-irq
10-16 14:59:40.759   290   320 E BoardControl: Unable to create sockfd: Connection refused
10-16 14:59:41.259   290   320 E BoardControl: Unable to create sockfd: Connection refused
10-16 14:59:41.648   267   774 I rc_service: count 327284 cpuc 8 irqno 69 paused? 0 cnt1 325007 cnt2 327207   song-gpio  61 Edge      mlx90393-irq
10-16 14:59:41.648   267   774 I rc_service: count 325084 cpuc 8 irqno 71 paused? 0 cnt1 325007 cnt2 327284   song-gpio  59 Edge      mlx90393-irq
10-16 14:59:41.759   290   320 E BoardControl: Unable to create sockfd: Connection refused
10-16 14:59:41.887  1580  1608 V RadioStatService: Sending String: QGCCLBRSTATE Bytes: [0, 0, 0, 12, 81, 71, 67, 67, 76, 66, 82, 83, 84, 65, 84, 69]
10-16 14:59:42.259   290   320 E BoardControl: Unable to create sockfd: Connection refused
10-16 14:59:42.651   267   774 I rc_service: count 327361 cpuc 8 irqno 69 paused? 0 cnt1 325084 cnt2 327284   song-gpio  61 Edge      mlx90393-irq
10-16 14:59:42.651   267   774 I rc_service: count 325160 cpuc 8 irqno 71 paused? 0 cnt1 325084 cnt2 327361   song-gpio  59 Edge      mlx90393-irq
10-16 14:59:42.760   290   320 D BoardControl: thermal sensor temperature max 60°C, report 56°C
10-16 14:59:42.787   290   320 E BoardControl: Unable to create sockfd: Connection refused
10-16 14:59:43.259   290   320 E BoardControl: Unable to create sockfd: Connection refused
10-16 14:59:43.655   267   774 I rc_service: count 327439 cpuc 8 irqno 69 paused? 0 cnt1 325160 cnt2 327361   song-gpio  61 Edge      mlx90393-irq
10-16 14:59:43.655   267   774 I rc_service: count 325237 cpuc 8 irqno 71 paused? 0 cnt1 325160 cnt2 327439   song-gpio  59 Edge      mlx90393-irq
10-16 14:59:43.759   290   320 E BoardControl: Unable to create sockfd: Connection refused
10-16 14:59:44.259   290   320 E BoardControl: Unable to create sockfd: Connection refused
10-16 14:59:44.658   267   774 I rc_service: count 327516 cpuc 8 irqno 69 paused? 0 cnt1 325237 cnt2 327439   song-gpio  61 Edge      mlx90393-irq
10-16 14:59:44.658   267   774 I rc_service: count 325314 cpuc 8 irqno 71 paused? 0 cnt1 325237 cnt2 327516   song-gpio  59 Edge      mlx90393-irq
10-16 14:59:44.759   290   320 E BoardControl: Unable to create sockfd: Connection refused
10-16 14:59:45.259   290   320 E BoardControl: Unable to create sockfd: Connection refused
10-16 14:59:45.661   267   774 I rc_service: count 327593 cpuc 8 irqno 69 paused? 0 cnt1 325314 cnt2 327516   song-gpio  61 Edge      mlx90393-irq
10-16 14:59:45.661   267   774 I rc_service: count 325390 cpuc 8 irqno 71 paused? 0 cnt1 325314 cnt2 327593   song-gpio  59 Edge      mlx90393-irq
10-16 14:59:45.759   290   320 E BoardControl: Unable to create sockfd: Connection refused
10-16 14:59:46.178   289   289 I mavlink-router: Endpoint board_endpoint[2] IN: 74 (1 KB), OUT: 3336 (83 KB) CRC error: 0 0% 0KBytes Sequence lost: 0 0% Handled: 74 1KBytes
10-16 14:59:46.178   289   289 I mavlink-router: Endpoint uav[1] IN: 125109 (4002 KB), OUT: 6114 (125 KB) CRC error: 0 0% 0KBytes Sequence lost: 1713924 93% Handled: 125109 4098KBytes
10-16 14:59:46.178   289   289 I mavlink-router: Endpoint qgc_gcs[2] IN: 1799 (36 KB), OUT: 129056 (4082 KB) CRC error: 0 0% 0KBytes Sequence lost: 9159 83% Handled: 1799 37KBytes
10-16 14:59:46.178   289   289 I mavlink-router: Endpoint gcs2[2] IN: 0 (0 KB), OUT: 129328 (4088 KB) CRC error: 0 0% 0KBytes Sequence lost: 0 0% Handled: 0 0KBytes
10-16 14:59:46.178   289   289 I mavlink-router: Endpoint gcs3[3] IN: 4241 (86 KB), OUT: 126927 (4039 KB) CRC error: 0 0% 0KBytes Sequence lost: 0 0% Handled: 4241 89KBytes
10-16 14:59:46.178   289   289 I mavlink-router: Endpoint gcs4[4] IN: 0 (0 KB), OUT: 131143 (4125 KB) CRC error: 0 0% 0KBytes Sequence lost: 0 0% Handled: 0 0KBytes
10-16 14:59:46.259   290   320 E BoardControl: Unable to create sockfd: Connection refused
10-16 14:59:46.263   855   855 I PowerUI : temperature stats: 566,385,-990,-990,420
10-16 14:59:46.625  3762  7282 W QGroundControl: No Internet Access
10-16 14:59:46.664   267   774 I rc_service: count 327670 cpuc 8 irqno 69 paused? 0 cnt1 325390 cnt2 327593   song-gpio  61 Edge      mlx90393-irq
10-16 14:59:46.664   267   774 I rc_service: count 325467 cpuc 8 irqno 71 paused? 0 cnt1 325390 cnt2 327670   song-gpio  59 Edge      mlx90393-irq
10-16 14:59:46.759   290   320 E BoardControl: Unable to create sockfd: Connection refused
10-16 14:59:47.155   266   266 I usbethx : change@/devices/platform/soc/fa896000.i2c/i2c-1/1-0063/power_supply/battery
10-16 14:59:47.155   266   266 I usbethx : ACTION=change
10-16 14:59:47.156   266   266 I usbethx : DEVPATH=/devices/platform/soc/fa896000.i2c/i2c-1/1-0063/power_supply/battery
10-16 14:59:47.156   266   266 I usbethx : SUBSYSTEM=power_supply
10-16 14:59:47.156   266   266 I usbethx : POWER_SUPPLY_NAME=battery
10-16 14:59:47.156   266   266 I usbethx : POWER_SUPPLY_CAPACITY=84
10-16 14:59:47.156   266   266 I usbethx : POWER_SUPPLY_STATUS=Charging
10-16 14:59:47.156   266   266 I usbethx : POWER_SUPPLY_HEALTH=Good
10-16 14:59:47.156   266   266 I usbethx : POWER_SUPPLY_PRESENT=1
10-16 14:59:47.156   266   266 I usbethx : POWER_SUPPLY_VOLTAGE_NOW=3972000
10-16 14:59:47.156   266   266 I usbethx : POWER_SUPPLY_TECHNOLOGY=Li-ion
10-16 14:59:47.156   266   266 I usbethx : POWER_SUPPLY_TEMP=385
10-16 14:59:47.156   266   266 I usbethx : POWER_SUPPLY_CHARGE_FULL_DESIGN=5000
10-16 14:59:47.156   266   266 I usbethx : POWER_SUPPLY_TYPE=Battery
10-16 14:59:47.156   266   266 I usbethx : SEQNUM=2104
10-16 14:59:47.165   742   760 E BatteryStatsService: power: Missing API
10-16 14:59:47.182   742   760 E BatteryStatsService: no controller energy info supplied
10-16 14:59:47.196   742   760 E BatteryStatsService: modem info is invalid: ModemActivityInfo{ mTimestamp=0 mSleepTimeMs=0 mIdleTimeMs=0 mTxTimeMs[]=[0, 0, 0, 0, 0] mRxTimeMs=0 mEnergyUsed=0}
10-16 14:59:47.207   855   855 I KeyguardIndication: voltage is 5400000
10-16 14:59:47.259   290   320 E BoardControl: Unable to create sockfd: Connection refused
10-16 14:59:47.623  3762  7282 W QGroundControl: No Internet Access
10-16 14:59:47.663   267   267 I rc_service: type=1400 audit(0.0:156): avc: denied { read } for name="interrupts" dev="proc" ino=4026532050 scontext=u:r:rc_service:s0 tcontext=u:object_r:proc:s0 tclass=file permissive=1
10-16 14:59:47.663   267   267 I rc_service: type=1400 audit(0.0:157): avc: denied { open } for path="/proc/interrupts" dev="proc" ino=4026532050 scontext=u:r:rc_service:s0 tcontext=u:object_r:proc:s0 tclass=file permissive=1
10-16 14:59:47.663   267   267 I rc_service: type=1400 audit(0.0:158): avc: denied { getattr } for path="/proc/interrupts" dev="proc" ino=4026532050 scontext=u:r:rc_service:s0 tcontext=u:object_r:proc:s0 tclass=file permissive=1
10-16 14:59:47.667   267   774 I rc_service: count 327747 cpuc 8 irqno 69 paused? 0 cnt1 325467 cnt2 327670   song-gpio  61 Edge      mlx90393-irq
10-16 14:59:47.667   267   774 I rc_service: count 325543 cpuc 8 irqno 71 paused? 0 cnt1 325467 cnt2 327747   song-gpio  59 Edge      mlx90393-irq
10-16 14:59:47.761   290   320 D BoardControl: thermal sensor temperature max 61°C, report 57°C
10-16 14:59:47.761   290   320 D BoardControl: cpu temperature changed to 57°C
10-16 14:59:47.789   290   320 E BoardControl: Unable to create sockfd: Connection refused
10-16 14:59:48.259   290   320 E BoardControl: Unable to create sockfd: Connection refused
10-16 14:59:48.669   267   774 I rc_service: count 327824 cpuc 8 irqno 69 paused? 0 cnt1 325543 cnt2 327747   song-gpio  61 Edge      mlx90393-irq
10-16 14:59:48.670   267   774 I rc_service: count 325620 cpuc 8 irqno 71 paused? 0 cnt1 325543 cnt2 327824   song-gpio  59 Edge      mlx90393-irq
10-16 14:59:48.759   290   320 E BoardControl: Unable to create sockfd: Connection refused
10-16 14:59:49.259   290   320 E BoardControl: Unable to create sockfd: Connection refused
10-16 14:59:49.673   267   774 I rc_service: count 327901 cpuc 8 irqno 69 paused? 0 cnt1 325620 cnt2 327824   song-gpio  61 Edge      mlx90393-irq
10-16 14:59:49.673   267   774 I rc_service: count 325697 cpuc 8 irqno 71 paused? 0 cnt1 325620 cnt2 327901   song-gpio  59 Edge      mlx90393-irq
10-16 14:59:49.759   290   320 E BoardControl: Unable to create sockfd: Connection refused
10-16 14:59:50.208   855   855 I KeyguardIndication: voltage is 5400000
10-16 14:59:50.259   290   320 E BoardControl: Unable to create sockfd: Connection refused
10-16 14:59:50.676   267   774 I rc_service: count 327978 cpuc 8 irqno 69 paused? 0 cnt1 325697 cnt2 327901   song-gpio  61 Edge      mlx90393-irq
10-16 14:59:50.677   267   774 I rc_service: count 325773 cpuc 8 irqno 71 paused? 0 cnt1 325697 cnt2 327978   song-gpio  59 Edge      mlx90393-irq
10-16 14:59:50.759   290   320 E BoardControl: Unable to create sockfd: Connection refused
10-16 14:59:51.259   290   320 E BoardControl: Unable to create sockfd: Connection refused
10-16 14:59:51.679   267   774 I rc_service: count 328055 cpuc 8 irqno 69 paused? 0 cnt1 325773 cnt2 327978   song-gpio  61 Edge      mlx90393-irq
10-16 14:59:51.680   267   774 I rc_service: count 325850 cpuc 8 irqno 71 paused? 0 cnt1 325773 cnt2 328055   song-gpio  59 Edge      mlx90393-irq
10-16 14:59:51.759   290   320 E BoardControl: Unable to create sockfd: Connection refused
10-16 14:59:51.907  1580  1608 V RadioStatService: Sending String: QGCCLBRSTATE Bytes: [0, 0, 0, 12, 81, 71, 67, 67, 76, 66, 82, 83, 84, 65, 84, 69]
10-16 14:59:52.259   290   320 E BoardControl: Unable to create sockfd: Connection refused
10-16 14:59:52.682   267   774 I rc_service: count 328132 cpuc 8 irqno 69 paused? 0 cnt1 325850 cnt2 328055   song-gpio  61 Edge      mlx90393-irq
10-16 14:59:52.683   267   774 I rc_service: count 325926 cpuc 8 irqno 71 paused? 0 cnt1 325850 cnt2 328132   song-gpio  59 Edge      mlx90393-irq
10-16 14:59:52.759   290   320 D BoardControl: thermal sensor temperature max 61°C, report 56°C
10-16 14:59:52.795   290   320 E BoardControl: Unable to create sockfd: Connection refused
10-16 14:59:53.259   290   320 E BoardControl: Unable to create sockfd: Connection refused
10-16 14:59:53.686   267   774 I rc_service: count 328209 cpuc 8 irqno 69 paused? 0 cnt1 325926 cnt2 328132   song-gpio  61 Edge      mlx90393-irq
10-16 14:59:53.686   267   774 I rc_service: count 326003 cpuc 8 irqno 71 paused? 0 cnt1 325926 cnt2 328209   song-gpio  59 Edge      mlx90393-irq
10-16 14:59:53.760   290   320 E BoardControl: Unable to create sockfd: Connection refused
10-16 14:59:54.260   290   320 E BoardControl: Unable to create sockfd: Connection refused
10-16 14:59:54.689   267   774 I rc_service: count 328286 cpuc 8 irqno 69 paused? 0 cnt1 326003 cnt2 328209   song-gpio  61 Edge      mlx90393-irq
10-16 14:59:54.689   267   774 I rc_service: count 326080 cpuc 8 irqno 71 paused? 0 cnt1 326003 cnt2 328286   song-gpio  59 Edge      mlx90393-irq
10-16 14:59:54.760   290   320 E BoardControl: Unable to create sockfd: Connection refused
10-16 14:59:55.259   290   320 E BoardControl: Unable to create sockfd: Connection refused
10-16 14:59:55.692   267   774 I rc_service: count 328364 cpuc 8 irqno 69 paused? 0 cnt1 326080 cnt2 328286   song-gpio  61 Edge      mlx90393-irq
10-16 14:59:55.692   267   774 I rc_service: count 326156 cpuc 8 irqno 71 paused? 0 cnt1 326080 cnt2 328364   song-gpio  59 Edge      mlx90393-irq
10-16 14:59:55.759   290   320 E BoardControl: Unable to create sockfd: Connection refused
10-16 14:59:56.177   289   289 I mavlink-router: Endpoint board_endpoint[2] IN: 74 (1 KB), OUT: 3336 (83 KB) CRC error: 0 0% 0KBytes Sequence lost: 0 0% Handled: 74 1KBytes
10-16 14:59:56.178   289   289 I mavlink-router: Endpoint uav[1] IN: 125109 (4002 KB), OUT: 6134 (126 KB) CRC error: 0 0% 0KBytes Sequence lost: 1713924 93% Handled: 125109 4098KBytes
10-16 14:59:56.178   289   289 I mavlink-router: Endpoint qgc_gcs[2] IN: 1809 (37 KB), OUT: 129066 (4082 KB) CRC error: 0 0% 0KBytes Sequence lost: 9159 83% Handled: 1809 37KBytes
10-16 14:59:56.178   289   289 I mavlink-router: Endpoint gcs2[2] IN: 0 (0 KB), OUT: 129338 (4088 KB) CRC error: 0 0% 0KBytes Sequence lost: 0 0% Handled: 0 0KBytes
10-16 14:59:56.178   289   289 I mavlink-router: Endpoint gcs3[3] IN: 4251 (87 KB), OUT: 126937 (4039 KB) CRC error: 0 0% 0KBytes Sequence lost: 0 0% Handled: 4251 89KBytes
10-16 14:59:56.178   289   289 I mavlink-router: Endpoint gcs4[4] IN: 0 (0 KB), OUT: 131163 (4126 KB) CRC error: 0 0% 0KBytes Sequence lost: 0 0% Handled: 0 0KBytes
10-16 14:59:56.259   290   320 E BoardControl: Unable to create sockfd: Connection refused
10-16 14:59:56.696   267   774 I rc_service: count 328441 cpuc 8 irqno 69 paused? 0 cnt1 326156 cnt2 328364   song-gpio  61 Edge      mlx90393-irq
10-16 14:59:56.696   267   774 I rc_service: count 326233 cpuc 8 irqno 71 paused? 0 cnt1 326156 cnt2 328441   song-gpio  59 Edge      mlx90393-irq
10-16 14:59:56.759   290   320 E BoardControl: Unable to create sockfd: Connection refused
10-16 14:59:57.259   290   320 E BoardControl: Unable to create sockfd: Connection refused
10-16 14:59:57.699   267   774 I rc_service: count 328517 cpuc 8 irqno 69 paused? 0 cnt1 326233 cnt2 328441   song-gpio  61 Edge      mlx90393-irq
10-16 14:59:57.699   267   774 I rc_service: count 326309 cpuc 8 irqno 71 paused? 0 cnt1 326233 cnt2 328517   song-gpio  59 Edge      mlx90393-irq
10-16 14:59:57.760   290   320 D BoardControl: thermal sensor temperature max 61°C, report 56°C
10-16 14:59:57.761   290   320 D BoardControl: cpu temperature changed to 56°C
10-16 14:59:57.786   290   320 E BoardControl: Unable to create sockfd: Connection refused
10-16 14:59:58.259   290   320 E BoardControl: Unable to create sockfd: Connection refused
10-16 14:59:58.703   267   774 I rc_service: count 328594 cpuc 8 irqno 69 paused? 0 cnt1 326309 cnt2 328517   song-gpio  61 Edge      mlx90393-irq
10-16 14:59:58.703   267   774 I rc_service: count 326386 cpuc 8 irqno 71 paused? 0 cnt1 326309 cnt2 328594   song-gpio  59 Edge      mlx90393-irq
10-16 14:59:58.759   290   320 E BoardControl: Unable to create sockfd: Connection refused
10-16 14:59:59.259   290   320 E BoardControl: Unable to create sockfd: Connection refused
10-16 14:59:59.706   267   774 I rc_service: count 328671 cpuc 8 irqno 69 paused? 0 cnt1 326386 cnt2 328594   song-gpio  61 Edge      mlx90393-irq
10-16 14:59:59.706   267   774 I rc_service: count 326462 cpuc 8 irqno 71 paused? 0 cnt1 326386 cnt2 328671   song-gpio  59 Edge      mlx90393-irq
10-16 14:59:59.759   290   320 E BoardControl: Unable to create sockfd: Connection refused
10-16 15:00:00.259   290   320 E BoardControl: Unable to create sockfd: Connection refused
10-16 15:00:00.709   267   774 I rc_service: count 328748 cpuc 8 irqno 69 paused? 0 cnt1 326462 cnt2 328671   song-gpio  61 Edge      mlx90393-irq
10-16 15:00:00.709   267   774 I rc_service: count 326539 cpuc 8 irqno 71 paused? 0 cnt1 326462 cnt2 328748   song-gpio  59 Edge      mlx90393-irq
10-16 15:00:00.760   290   320 E BoardControl: Unable to create sockfd: Connection refused
10-16 15:00:01.259   290   320 E BoardControl: Unable to create sockfd: Connection refused
10-16 15:00:01.712   267   774 I rc_service: count 328825 cpuc 8 irqno 69 paused? 0 cnt1 326539 cnt2 328748   song-gpio  61 Edge      mlx90393-irq
10-16 15:00:01.712   267   774 I rc_service: count 326616 cpuc 8 irqno 71 paused? 0 cnt1 326539 cnt2 328825   song-gpio  59 Edge      mlx90393-irq
10-16 15:00:01.759   290   320 E BoardControl: Unable to create sockfd: Connection refused
10-16 15:00:01.925  1580  1608 V RadioStatService: Sending String: QGCCLBRSTATE Bytes: [0, 0, 0, 12, 81, 71, 67, 67, 76, 66, 82, 83, 84, 65, 84, 69]
10-16 15:00:02.259   290   320 E BoardControl: Unable to create sockfd: Connection refused
10-16 15:00:02.715   267   774 I rc_service: count 328902 cpuc 8 irqno 69 paused? 0 cnt1 326616 cnt2 328825   song-gpio  61 Edge      mlx90393-irq
10-16 15:00:02.715   267   774 I rc_service: count 326692 cpuc 8 irqno 71 paused? 0 cnt1 326616 cnt2 328902   song-gpio  59 Edge      mlx90393-irq
10-16 15:00:02.760   290   320 D BoardControl: thermal sensor temperature max 61°C, report 57°C
10-16 15:00:02.788   290   320 E BoardControl: Unable to create sockfd: Connection refused
10-16 15:00:03.259   290   320 E BoardControl: Unable to create sockfd: Connection refused
10-16 15:00:03.717   267   774 I rc_service: count 328979 cpuc 8 irqno 69 paused? 0 cnt1 326692 cnt2 328902   song-gpio  61 Edge      mlx90393-irq
10-16 15:00:03.717   267   774 I rc_service: count 326769 cpuc 8 irqno 71 paused? 0 cnt1 326692 cnt2 328979   song-gpio  59 Edge      mlx90393-irq
10-16 15:00:03.759   290   320 E BoardControl: Unable to create sockfd: Connection refused
10-16 15:00:04.259   290   320 E BoardControl: Unable to create sockfd: Connection refused
10-16 15:00:04.720   267   774 I rc_service: count 329057 cpuc 8 irqno 69 paused? 0 cnt1 326769 cnt2 328979   song-gpio  61 Edge      mlx90393-irq
10-16 15:00:04.721   267   774 I rc_service: count 326845 cpuc 8 irqno 71 paused? 0 cnt1 326769 cnt2 329057   song-gpio  59 Edge      mlx90393-irq
10-16 15:00:04.761   290   320 E BoardControl: Unable to create sockfd: Connection refused
10-16 15:00:05.259   290   320 E BoardControl: Unable to create sockfd: Connection refused
10-16 15:00:05.724   267   774 I rc_service: count 329134 cpuc 8 irqno 69 paused? 0 cnt1 326845 cnt2 329057   song-gpio  61 Edge      mlx90393-irq
10-16 15:00:05.724   267   774 I rc_service: count 326922 cpuc 8 irqno 71 paused? 0 cnt1 326845 cnt2 329134   song-gpio  59 Edge      mlx90393-irq
10-16 15:00:05.759   290   320 E BoardControl: Unable to create sockfd: Connection refused
10-16 15:00:06.177   289   289 I mavlink-router: Endpoint board_endpoint[2] IN: 74 (1 KB), OUT: 3336 (83 KB) CRC error: 0 0% 0KBytes Sequence lost: 0 0% Handled: 74 1KBytes
10-16 15:00:06.178   289   289 I mavlink-router: Endpoint uav[1] IN: 125109 (4002 KB), OUT: 6154 (126 KB) CRC error: 0 0% 0KBytes Sequence lost: 1713924 93% Handled: 125109 4098KBytes
10-16 15:00:06.178   289   289 I mavlink-router: Endpoint qgc_gcs[2] IN: 1819 (37 KB), OUT: 129076 (4082 KB) CRC error: 0 0% 0KBytes Sequence lost: 9159 83% Handled: 1819 38KBytes
10-16 15:00:06.178   289   289 I mavlink-router: Endpoint gcs2[2] IN: 0 (0 KB), OUT: 129348 (4088 KB) CRC error: 0 0% 0KBytes Sequence lost: 0 0% Handled: 0 0KBytes
10-16 15:00:06.178   289   289 I mavlink-router: Endpoint gcs3[3] IN: 4261 (87 KB), OUT: 126947 (4040 KB) CRC error: 0 0% 0KBytes Sequence lost: 0 0% Handled: 4261 89KBytes
10-16 15:00:06.178   289   289 I mavlink-router: Endpoint gcs4[4] IN: 0 (0 KB), OUT: 131183 (4126 KB) CRC error: 0 0% 0KBytes Sequence lost: 0 0% Handled: 0 0KBytes
10-16 15:00:06.259   290   320 E BoardControl: Unable to create sockfd: Connection refused
10-16 15:00:06.727   267   774 I rc_service: count 329211 cpuc 8 irqno 69 paused? 0 cnt1 326922 cnt2 329134   song-gpio  61 Edge      mlx90393-irq
10-16 15:00:06.727   267   774 I rc_service: count 326998 cpuc 8 irqno 71 paused? 0 cnt1 326922 cnt2 329211   song-gpio  59 Edge      mlx90393-irq
10-16 15:00:06.759   290   320 E BoardControl: Unable to create sockfd: Connection refused
10-16 15:00:07.259   290   320 E BoardControl: Unable to create sockfd: Connection refused
10-16 15:00:07.730   267   774 I rc_service: count 329288 cpuc 8 irqno 69 paused? 0 cnt1 326998 cnt2 329211   song-gpio  61 Edge      mlx90393-irq
10-16 15:00:07.730   267   774 I rc_service: count 327075 cpuc 8 irqno 71 paused? 0 cnt1 326998 cnt2 329288   song-gpio  59 Edge      mlx90393-irq
10-16 15:00:07.761   290   320 D BoardControl: thermal sensor temperature max 60°C, report 56°C
10-16 15:00:07.790   290   320 E BoardControl: Unable to create sockfd: Connection refused
10-16 15:00:08.259   290   320 E BoardControl: Unable to create sockfd: Connection refused
10-16 15:00:08.733   267   774 I rc_service: count 329365 cpuc 8 irqno 69 paused? 0 cnt1 327075 cnt2 329288   song-gpio  61 Edge      mlx90393-irq
10-16 15:00:08.733   267   774 I rc_service: count 327152 cpuc 8 irqno 71 paused? 0 cnt1 327075 cnt2 329365   song-gpio  59 Edge      mlx90393-irq
10-16 15:00:08.760   290   320 E BoardControl: Unable to create sockfd: Connection refused
10-16 15:00:09.259   290   320 E BoardControl: Unable to create sockfd: Connection refused
10-16 15:00:09.736   267   774 I rc_service: count 329442 cpuc 8 irqno 69 paused? 0 cnt1 327152 cnt2 329365   song-gpio  61 Edge      mlx90393-irq
10-16 15:00:09.736   267   774 I rc_service: count 327228 cpuc 8 irqno 71 paused? 0 cnt1 327152 cnt2 329442   song-gpio  59 Edge      mlx90393-irq
10-16 15:00:09.759   290   320 E BoardControl: Unable to create sockfd: Connection refused
10-16 15:00:10.260   290   320 E BoardControl: Unable to create sockfd: Connection refused
10-16 15:00:10.740   267   774 I rc_service: count 329519 cpuc 8 irqno 69 paused? 0 cnt1 327228 cnt2 329442   song-gpio  61 Edge      mlx90393-irq
10-16 15:00:10.741   267   774 I rc_service: count 327304 cpuc 8 irqno 71 paused? 0 cnt1 327228 cnt2 329519   song-gpio  59 Edge      mlx90393-irq
10-16 15:00:10.759   290   320 E BoardControl: Unable to create sockfd: Connection refused
10-16 15:00:11.259   290   320 E BoardControl: Unable to create sockfd: Connection refused
