10-16 14:50:52.449   290   320 D BoardControl: received air temperature cpu: 0°C pa: 10°C
10-16 14:50:52.760   290   320 D BoardControl: thermal sensor temperature max 65°C, report 60°C
10-16 14:50:52.773   290   320 E BoardControl: Unable to create sockfd: Connection refused
10-16 14:50:52.931   267   774 I rc_service: count 286667 cpuc 8 irqno 69 paused? 0 cnt1 284658 cnt2 286590   song-gpio  61 Edge      mlx90393-irq
10-16 14:50:52.931   267   774 I rc_service: count 284734 cpuc 8 irqno 71 paused? 0 cnt1 284658 cnt2 286667   song-gpio  59 Edge      mlx90393-irq
10-16 14:50:52.997   290   320 D BoardControl: received air temperature cpu: 0°C pa: 10°C
10-16 14:50:53.079   290   320 D BoardControl: received air temperature cpu: 46°C pa: 42°C
10-16 14:50:53.260   290   320 E BoardControl: Unable to create sockfd: Connection refused
10-16 14:50:53.452   290   320 D BoardControl: received air temperature cpu: 0°C pa: 10°C
10-16 14:50:53.760   290   320 E BoardControl: Unable to create sockfd: Connection refused
10-16 14:50:53.935   267   774 I rc_service: count 286745 cpuc 8 irqno 69 paused? 0 cnt1 284734 cnt2 286667   song-gpio  61 Edge      mlx90393-irq
10-16 14:50:53.935   267   774 I rc_service: count 284811 cpuc 8 irqno 71 paused? 0 cnt1 284734 cnt2 286745   song-gpio  59 Edge      mlx90393-irq
10-16 14:50:54.002   290   320 D BoardControl: received air temperature cpu: 0°C pa: 10°C
10-16 14:50:54.259   290   320 E BoardControl: Unable to create sockfd: Connection refused
10-16 14:50:54.450   290   320 D BoardControl: received air temperature cpu: 0°C pa: 10°C
10-16 14:50:54.491   289   289 W mavlink-router: [qgc_gcs] writing may block mainloop: [4ms]
10-16 14:50:54.759   290   320 E BoardControl: Unable to create sockfd: Connection refused
10-16 14:50:54.937   267   774 I rc_service: count 286822 cpuc 8 irqno 69 paused? 0 cnt1 284811 cnt2 286745   song-gpio  61 Edge      mlx90393-irq
10-16 14:50:54.937   267   774 I rc_service: count 284887 cpuc 8 irqno 71 paused? 0 cnt1 284811 cnt2 286822   song-gpio  59 Edge      mlx90393-irq
10-16 14:50:54.992   290   320 D BoardControl: received air temperature cpu: 0°C pa: 10°C
10-16 14:50:55.260   290   320 E BoardControl: Unable to create sockfd: Connection refused
10-16 14:50:55.450   290   320 D BoardControl: received air temperature cpu: 0°C pa: 10°C
10-16 14:50:55.715   289   289 W mavlink-router: [gcs2] writing may block mainloop: [6ms]
10-16 14:50:55.759   290   320 E BoardControl: Unable to create sockfd: Connection refused
10-16 14:50:55.941   267   774 I rc_service: count 286899 cpuc 8 irqno 69 paused? 0 cnt1 284887 cnt2 286822   song-gpio  61 Edge      mlx90393-irq
10-16 14:50:55.941   267   774 I rc_service: count 284964 cpuc 8 irqno 71 paused? 0 cnt1 284887 cnt2 286899   song-gpio  59 Edge      mlx90393-irq
10-16 14:50:55.989   290   320 D BoardControl: received air temperature cpu: 0°C pa: 10°C
10-16 14:50:56.177   289   289 I mavlink-router: Endpoint board_endpoint[2] IN: 71 (1 KB), OUT: 3095 (77 KB) CRC error: 0 0% 0KBytes Sequence lost: 0 0% Handled: 71 1KBytes
10-16 14:50:56.178   289   289 I mavlink-router: Endpoint uav[1] IN: 115560 (3691 KB), OUT: 5053 (103 KB) CRC error: 0 0% 0KBytes Sequence lost: 1623292 93% Handled: 115560 3780KBytes
10-16 14:50:56.178   289   289 I mavlink-router: Endpoint qgc_gcs[2] IN: 1269 (26 KB), OUT: 118993 (3761 KB) CRC error: 0 0% 0KBytes Sequence lost: 8954 87% Handled: 1269 26KBytes
10-16 14:50:56.178   289   289 I mavlink-router: Endpoint gcs2[2] IN: 0 (0 KB), OUT: 119251 (3767 KB) CRC error: 0 0% 0KBytes Sequence lost: 0 0% Handled: 0 0KBytes
10-16 14:50:56.178   289   289 I mavlink-router: Endpoint gcs3[3] IN: 3713 (76 KB), OUT: 116845 (3718 KB) CRC error: 0 0% 0KBytes Sequence lost: 0 0% Handled: 3713 77KBytes
10-16 14:50:56.178   289   289 I mavlink-router: Endpoint gcs4[4] IN: 0 (0 KB), OUT: 120533 (3793 KB) CRC error: 0 0% 0KBytes Sequence lost: 0 0% Handled: 0 0KBytes
10-16 14:50:56.229   289   289 W mavlink-router: [gcs2] writing may block mainloop: [7ms]
10-16 14:50:56.237   289   289 W mavlink-router: [gcs2] writing may block mainloop: [4ms]
10-16 14:50:56.259   290   320 E BoardControl: Unable to create sockfd: Connection refused
10-16 14:50:56.449   290   320 D BoardControl: received air temperature cpu: 0°C pa: 10°C
10-16 14:50:56.759   290   320 E BoardControl: Unable to create sockfd: Connection refused
10-16 14:50:56.944   267   774 I rc_service: count 286976 cpuc 8 irqno 69 paused? 0 cnt1 284964 cnt2 286899   song-gpio  61 Edge      mlx90393-irq
10-16 14:50:56.944   267   774 I rc_service: count 285041 cpuc 8 irqno 71 paused? 0 cnt1 284964 cnt2 286976   song-gpio  59 Edge      mlx90393-irq
10-16 14:50:56.989   290   320 D BoardControl: received air temperature cpu: 0°C pa: 10°C
10-16 14:50:57.259   290   320 E BoardControl: Unable to create sockfd: Connection refused
10-16 14:50:57.448   290   320 D BoardControl: received air temperature cpu: 0°C pa: 10°C
10-16 14:50:57.578   289   289 W mavlink-router: [gcs2] writing may block mainloop: [4ms]
10-16 14:50:57.760   290   320 D BoardControl: thermal sensor temperature max 65°C, report 60°C
10-16 14:50:57.793   290   320 E BoardControl: Unable to create sockfd: Connection refused
10-16 14:50:57.946   267   774 I rc_service: count 287053 cpuc 8 irqno 69 paused? 0 cnt1 285041 cnt2 286976   song-gpio  61 Edge      mlx90393-irq
10-16 14:50:57.946   267   774 I rc_service: count 285117 cpuc 8 irqno 71 paused? 0 cnt1 285041 cnt2 287053   song-gpio  59 Edge      mlx90393-irq
10-16 14:50:57.997   290   320 D BoardControl: received air temperature cpu: 0°C pa: 10°C
10-16 14:50:58.046   289   289 W mavlink-router: [gcs2] writing may block mainloop: [6ms]
10-16 14:50:58.061   289   289 W mavlink-router: [qgc_gcs] writing may block mainloop: [9ms]
10-16 14:50:58.078   290   320 D BoardControl: received air temperature cpu: 46°C pa: 42°C
10-16 14:50:58.259   290   320 E BoardControl: Unable to create sockfd: Connection refused
10-16 14:50:58.449   290   320 D BoardControl: received air temperature cpu: 0°C pa: 10°C
10-16 14:50:58.685  3762  3856 E QGroundControl: Could not open resource for reading.
10-16 14:50:58.686  3762  3856 E QGroundControl: Not found
10-16 14:50:58.711  3762  3777 E QGroundControl: Error stopping pipeline!
10-16 14:50:58.759   290   320 E BoardControl: Unable to create sockfd: Connection refused
10-16 14:50:58.857   281   361 I MediaPlayerService: MediaPlayerService::getOMX
10-16 14:50:58.859  3762  6793 I OMXClient: MuxOMX ctor
10-16 14:50:58.862   276   344 I OMXMaster: makeComponentInstance(OMX.ARM.video.v5xx.decoder) in mediacodec process
10-16 14:50:58.948   267   774 I rc_service: count 287130 cpuc 8 irqno 69 paused? 0 cnt1 285117 cnt2 287053   song-gpio  61 Edge      mlx90393-irq
10-16 14:50:58.949   267   774 I rc_service: count 285193 cpuc 8 irqno 71 paused? 0 cnt1 285117 cnt2 287130   song-gpio  59 Edge      mlx90393-irq
10-16 14:50:58.988   290   320 D BoardControl: received air temperature cpu: 0°C pa: 10°C
10-16 14:50:59.228   289   289 W mavlink-router: [gcs3] writing may block mainloop: [4ms]
10-16 14:50:59.259   290   320 E BoardControl: Unable to create sockfd: Connection refused
10-16 14:50:59.453   290   320 D BoardControl: received air temperature cpu: 0°C pa: 10°C
10-16 14:50:59.588   289   289 W mavlink-router: [gcs4] writing may block mainloop: [4ms]
10-16 14:50:59.759   290   320 E BoardControl: Unable to create sockfd: Connection refused
10-16 14:50:59.954   267   774 I rc_service: count 287207 cpuc 8 irqno 69 paused? 0 cnt1 285193 cnt2 287130   song-gpio  61 Edge      mlx90393-irq
10-16 14:50:59.954   267   774 I rc_service: count 285270 cpuc 8 irqno 71 paused? 0 cnt1 285193 cnt2 287207   song-gpio  59 Edge      mlx90393-irq
10-16 14:50:59.988   290   320 D BoardControl: received air temperature cpu: 0°C pa: 10°C
10-16 14:51:00.006   289   289 W mavlink-router: [qgc_gcs] writing may block mainloop: [4ms]
10-16 14:51:00.262   290   320 E BoardControl: Unable to create sockfd: Connection refused
10-16 14:51:00.449   290   320 D BoardControl: received air temperature cpu: 0°C pa: 10°C
10-16 14:51:00.759   290   320 E BoardControl: Unable to create sockfd: Connection refused
10-16 14:51:00.958   267   774 I rc_service: count 287284 cpuc 8 irqno 69 paused? 0 cnt1 285270 cnt2 287207   song-gpio  61 Edge      mlx90393-irq
10-16 14:51:00.958   267   774 I rc_service: count 285347 cpuc 8 irqno 71 paused? 0 cnt1 285270 cnt2 287284   song-gpio  59 Edge      mlx90393-irq
10-16 14:51:00.987   290   320 D BoardControl: received air temperature cpu: 0°C pa: 10°C
10-16 14:51:01.087  1580  1608 V RadioStatService: Sending String: QGCCLBRSTATE Bytes: [0, 0, 0, 12, 81, 71, 67, 67, 76, 66, 82, 83, 84, 65, 84, 69]
10-16 14:51:01.259   290   320 E BoardControl: Unable to create sockfd: Connection refused
10-16 14:51:01.449   290   320 D BoardControl: received air temperature cpu: 0°C pa: 10°C
10-16 14:51:01.759   290   320 E BoardControl: Unable to create sockfd: Connection refused
10-16 14:51:01.947   289   289 W mavlink-router: [qgc_gcs] writing may block mainloop: [4ms]
10-16 14:51:01.962   267   774 I rc_service: count 287361 cpuc 8 irqno 69 paused? 0 cnt1 285347 cnt2 287284   song-gpio  61 Edge      mlx90393-irq
10-16 14:51:01.962   267   774 I rc_service: count 285423 cpuc 8 irqno 71 paused? 0 cnt1 285347 cnt2 287361   song-gpio  59 Edge      mlx90393-irq
10-16 14:51:01.984   290   320 D BoardControl: received air temperature cpu: 0°C pa: 10°C
10-16 14:51:02.259   290   320 E BoardControl: Unable to create sockfd: Connection refused
10-16 14:51:02.453   290   320 D BoardControl: received air temperature cpu: 0°C pa: 10°C
10-16 14:51:02.759   290   320 D BoardControl: thermal sensor temperature max 65°C, report 61°C
10-16 14:51:02.771   290   320 E BoardControl: Unable to create sockfd: Connection refused
10-16 14:51:02.941   289   289 W mavlink-router: [qgc_gcs] writing may block mainloop: [4ms]
10-16 14:51:02.955   289   289 W mavlink-router: [qgc_gcs] writing may block mainloop: [5ms]
10-16 14:51:02.965   267   774 I rc_service: count 287438 cpuc 8 irqno 69 paused? 0 cnt1 285423 cnt2 287361   song-gpio  61 Edge      mlx90393-irq
10-16 14:51:02.966   267   774 I rc_service: count 285500 cpuc 8 irqno 71 paused? 0 cnt1 285423 cnt2 287438   song-gpio  59 Edge      mlx90393-irq
10-16 14:51:02.984   290   320 D BoardControl: received air temperature cpu: 0°C pa: 10°C
10-16 14:51:03.077   290   320 D BoardControl: received air temperature cpu: 46°C pa: 42°C
10-16 14:51:03.227   289   289 W mavlink-router: [gcs4] writing may block mainloop: [5ms]
10-16 14:51:03.259   290   320 E BoardControl: Unable to create sockfd: Connection refused
10-16 14:51:03.450   290   320 D BoardControl: received air temperature cpu: 0°C pa: 10°C
10-16 14:51:03.478   289   289 W mavlink-router: [gcs2] writing may block mainloop: [4ms]
10-16 14:51:03.551   289   289 W mavlink-router: [qgc_gcs] writing may block mainloop: [4ms]
10-16 14:51:03.563   289   289 W mavlink-router: [gcs4] writing may block mainloop: [4ms]
10-16 14:51:03.759   290   320 E BoardControl: Unable to create sockfd: Connection refused
10-16 14:51:03.923   289   289 W mavlink-router: [qgc_gcs] writing may block mainloop: [4ms]
10-16 14:51:03.968   267   774 I rc_service: count 287516 cpuc 8 irqno 69 paused? 0 cnt1 285500 cnt2 287438   song-gpio  61 Edge      mlx90393-irq
10-16 14:51:03.968   267   774 I rc_service: count 285577 cpuc 8 irqno 71 paused? 0 cnt1 285500 cnt2 287516   song-gpio  59 Edge      mlx90393-irq
10-16 14:51:03.982   290   320 D BoardControl: received air temperature cpu: 0°C pa: 10°C
10-16 14:51:04.259   290   320 E BoardControl: Unable to create sockfd: Connection refused
10-16 14:51:04.449   290   320 D BoardControl: received air temperature cpu: 0°C pa: 10°C
10-16 14:51:04.716   289   289 W mavlink-router: [qgc_gcs] writing may block mainloop: [4ms]
10-16 14:51:04.760   290   320 E BoardControl: Unable to create sockfd: Connection refused
10-16 14:51:04.971   267   774 I rc_service: count 287593 cpuc 8 irqno 69 paused? 0 cnt1 285577 cnt2 287516   song-gpio  61 Edge      mlx90393-irq
10-16 14:51:04.971   267   774 I rc_service: count 285653 cpuc 8 irqno 71 paused? 0 cnt1 285577 cnt2 287593   song-gpio  59 Edge      mlx90393-irq
10-16 14:51:04.982   290   320 D BoardControl: received air temperature cpu: 0°C pa: 10°C
10-16 14:51:05.259   290   320 E BoardControl: Unable to create sockfd: Connection refused
10-16 14:51:05.452   290   320 D BoardControl: received air temperature cpu: 0°C pa: 10°C
10-16 14:51:05.759   290   320 E BoardControl: Unable to create sockfd: Connection refused
10-16 14:51:05.975   267   774 I rc_service: count 287670 cpuc 8 irqno 69 paused? 0 cnt1 285653 cnt2 287593   song-gpio  61 Edge      mlx90393-irq
10-16 14:51:05.975   267   774 I rc_service: count 285730 cpuc 8 irqno 71 paused? 0 cnt1 285653 cnt2 287670   song-gpio  59 Edge      mlx90393-irq
10-16 14:51:05.982   290   320 D BoardControl: received air temperature cpu: 0°C pa: 10°C
10-16 14:51:06.177   289   289 I mavlink-router: Endpoint board_endpoint[2] IN: 71 (1 KB), OUT: 3118 (78 KB) CRC error: 0 0% 0KBytes Sequence lost: 0 0% Handled: 71 1KBytes
10-16 14:51:06.179   289   289 I mavlink-router: Endpoint uav[1] IN: 116485 (3721 KB), OUT: 5073 (104 KB) CRC error: 0 0% 0KBytes Sequence lost: 1632688 93% Handled: 116485 3811KBytes
10-16 14:51:06.179   289   289 I mavlink-router: Endpoint qgc_gcs[2] IN: 1279 (26 KB), OUT: 119927 (3791 KB) CRC error: 0 0% 0KBytes Sequence lost: 8974 87% Handled: 1279 26KBytes
10-16 14:51:06.179   289   289 I mavlink-router: Endpoint gcs2[2] IN: 0 (0 KB), OUT: 120186 (3797 KB) CRC error: 0 0% 0KBytes Sequence lost: 0 0% Handled: 0 0KBytes
10-16 14:51:06.179   289   289 I mavlink-router: Endpoint gcs3[3] IN: 3723 (76 KB), OUT: 117780 (3748 KB) CRC error: 0 0% 0KBytes Sequence lost: 0 0% Handled: 3723 78KBytes
10-16 14:51:06.179   289   289 I mavlink-router: Endpoint gcs4[4] IN: 0 (0 KB), OUT: 121478 (3824 KB) CRC error: 0 0% 0KBytes Sequence lost: 0 0% Handled: 0 0KBytes
10-16 14:51:06.259   290   320 E BoardControl: Unable to create sockfd: Connection refused
10-16 14:51:06.449   290   320 D BoardControl: received air temperature cpu: 0°C pa: 10°C
10-16 14:51:06.759   290   320 E BoardControl: Unable to create sockfd: Connection refused
10-16 14:51:06.978   267   774 I rc_service: count 287747 cpuc 8 irqno 69 paused? 0 cnt1 285730 cnt2 287670   song-gpio  61 Edge      mlx90393-irq
10-16 14:51:06.978   267   774 I rc_service: count 285806 cpuc 8 irqno 71 paused? 0 cnt1 285730 cnt2 287747   song-gpio  59 Edge      mlx90393-irq
10-16 14:51:06.987   290   320 D BoardControl: received air temperature cpu: 0°C pa: 10°C
10-16 14:51:07.235   289   289 W mavlink-router: [qgc_gcs] writing may block mainloop: [4ms]
10-16 14:51:07.259   290   320 E BoardControl: Unable to create sockfd: Connection refused
10-16 14:51:07.452   290   320 D BoardControl: received air temperature cpu: 0°C pa: 10°C
10-16 14:51:07.576   289   289 W mavlink-router: [gcs2] writing may block mainloop: [4ms]
10-16 14:51:07.760   290   320 D BoardControl: thermal sensor temperature max 65°C, report 60°C
10-16 14:51:07.782   290   320 E BoardControl: Unable to create sockfd: Connection refused
10-16 14:51:07.982   290   320 D BoardControl: received air temperature cpu: 0°C pa: 10°C
10-16 14:51:07.982   267   774 I rc_service: count 287824 cpuc 8 irqno 69 paused? 0 cnt1 285806 cnt2 287747   song-gpio  61 Edge      mlx90393-irq
10-16 14:51:07.982   267   774 I rc_service: count 285883 cpuc 8 irqno 71 paused? 0 cnt1 285806 cnt2 287824   song-gpio  59 Edge      mlx90393-irq
10-16 14:51:08.074   290   320 D BoardControl: received air temperature cpu: 46°C pa: 42°C
10-16 14:51:08.259   290   320 E BoardControl: Unable to create sockfd: Connection refused
10-16 14:51:08.453   290   320 D BoardControl: received air temperature cpu: 0°C pa: 10°C
10-16 14:51:08.759   290   320 E BoardControl: Unable to create sockfd: Connection refused
10-16 14:51:08.912   289   289 W mavlink-router: [qgc_gcs] writing may block mainloop: [4ms]
10-16 14:51:08.920   289   289 W mavlink-router: [gcs4] writing may block mainloop: [4ms]
10-16 14:51:08.977   290   320 D BoardControl: received air temperature cpu: 0°C pa: 10°C
10-16 14:51:08.986   267   774 I rc_service: count 287901 cpuc 8 irqno 69 paused? 0 cnt1 285883 cnt2 287824   song-gpio  61 Edge      mlx90393-irq
10-16 14:51:08.986   267   774 I rc_service: count 285959 cpuc 8 irqno 71 paused? 0 cnt1 285883 cnt2 287901   song-gpio  59 Edge      mlx90393-irq
10-16 14:51:09.259   290   320 E BoardControl: Unable to create sockfd: Connection refused
10-16 14:51:09.449   290   320 D BoardControl: received air temperature cpu: 0°C pa: 10°C
10-16 14:51:09.623   289   289 W mavlink-router: [gcs2] writing may block mainloop: [6ms]
10-16 14:51:09.759   290   320 E BoardControl: Unable to create sockfd: Connection refused
10-16 14:51:09.927   289   289 W mavlink-router: [gcs2] writing may block mainloop: [4ms]
10-16 14:51:09.965   289   289 W mavlink-router: [qgc_gcs] writing may block mainloop: [4ms]
10-16 14:51:09.977   290   320 D BoardControl: received air temperature cpu: 0°C pa: 10°C
10-16 14:51:09.989   267   774 I rc_service: count 287978 cpuc 8 irqno 69 paused? 0 cnt1 285959 cnt2 287901   song-gpio  61 Edge      mlx90393-irq
10-16 14:51:09.989   267   774 I rc_service: count 286036 cpuc 8 irqno 71 paused? 0 cnt1 285959 cnt2 287978   song-gpio  59 Edge      mlx90393-irq
10-16 14:51:10.259   290   320 E BoardControl: Unable to create sockfd: Connection refused
10-16 14:51:10.430   289   289 W mavlink-router: [gcs2] writing may block mainloop: [4ms]
10-16 14:51:10.452   290   320 D BoardControl: received air temperature cpu: 0°C pa: 10°C
10-16 14:51:10.512   289   289 W mavlink-router: [gcs4] writing may block mainloop: [4ms]
10-16 14:51:10.547   289   289 W mavlink-router: [gcs2] writing may block mainloop: [4ms]
10-16 14:51:10.759   290   320 E BoardControl: Unable to create sockfd: Connection refused
10-16 14:51:10.978   290   320 D BoardControl: received air temperature cpu: 0°C pa: 10°C
10-16 14:51:10.991   267   774 I rc_service: count 288055 cpuc 8 irqno 69 paused? 0 cnt1 286036 cnt2 287978   song-gpio  61 Edge      mlx90393-irq
10-16 14:51:10.991   267   774 I rc_service: count 286112 cpuc 8 irqno 71 paused? 0 cnt1 286036 cnt2 288055   song-gpio  59 Edge      mlx90393-irq
10-16 14:51:11.008  1580  1608 V RadioStatService: Sending String: QGCCLBRSTATE Bytes: [0, 0, 0, 12, 81, 71, 67, 67, 76, 66, 82, 83, 84, 65, 84, 69]
10-16 14:51:11.232   289   289 W mavlink-router: [gcs2] writing may block mainloop: [7ms]
10-16 14:51:11.259   290   320 E BoardControl: Unable to create sockfd: Connection refused
10-16 14:51:11.453   290   320 D BoardControl: received air temperature cpu: 0°C pa: 10°C
10-16 14:51:11.759   290   320 E BoardControl: Unable to create sockfd: Connection refused
10-16 14:51:11.973   290   320 D BoardControl: received air temperature cpu: 0°C pa: 10°C
10-16 14:51:11.993   267   774 I rc_service: count 288132 cpuc 8 irqno 69 paused? 0 cnt1 286112 cnt2 288055   song-gpio  61 Edge      mlx90393-irq
10-16 14:51:11.993   267   774 I rc_service: count 286189 cpuc 8 irqno 71 paused? 0 cnt1 286112 cnt2 288132   song-gpio  59 Edge      mlx90393-irq
10-16 14:51:12.207   289   289 W mavlink-router: [qgc_gcs] writing may block mainloop: [6ms]
10-16 14:51:12.251   289   289 W mavlink-router: [qgc_gcs] writing may block mainloop: [5ms]
10-16 14:51:12.259   290   320 E BoardControl: Unable to create sockfd: Connection refused
10-16 14:51:12.452   290   320 D BoardControl: received air temperature cpu: 0°C pa: 10°C
10-16 14:51:12.760   290   320 D BoardControl: thermal sensor temperature max 65°C, report 60°C
10-16 14:51:12.787   290   320 E BoardControl: Unable to create sockfd: Connection refused
10-16 14:51:12.977   290   320 D BoardControl: received air temperature cpu: 0°C pa: 10°C
10-16 14:51:12.996   267   774 I rc_service: count 288209 cpuc 8 irqno 69 paused? 0 cnt1 286189 cnt2 288132   song-gpio  61 Edge      mlx90393-irq
10-16 14:51:12.996   267   774 I rc_service: count 286265 cpuc 8 irqno 71 paused? 0 cnt1 286189 cnt2 288209   song-gpio  59 Edge      mlx90393-irq
10-16 14:51:13.075   290   320 D BoardControl: received air temperature cpu: 46°C pa: 42°C
10-16 14:51:13.079   290   320 D BoardControl: response time sync from 1729090272 to 1729090273
10-16 14:51:13.259   290   320 E BoardControl: Unable to create sockfd: Connection refused
10-16 14:51:13.449   290   320 D BoardControl: received air temperature cpu: 0°C pa: 10°C
10-16 14:51:13.488   289   289 W mavlink-router: [qgc_gcs] writing may block mainloop: [6ms]
10-16 14:51:13.759   290   320 E BoardControl: Unable to create sockfd: Connection refused
10-16 14:51:13.979   290   320 D BoardControl: received air temperature cpu: 0°C pa: 10°C
10-16 14:51:14.000   267   774 I rc_service: count 288287 cpuc 8 irqno 69 paused? 0 cnt1 286265 cnt2 288209   song-gpio  61 Edge      mlx90393-irq
10-16 14:51:14.000   267   774 I rc_service: count 286342 cpuc 8 irqno 71 paused? 0 cnt1 286265 cnt2 288287   song-gpio  59 Edge      mlx90393-irq
10-16 14:51:14.005  3762  3856 E QGroundControl: Could not open resource for reading.
10-16 14:51:14.011   289   289 W mavlink-router: [qgc_gcs] writing may block mainloop: [7ms]
10-16 14:51:14.023  3762  3777 E QGroundControl: Error stopping pipeline!
10-16 14:51:14.162   281   361 I MediaPlayerService: MediaPlayerService::getOMX
10-16 14:51:14.165  3762  6829 I OMXClient: MuxOMX ctor
10-16 14:51:14.169   276   344 I OMXMaster: makeComponentInstance(OMX.ARM.video.v5xx.decoder) in mediacodec process
10-16 14:51:14.259   290   320 E BoardControl: Unable to create sockfd: Connection refused
10-16 14:51:14.266   289   289 W mavlink-router: [qgc_gcs] writing may block mainloop: [4ms]
10-16 14:51:14.452   290   320 D BoardControl: received air temperature cpu: 0°C pa: 10°C
10-16 14:51:14.759   290   320 E BoardControl: Unable to create sockfd: Connection refused
10-16 14:51:14.974   290   320 D BoardControl: received air temperature cpu: 0°C pa: 10°C
10-16 14:51:15.002   267   774 I rc_service: count 288364 cpuc 8 irqno 69 paused? 0 cnt1 286342 cnt2 288287   song-gpio  61 Edge      mlx90393-irq
10-16 14:51:15.003   267   774 I rc_service: count 286418 cpuc 8 irqno 71 paused? 0 cnt1 286342 cnt2 288364   song-gpio  59 Edge      mlx90393-irq
10-16 14:51:15.259   290   320 E BoardControl: Unable to create sockfd: Connection refused
10-16 14:51:15.449   290   320 D BoardControl: received air temperature cpu: 0°C pa: 10°C
10-16 14:51:15.494   289   289 W mavlink-router: [gcs2] writing may block mainloop: [4ms]
10-16 14:51:15.759   290   320 E BoardControl: Unable to create sockfd: Connection refused
10-16 14:51:15.978   290   320 D BoardControl: received air temperature cpu: 0°C pa: 10°C
10-16 14:51:16.010   267   774 I rc_service: count 288441 cpuc 8 irqno 69 paused? 0 cnt1 286418 cnt2 288364   song-gpio  61 Edge      mlx90393-irq
10-16 14:51:16.010   267   774 I rc_service: count 286495 cpuc 8 irqno 71 paused? 0 cnt1 286418 cnt2 288441   song-gpio  59 Edge      mlx90393-irq
10-16 14:51:16.059   289   289 W mavlink-router: [gcs4] writing may block mainloop: [7ms]
10-16 14:51:16.178   289   289 I mavlink-router: Endpoint board_endpoint[2] IN: 72 (1 KB), OUT: 3142 (79 KB) CRC error: 0 0% 0KBytes Sequence lost: 0 0% Handled: 72 1KBytes
10-16 14:51:16.178   289   289 I mavlink-router: Endpoint uav[1] IN: 117411 (3751 KB), OUT: 5094 (104 KB) CRC error: 0 0% 0KBytes Sequence lost: 1641882 93% Handled: 117411 3842KBytes
10-16 14:51:16.178   289   289 I mavlink-router: Endpoint qgc_gcs[2] IN: 1289 (26 KB), OUT: 120861 (3822 KB) CRC error: 0 0% 0KBytes Sequence lost: 8994 87% Handled: 1289 27KBytes
10-16 14:51:16.178   289   289 I mavlink-router: Endpoint gcs2[2] IN: 0 (0 KB), OUT: 121122 (3827 KB) CRC error: 0 0% 0KBytes Sequence lost: 0 0% Handled: 0 0KBytes
10-16 14:51:16.179   289   289 I mavlink-router: Endpoint gcs3[3] IN: 3733 (76 KB), OUT: 118717 (3779 KB) CRC error: 0 0% 0KBytes Sequence lost: 0 0% Handled: 3733 78KBytes
10-16 14:51:16.179   289   289 I mavlink-router: Endpoint gcs4[4] IN: 0 (0 KB), OUT: 122425 (3854 KB) CRC error: 0 0% 0KBytes Sequence lost: 0 0% Handled: 0 0KBytes
10-16 14:51:16.215   855   855 I PowerUI : temperature stats: 609,385,0,101,485
10-16 14:51:16.228   289   289 W mavlink-router: [qgc_gcs] writing may block mainloop: [4ms]
10-16 14:51:16.259   290   320 E BoardControl: Unable to create sockfd: Connection refused
10-16 14:51:16.449   290   320 D BoardControl: received air temperature cpu: 0°C pa: 10°C
10-16 14:51:16.501   289   289 W mavlink-router: [air_control_service] writing may block mainloop: [4ms]
10-16 14:51:16.554   289   289 W mavlink-router: [gcs4] writing may block mainloop: [5ms]
10-16 14:51:16.646  3762  6837 W QGroundControl: No Internet Access
10-16 14:51:16.759   290   320 E BoardControl: Unable to create sockfd: Connection refused
10-16 14:51:16.972   290   320 D BoardControl: received air temperature cpu: 0°C pa: 10°C
10-16 14:51:17.013   267   774 I rc_service: count 288518 cpuc 8 irqno 69 paused? 0 cnt1 286495 cnt2 288441   song-gpio  61 Edge      mlx90393-irq
10-16 14:51:17.014   267   774 I rc_service: count 286572 cpuc 8 irqno 71 paused? 0 cnt1 286495 cnt2 288518   song-gpio  59 Edge      mlx90393-irq
10-16 14:51:17.023   289   289 W mavlink-router: [qgc_gcs] writing may block mainloop: [7ms]
10-16 14:51:17.219   289   289 W mavlink-router: [gcs4] writing may block mainloop: [6ms]
10-16 14:51:17.260   290   320 E BoardControl: Unable to create sockfd: Connection refused
10-16 14:51:17.452   290   320 D BoardControl: received air temperature cpu: 0°C pa: 10°C
10-16 14:51:17.523   289   289 W mavlink-router: [qgc_gcs] writing may block mainloop: [6ms]
10-16 14:51:17.628  3762  6837 W QGroundControl: No Internet Access
10-16 14:51:17.760   290   320 D BoardControl: thermal sensor temperature max 66°C, report 61°C
10-16 14:51:17.760   290   320 D BoardControl: cpu temperature changed to 61°C
10-16 14:51:17.782   290   320 E BoardControl: Unable to create sockfd: Connection refused
10-16 14:51:17.915   289   289 W mavlink-router: [gcs3] writing may block mainloop: [5ms]
10-16 14:51:17.975   290   320 D BoardControl: received air temperature cpu: 0°C pa: 10°C
10-16 14:51:18.003   289   289 W mavlink-router: [qgc_gcs] writing may block mainloop: [5ms]
10-16 14:51:18.017   267   774 I rc_service: count 288594 cpuc 8 irqno 69 paused? 0 cnt1 286572 cnt2 288518   song-gpio  61 Edge      mlx90393-irq
10-16 14:51:18.017   267   774 I rc_service: count 286649 cpuc 8 irqno 71 paused? 0 cnt1 286572 cnt2 288594   song-gpio  59 Edge      mlx90393-irq
10-16 14:51:18.076   290   320 D BoardControl: received air temperature cpu: 46°C pa: 42°C
10-16 14:51:18.255   289   289 W mavlink-router: [qgc_gcs] writing may block mainloop: [5ms]
10-16 14:51:18.259   290   320 E BoardControl: Unable to create sockfd: Connection refused
10-16 14:51:18.452   290   320 D BoardControl: received air temperature cpu: 0°C pa: 10°C
10-16 14:51:18.497   289   289 W mavlink-router: [gcs3] writing may block mainloop: [4ms]
10-16 14:51:18.759   290   320 E BoardControl: Unable to create sockfd: Connection refused
10-16 14:51:18.972   290   320 D BoardControl: received air temperature cpu: 0°C pa: 10°C
10-16 14:51:19.018   267   774 I rc_service: count 288671 cpuc 8 irqno 69 paused? 0 cnt1 286649 cnt2 288594   song-gpio  61 Edge      mlx90393-irq
10-16 14:51:19.018   267   774 I rc_service: count 286725 cpuc 8 irqno 71 paused? 0 cnt1 286649 cnt2 288671   song-gpio  59 Edge      mlx90393-irq
10-16 14:51:19.259   290   320 E BoardControl: Unable to create sockfd: Connection refused
10-16 14:51:19.454   290   320 D BoardControl: received air temperature cpu: 0°C pa: 10°C
10-16 14:51:19.556   289   289 W mavlink-router: [gcs2] writing may block mainloop: [9ms]
10-16 14:51:19.759   290   320 E BoardControl: Unable to create sockfd: Connection refused
10-16 14:51:19.897   289   289 W mavlink-router: [gcs2] writing may block mainloop: [4ms]
10-16 14:51:19.949   289   289 W mavlink-router: [qgc_gcs] writing may block mainloop: [5ms]
10-16 14:51:19.961   289   289 W mavlink-router: [qgc_gcs] writing may block mainloop: [4ms]
10-16 14:51:19.969   290   320 D BoardControl: received air temperature cpu: 0°C pa: 10°C
10-16 14:51:20.020   267   774 I rc_service: count 288748 cpuc 8 irqno 69 paused? 0 cnt1 286725 cnt2 288671   song-gpio  61 Edge      mlx90393-irq
10-16 14:51:20.020   267   774 I rc_service: count 286801 cpuc 8 irqno 71 paused? 0 cnt1 286725 cnt2 288748   song-gpio  59 Edge      mlx90393-irq
10-16 14:51:20.259   290   320 E BoardControl: Unable to create sockfd: Connection refused
10-16 14:51:20.452   290   320 D BoardControl: received air temperature cpu: 0°C pa: 10°C
10-16 14:51:20.759   290   320 E BoardControl: Unable to create sockfd: Connection refused
10-16 14:51:20.967   290   320 D BoardControl: received air temperature cpu: 0°C pa: 10°C
10-16 14:51:21.021   267   774 I rc_service: count 288825 cpuc 8 irqno 69 paused? 0 cnt1 286801 cnt2 288748   song-gpio  61 Edge      mlx90393-irq
10-16 14:51:21.021   267   774 I rc_service: count 286878 cpuc 8 irqno 71 paused? 0 cnt1 286801 cnt2 288825   song-gpio  59 Edge      mlx90393-irq
10-16 14:51:21.259   290   320 E BoardControl: Unable to create sockfd: Connection refused
10-16 14:51:21.271  1580  1608 V RadioStatService: Sending String: QGCCLBRSTATE Bytes: [0, 0, 0, 12, 81, 71, 67, 67, 76, 66, 82, 83, 84, 65, 84, 69]
10-16 14:51:21.459   290   320 D BoardControl: received air temperature cpu: 0°C pa: 10°C
10-16 14:51:21.760   290   320 E BoardControl: Unable to create sockfd: Connection refused
10-16 14:51:21.967   290   320 D BoardControl: received air temperature cpu: 0°C pa: 10°C
10-16 14:51:22.023   267   774 I rc_service: count 288902 cpuc 8 irqno 69 paused? 0 cnt1 286878 cnt2 288825   song-gpio  61 Edge      mlx90393-irq
10-16 14:51:22.023   267   774 I rc_service: count 286954 cpuc 8 irqno 71 paused? 0 cnt1 286878 cnt2 288902   song-gpio  59 Edge      mlx90393-irq
10-16 14:51:22.259   290   320 E BoardControl: Unable to create sockfd: Connection refused
10-16 14:51:22.443   289   289 W mavlink-router: [qgc_gcs] writing may block mainloop: [4ms]
10-16 14:51:22.452   290   320 D BoardControl: received air temperature cpu: 0°C pa: 10°C
10-16 14:51:22.493   289   289 W mavlink-router: [gcs2] writing may block mainloop: [4ms]
10-16 14:51:22.760   290   320 D BoardControl: thermal sensor temperature max 65°C, report 60°C
10-16 14:51:22.761   290   320 D BoardControl: cpu temperature changed to 60°C
10-16 14:51:22.809   290   320 E BoardControl: Unable to create sockfd: Connection refused
10-16 14:51:22.950   289   289 W mavlink-router: [qgc_gcs] writing may block mainloop: [4ms]
10-16 14:51:22.972   290   320 D BoardControl: received air temperature cpu: 0°C pa: 10°C
10-16 14:51:23.025   267   774 I rc_service: count 288979 cpuc 8 irqno 69 paused? 0 cnt1 286954 cnt2 288902   song-gpio  61 Edge      mlx90393-irq
10-16 14:51:23.025   267   774 I rc_service: count 287031 cpuc 8 irqno 71 paused? 0 cnt1 286954 cnt2 288979   song-gpio  59 Edge      mlx90393-irq
10-16 14:51:23.077   290   320 D BoardControl: received air temperature cpu: 46°C pa: 42°C
10-16 14:51:23.259   290   320 E BoardControl: Unable to create sockfd: Connection refused
10-16 14:51:23.452   290   320 D BoardControl: received air temperature cpu: 0°C pa: 10°C
10-16 14:51:23.759   290   320 E BoardControl: Unable to create sockfd: Connection refused
10-16 14:51:23.963   290   320 D BoardControl: received air temperature cpu: 0°C pa: 10°C
10-16 14:51:24.026   267   774 I rc_service: count 289056 cpuc 8 irqno 69 paused? 0 cnt1 287031 cnt2 288979   song-gpio  61 Edge      mlx90393-irq
10-16 14:51:24.026   267   774 I rc_service: count 287107 cpuc 8 irqno 71 paused? 0 cnt1 287031 cnt2 289056   song-gpio  59 Edge      mlx90393-irq
10-16 14:51:24.259   290   320 E BoardControl: Unable to create sockfd: Connection refused
10-16 14:51:24.452   290   320 D BoardControl: received air temperature cpu: 0°C pa: 10°C
10-16 14:51:24.759   290   320 E BoardControl: Unable to create sockfd: Connection refused
10-16 14:51:24.963   290   320 D BoardControl: received air temperature cpu: 0°C pa: 10°C
10-16 14:51:25.028   267   774 I rc_service: count 289133 cpuc 8 irqno 69 paused? 0 cnt1 287107 cnt2 289056   song-gpio  61 Edge      mlx90393-irq
10-16 14:51:25.028   267   774 I rc_service: count 287184 cpuc 8 irqno 71 paused? 0 cnt1 287107 cnt2 289133   song-gpio  59 Edge      mlx90393-irq
10-16 14:51:25.259   290   320 E BoardControl: Unable to create sockfd: Connection refused
10-16 14:51:25.267   289   289 W mavlink-router: [qgc_gcs] writing may block mainloop: [4ms]
10-16 14:51:25.452   290   320 D BoardControl: received air temperature cpu: 0°C pa: 10°C
10-16 14:51:25.759   290   320 E BoardControl: Unable to create sockfd: Connection refused
10-16 14:51:25.963   290   320 D BoardControl: received air temperature cpu: 0°C pa: 10°C
10-16 14:51:26.029   267   774 I rc_service: count 289210 cpuc 8 irqno 69 paused? 0 cnt1 287184 cnt2 289133   song-gpio  61 Edge      mlx90393-irq
10-16 14:51:26.029   267   774 I rc_service: count 287260 cpuc 8 irqno 71 paused? 0 cnt1 287184 cnt2 289210   song-gpio  59 Edge      mlx90393-irq
10-16 14:51:26.112   289   289 W mavlink-router: [gcs2] writing may block mainloop: [4ms]
10-16 14:51:26.177   289   289 I mavlink-router: Endpoint board_endpoint[2] IN: 72 (1 KB), OUT: 3165 (79 KB) CRC error: 0 0% 0KBytes Sequence lost: 0 0% Handled: 72 1KBytes
10-16 14:51:26.178   289   289 I mavlink-router: Endpoint uav[1] IN: 118334 (3782 KB), OUT: 5114 (105 KB) CRC error: 0 0% 0KBytes Sequence lost: 1650970 93% Handled: 118334 3872KBytes
10-16 14:51:26.178   289   289 I mavlink-router: Endpoint qgc_gcs[2] IN: 1299 (26 KB), OUT: 121793 (3852 KB) CRC error: 0 0% 0KBytes Sequence lost: 9014 87% Handled: 1299 27KBytes
10-16 14:51:26.178   289   289 I mavlink-router: Endpoint gcs2[2] IN: 0 (0 KB), OUT: 122055 (3858 KB) CRC error: 0 0% 0KBytes Sequence lost: 0 0% Handled: 0 0KBytes
10-16 14:51:26.178   289   289 I mavlink-router: Endpoint gcs3[3] IN: 3743 (76 KB), OUT: 119650 (3809 KB) CRC error: 0 0% 0KBytes Sequence lost: 0 0% Handled: 3743 78KBytes
10-16 14:51:26.178   289   289 I mavlink-router: Endpoint gcs4[4] IN: 0 (0 KB), OUT: 123368 (3885 KB) CRC error: 0 0% 0KBytes Sequence lost: 0 0% Handled: 0 0KBytes
10-16 14:51:26.260   290   320 E BoardControl: Unable to create sockfd: Connection refused
10-16 14:51:26.452   290   320 D BoardControl: received air temperature cpu: 0°C pa: 10°C
10-16 14:51:26.548   289   289 W mavlink-router: [gcs3] writing may block mainloop: [4ms]
10-16 14:51:26.759   290   320 E BoardControl: Unable to create sockfd: Connection refused
10-16 14:51:26.962   290   320 D BoardControl: received air temperature cpu: 0°C pa: 10°C
10-16 14:51:27.002   289   289 W mavlink-router: [gcs4] writing may block mainloop: [5ms]
10-16 14:51:27.033   267   774 I rc_service: count 289287 cpuc 8 irqno 69 paused? 0 cnt1 287260 cnt2 289210   song-gpio  61 Edge      mlx90393-irq
10-16 14:51:27.033   267   774 I rc_service: count 287337 cpuc 8 irqno 71 paused? 0 cnt1 287260 cnt2 289287   song-gpio  59 Edge      mlx90393-irq
10-16 14:51:27.217   289   289 W mavlink-router: [qgc_gcs] writing may block mainloop: [4ms]
10-16 14:51:27.255   289   289 W mavlink-router: [gcs2] writing may block mainloop: [5ms]
10-16 14:51:27.259   290   320 E BoardControl: Unable to create sockfd: Connection refused
10-16 14:51:27.452   290   320 D BoardControl: received air temperature cpu: 0°C pa: 10°C
10-16 14:51:27.542   289   289 W mavlink-router: [qgc_gcs] writing may block mainloop: [4ms]
10-16 14:51:27.562   289   289 W mavlink-router: [qgc_gcs] writing may block mainloop: [4ms]
10-16 14:51:27.602   289   289 W mavlink-router: [qgc_gcs] writing may block mainloop: [5ms]
10-16 14:51:27.760   290   320 D BoardControl: thermal sensor temperature max 64°C, report 60°C
10-16 14:51:27.792   290   320 E BoardControl: Unable to create sockfd: Connection refused
10-16 14:51:27.962   290   320 D BoardControl: received air temperature cpu: 0°C pa: 10°C
10-16 14:51:28.036   267   774 I rc_service: count 289363 cpuc 8 irqno 69 paused? 0 cnt1 287337 cnt2 289287   song-gpio  61 Edge      mlx90393-irq
10-16 14:51:28.036   267   774 I rc_service: count 287413 cpuc 8 irqno 71 paused? 0 cnt1 287337 cnt2 289363   song-gpio  59 Edge      mlx90393-irq
10-16 14:51:28.057   290   320 D BoardControl: received air temperature cpu: 46°C pa: 42°C
10-16 14:51:28.259   290   320 E BoardControl: Unable to create sockfd: Connection refused
10-16 14:51:28.452   290   320 D BoardControl: received air temperature cpu: 0°C pa: 10°C
10-16 14:51:28.548   289   289 W mavlink-router: [qgc_gcs] writing may block mainloop: [5ms]
10-16 14:51:28.564   289   289 W mavlink-router: [qgc_gcs] writing may block mainloop: [4ms]
10-16 14:51:28.759   290   320 E BoardControl: Unable to create sockfd: Connection refused
10-16 14:51:28.859   289   289 W mavlink-router: [gcs4] writing may block mainloop: [4ms]
10-16 14:51:28.958   289   289 W mavlink-router: [qgc_gcs] writing may block mainloop: [5ms]
10-16 14:51:28.959   290   320 D BoardControl: received air temperature cpu: 0°C pa: 10°C
10-16 14:51:29.039   267   774 I rc_service: count 289440 cpuc 8 irqno 69 paused? 0 cnt1 287413 cnt2 289363   song-gpio  61 Edge      mlx90393-irq
10-16 14:51:29.039   267   774 I rc_service: count 287490 cpuc 8 irqno 71 paused? 0 cnt1 287413 cnt2 289440   song-gpio  59 Edge      mlx90393-irq
10-16 14:51:29.259   290   320 E BoardControl: Unable to create sockfd: Connection refused
10-16 14:51:29.295  3762  3856 E QGroundControl: Could not open resource for reading.
10-16 14:51:29.308  3762  3777 E QGroundControl: Error stopping pipeline!
10-16 14:51:29.452   290   320 D BoardControl: received air temperature cpu: 0°C pa: 10°C
10-16 14:51:29.469   281   361 I MediaPlayerService: MediaPlayerService::getOMX
10-16 14:51:29.470  3762  6866 I OMXClient: MuxOMX ctor
10-16 14:51:29.471   276   344 I OMXMaster: makeComponentInstance(OMX.ARM.video.v5xx.decoder) in mediacodec process
10-16 14:51:29.759   290   320 E BoardControl: Unable to create sockfd: Connection refused
10-16 14:51:29.957   290   320 D BoardControl: received air temperature cpu: 0°C pa: 10°C
10-16 14:51:30.042   267   774 I rc_service: count 289517 cpuc 8 irqno 69 paused? 0 cnt1 287490 cnt2 289440   song-gpio  61 Edge      mlx90393-irq
10-16 14:51:30.042   267   774 I rc_service: count 287566 cpuc 8 irqno 71 paused? 0 cnt1 287490 cnt2 289517   song-gpio  59 Edge      mlx90393-irq
10-16 14:51:30.262   290   320 E BoardControl: Unable to create sockfd: Connection refused
10-16 14:51:30.453   290   320 D BoardControl: received air temperature cpu: 0°C pa: 10°C
10-16 14:51:30.526   289   289 W mavlink-router: [qgc_gcs] writing may block mainloop: [4ms]
10-16 14:51:30.759   290   320 E BoardControl: Unable to create sockfd: Connection refused
10-16 14:51:30.957   290   320 D BoardControl: received air temperature cpu: 0°C pa: 10°C
10-16 14:51:31.044   267   774 I rc_service: count 289594 cpuc 8 irqno 69 paused? 0 cnt1 287566 cnt2 289517   song-gpio  61 Edge      mlx90393-irq
10-16 14:51:31.044   267   774 I rc_service: count 287643 cpuc 8 irqno 71 paused? 0 cnt1 287566 cnt2 289594   song-gpio  59 Edge      mlx90393-irq
10-16 14:51:31.156  1580  1608 V RadioStatService: Sending String: QGCCLBRSTATE Bytes: [0, 0, 0, 12, 81, 71, 67, 67, 76, 66, 82, 83, 84, 65, 84, 69]
10-16 14:51:31.259   290   320 E BoardControl: Unable to create sockfd: Connection refused
10-16 14:51:31.453   290   320 D BoardControl: received air temperature cpu: 0°C pa: 10°C
10-16 14:51:31.759   290   320 E BoardControl: Unable to create sockfd: Connection refused
10-16 14:51:31.963   290   320 D BoardControl: received air temperature cpu: 0°C pa: 10°C
10-16 14:51:32.047   267   774 I rc_service: count 289671 cpuc 8 irqno 69 paused? 0 cnt1 287643 cnt2 289594   song-gpio  61 Edge      mlx90393-irq
10-16 14:51:32.047   267   774 I rc_service: count 287719 cpuc 8 irqno 71 paused? 0 cnt1 287643 cnt2 289671   song-gpio  59 Edge      mlx90393-irq
10-16 14:51:32.252   289   289 W mavlink-router: [gcs4] writing may block mainloop: [8ms]
10-16 14:51:32.259   290   320 E BoardControl: Unable to create sockfd: Connection refused
10-16 14:51:32.453   290   320 D BoardControl: received air temperature cpu: 0°C pa: 10°C
10-16 14:51:32.760   290   320 D BoardControl: thermal sensor temperature max 65°C, report 60°C
10-16 14:51:32.787   290   320 E BoardControl: Unable to create sockfd: Connection refused
10-16 14:51:32.899   289   289 W mavlink-router: [gcs2] writing may block mainloop: [5ms]
10-16 14:51:32.911   289   289 W mavlink-router: [gcs4] writing may block mainloop: [4ms]
10-16 14:51:32.957   290   320 D BoardControl: received air temperature cpu: 0°C pa: 10°C
10-16 14:51:33.015   289   289 W mavlink-router: [gcs4] writing may block mainloop: [5ms]
10-16 14:51:33.050   267   774 I rc_service: count 289748 cpuc 8 irqno 69 paused? 0 cnt1 287719 cnt2 289671   song-gpio  61 Edge      mlx90393-irq
10-16 14:51:33.050   267   774 I rc_service: count 287796 cpuc 8 irqno 71 paused? 0 cnt1 287719 cnt2 289748   song-gpio  59 Edge      mlx90393-irq
10-16 14:51:33.067   290   320 D BoardControl: received air temperature cpu: 46°C pa: 42°C
10-16 14:51:33.259   290   320 E BoardControl: Unable to create sockfd: Connection refused
10-16 14:51:33.453   290   320 D BoardControl: received air temperature cpu: 0°C pa: 10°C
10-16 14:51:33.547   289   289 W mavlink-router: [qgc_gcs] writing may block mainloop: [5ms]
10-16 14:51:33.606   289   289 W mavlink-router: [qgc_gcs] writing may block mainloop: [4ms]
10-16 14:51:33.759   290   320 E BoardControl: Unable to create sockfd: Connection refused
10-16 14:51:33.890   289   289 W mavlink-router: [gcs2] writing may block mainloop: [5ms]
10-16 14:51:33.954   290   320 D BoardControl: received air temperature cpu: 0°C pa: 10°C
10-16 14:51:34.052   267   774 I rc_service: count 289825 cpuc 8 irqno 69 paused? 0 cnt1 287796 cnt2 289748   song-gpio  61 Edge      mlx90393-irq
10-16 14:51:34.052   267   774 I rc_service: count 287872 cpuc 8 irqno 71 paused? 0 cnt1 287796 cnt2 289825   song-gpio  59 Edge      mlx90393-irq
10-16 14:51:34.213   289   289 W mavlink-router: [qgc_gcs] writing may block mainloop: [6ms]
10-16 14:51:34.252   289   289 W mavlink-router: [gcs2] writing may block mainloop: [5ms]
10-16 14:51:34.259   290   320 E BoardControl: Unable to create sockfd: Connection refused
10-16 14:51:34.452   290   320 D BoardControl: received air temperature cpu: 0°C pa: 10°C
10-16 14:51:34.554   289   289 W mavlink-router: [qgc_gcs] writing may block mainloop: [6ms]
10-16 14:51:34.759   290   320 E BoardControl: Unable to create sockfd: Connection refused
10-16 14:51:34.953   290   320 D BoardControl: received air temperature cpu: 0°C pa: 10°C
10-16 14:51:35.054   267   774 I rc_service: count 289902 cpuc 8 irqno 69 paused? 0 cnt1 287872 cnt2 289825   song-gpio  61 Edge      mlx90393-irq
10-16 14:51:35.054   267   774 I rc_service: count 287949 cpuc 8 irqno 71 paused? 0 cnt1 287872 cnt2 289902   song-gpio  59 Edge      mlx90393-irq
10-16 14:51:35.259   290   320 E BoardControl: Unable to create sockfd: Connection refused
10-16 14:51:35.453   290   320 D BoardControl: received air temperature cpu: 0°C pa: 10°C
10-16 14:51:35.526   289   289 W mavlink-router: [qgc_gcs] writing may block mainloop: [4ms]
10-16 14:51:35.638   266   266 I usbethx : change@/devices/platform/soc/fa896000.i2c/i2c-1/1-0063/power_supply/battery
10-16 14:51:35.638   266   266 I usbethx : ACTION=change
10-16 14:51:35.638   266   266 I usbethx : DEVPATH=/devices/platform/soc/fa896000.i2c/i2c-1/1-0063/power_supply/battery
10-16 14:51:35.638   266   266 I usbethx : SUBSYSTEM=power_supply
10-16 14:51:35.638   266   266 I usbethx : POWER_SUPPLY_NAME=battery
10-16 14:51:35.638   266   266 I usbethx : POWER_SUPPLY_CAPACITY=85
10-16 14:51:35.638   266   266 I usbethx : POWER_SUPPLY_STATUS=Charging
10-16 14:51:35.638   266   266 I usbethx : POWER_SUPPLY_HEALTH=Good
10-16 14:51:35.638   266   266 I usbethx : POWER_SUPPLY_PRESENT=1
10-16 14:51:35.638   266   266 I usbethx : POWER_SUPPLY_VOLTAGE_NOW=3969000
10-16 14:51:35.638   266   266 I usbethx : POWER_SUPPLY_TECHNOLOGY=Li-ion
10-16 14:51:35.638   266   266 I usbethx : POWER_SUPPLY_TEMP=385
10-16 14:51:35.638   266   266 I usbethx : POWER_SUPPLY_CHARGE_FULL_DESIGN=5000
10-16 14:51:35.638   266   266 I usbethx : POWER_SUPPLY_TYPE=Battery
10-16 14:51:35.638   266   266 I usbethx : SEQNUM=2096
10-16 14:51:35.759   290   320 E BoardControl: Unable to create sockfd: Connection refused
10-16 14:51:35.953   290   320 D BoardControl: received air temperature cpu: 0°C pa: 10°C
10-16 14:51:36.005   289   289 W mavlink-router: [gcs4] writing may block mainloop: [4ms]
10-16 14:51:36.059   267   774 I rc_service: count 289979 cpuc 8 irqno 69 paused? 0 cnt1 287949 cnt2 289902   song-gpio  61 Edge      mlx90393-irq
10-16 14:51:36.059   267   774 I rc_service: count 288025 cpuc 8 irqno 71 paused? 0 cnt1 287949 cnt2 289979   song-gpio  59 Edge      mlx90393-irq
10-16 14:51:36.178   289   289 I mavlink-router: Endpoint board_endpoint[2] IN: 72 (1 KB), OUT: 3188 (80 KB) CRC error: 0 0% 0KBytes Sequence lost: 0 0% Handled: 72 1KBytes
10-16 14:51:36.178   289   289 I mavlink-router: Endpoint uav[1] IN: 119259 (3812 KB), OUT: 5134 (105 KB) CRC error: 0 0% 0KBytes Sequence lost: 1659601 93% Handled: 119259 3903KBytes
10-16 14:51:36.178   289   289 I mavlink-router: Endpoint qgc_gcs[2] IN: 1309 (26 KB), OUT: 122727 (3882 KB) CRC error: 0 0% 0KBytes Sequence lost: 9034 87% Handled: 1309 27KBytes
10-16 14:51:36.178   289   289 I mavlink-router: Endpoint gcs2[2] IN: 0 (0 KB), OUT: 122990 (3888 KB) CRC error: 0 0% 0KBytes Sequence lost: 0 0% Handled: 0 0KBytes
10-16 14:51:36.178   289   289 I mavlink-router: Endpoint gcs3[3] IN: 3753 (76 KB), OUT: 120585 (3839 KB) CRC error: 0 0% 0KBytes Sequence lost: 0 0% Handled: 3753 78KBytes
10-16 14:51:36.178   289   289 I mavlink-router: Endpoint gcs4[4] IN: 0 (0 KB), OUT: 124313 (3915 KB) CRC error: 0 0% 0KBytes Sequence lost: 0 0% Handled: 0 0KBytes
10-16 14:51:36.259   290   320 E BoardControl: Unable to create sockfd: Connection refused
10-16 14:51:36.453   290   320 D BoardControl: received air temperature cpu: 0°C pa: 10°C
10-16 14:51:36.759   290   320 E BoardControl: Unable to create sockfd: Connection refused
10-16 14:51:36.921   289   289 W mavlink-router: [gcs2] writing may block mainloop: [4ms]
10-16 14:51:36.952   290   320 D BoardControl: received air temperature cpu: 0°C pa: 10°C
10-16 14:51:37.062   267   774 I rc_service: count 290056 cpuc 8 irqno 69 paused? 0 cnt1 288025 cnt2 289979   song-gpio  61 Edge      mlx90393-irq
10-16 14:51:37.062   267   774 I rc_service: count 288102 cpuc 8 irqno 71 paused? 0 cnt1 288025 cnt2 290056   song-gpio  59 Edge      mlx90393-irq
10-16 14:51:37.259   290   320 E BoardControl: Unable to create sockfd: Connection refused
10-16 14:51:37.453   290   320 D BoardControl: received air temperature cpu: 0°C pa: 10°C
10-16 14:51:37.474   289   289 W mavlink-router: [qgc_gcs] writing may block mainloop: [5ms]
10-16 14:51:37.760   290   320 D BoardControl: thermal sensor temperature max 65°C, report 60°C
10-16 14:51:37.787   290   320 E BoardControl: Unable to create sockfd: Connection refused
10-16 14:51:37.952   290   320 D BoardControl: received air temperature cpu: 0°C pa: 10°C
10-16 14:51:38.065   267   774 I rc_service: count 290133 cpuc 8 irqno 69 paused? 0 cnt1 288102 cnt2 290056   song-gpio  61 Edge      mlx90393-irq
10-16 14:51:38.065   267   774 I rc_service: count 288178 cpuc 8 irqno 71 paused? 0 cnt1 288102 cnt2 290133   song-gpio  59 Edge      mlx90393-irq
10-16 14:51:38.083   290   320 D BoardControl: received air temperature cpu: 46°C pa: 42°C
10-16 14:51:38.259   290   320 E BoardControl: Unable to create sockfd: Connection refused
10-16 14:51:38.452   290   320 D BoardControl: received air temperature cpu: 0°C pa: 10°C
10-16 14:51:38.482   289   289 W mavlink-router: [qgc_gcs] writing may block mainloop: [6ms]
10-16 14:51:38.529   289   289 W mavlink-router: [gcs2] writing may block mainloop: [5ms]
10-16 14:51:38.759   290   320 E BoardControl: Unable to create sockfd: Connection refused
10-16 14:51:38.955   290   320 D BoardControl: received air temperature cpu: 0°C pa: 10°C
10-16 14:51:39.007   289   289 W mavlink-router: [air_control_service] writing may block mainloop: [5ms]
10-16 14:51:39.024   289   289 W mavlink-router: [qgc_gcs] writing may block mainloop: [5ms]
10-16 14:51:39.067   267   774 I rc_service: count 290210 cpuc 8 irqno 69 paused? 0 cnt1 288178 cnt2 290133   song-gpio  61 Edge      mlx90393-irq
10-16 14:51:39.067   267   774 I rc_service: count 288255 cpuc 8 irqno 71 paused? 0 cnt1 288178 cnt2 290210   song-gpio  59 Edge      mlx90393-irq
10-16 14:51:39.211   289   289 W mavlink-router: [qgc_gcs] writing may block mainloop: [5ms]
10-16 14:51:39.261   290   320 E BoardControl: Unable to create sockfd: Connection refused
10-16 14:51:39.452   290   320 D BoardControl: received air temperature cpu: 0°C pa: 10°C
10-16 14:51:39.759   290   320 E BoardControl: Unable to create sockfd: Connection refused
10-16 14:51:39.879   289   289 W mavlink-router: [qgc_gcs] writing may block mainloop: [5ms]
10-16 14:51:39.952   290   320 D BoardControl: received air temperature cpu: 0°C pa: 10°C
10-16 14:51:40.070   267   774 I rc_service: count 290287 cpuc 8 irqno 69 paused? 0 cnt1 288255 cnt2 290210   song-gpio  61 Edge      mlx90393-irq
