10-16 14:57:38.248   267   774 I rc_service: count 317802 cpuc 8 irqno 69 paused? 0 cnt1 315589 cnt2 317725   song-gpio  61 Edge      mlx90393-irq
10-16 14:57:38.249   267   774 I rc_service: count 315666 cpuc 8 irqno 71 paused? 0 cnt1 315589 cnt2 317802   song-gpio  59 Edge      mlx90393-irq
10-16 14:57:38.259   290   320 E BoardControl: Unable to create sockfd: Connection refused
10-16 14:57:38.759   290   320 E BoardControl: Unable to create sockfd: Connection refused
10-16 14:57:39.252   267   774 I rc_service: count 317879 cpuc 8 irqno 69 paused? 0 cnt1 315666 cnt2 317802   song-gpio  61 Edge      mlx90393-irq
10-16 14:57:39.252   267   774 I rc_service: count 315742 cpuc 8 irqno 71 paused? 0 cnt1 315666 cnt2 317879   song-gpio  59 Edge      mlx90393-irq
10-16 14:57:39.259   290   320 E BoardControl: Unable to create sockfd: Connection refused
10-16 14:57:39.760   290   320 E BoardControl: Unable to create sockfd: Connection refused
10-16 14:57:40.255   267   774 I rc_service: count 317956 cpuc 8 irqno 69 paused? 0 cnt1 315742 cnt2 317879   song-gpio  61 Edge      mlx90393-irq
10-16 14:57:40.255   267   774 I rc_service: count 315819 cpuc 8 irqno 71 paused? 0 cnt1 315742 cnt2 317956   song-gpio  59 Edge      mlx90393-irq
10-16 14:57:40.259   290   320 E BoardControl: Unable to create sockfd: Connection refused
10-16 14:57:40.759   290   320 E BoardControl: Unable to create sockfd: Connection refused
10-16 14:57:41.258   267   774 I rc_service: count 318033 cpuc 8 irqno 69 paused? 0 cnt1 315819 cnt2 317956   song-gpio  61 Edge      mlx90393-irq
10-16 14:57:41.259   267   774 I rc_service: count 315895 cpuc 8 irqno 71 paused? 0 cnt1 315819 cnt2 318033   song-gpio  59 Edge      mlx90393-irq
10-16 14:57:41.259   290   320 E BoardControl: Unable to create sockfd: Connection refused
10-16 14:57:41.674  1580  1608 V RadioStatService: Sending String: QGCCLBRSTATE Bytes: [0, 0, 0, 12, 81, 71, 67, 67, 76, 66, 82, 83, 84, 65, 84, 69]
10-16 14:57:41.760   290   320 E BoardControl: Unable to create sockfd: Connection refused
10-16 14:57:42.259   290   320 E BoardControl: Unable to create sockfd: Connection refused
10-16 14:57:42.262   267   774 I rc_service: count 318110 cpuc 8 irqno 69 paused? 0 cnt1 315895 cnt2 318033   song-gpio  61 Edge      mlx90393-irq
10-16 14:57:42.262   267   774 I rc_service: count 315972 cpuc 8 irqno 71 paused? 0 cnt1 315895 cnt2 318110   song-gpio  59 Edge      mlx90393-irq
10-16 14:57:42.760   290   320 D BoardControl: thermal sensor temperature max 61°C, report 57°C
10-16 14:57:42.786   290   320 E BoardControl: Unable to create sockfd: Connection refused
10-16 14:57:43.259   290   320 E BoardControl: Unable to create sockfd: Connection refused
10-16 14:57:43.265   267   774 I rc_service: count 318187 cpuc 8 irqno 69 paused? 0 cnt1 315972 cnt2 318110   song-gpio  61 Edge      mlx90393-irq
10-16 14:57:43.266   267   774 I rc_service: count 316049 cpuc 8 irqno 71 paused? 0 cnt1 315972 cnt2 318187   song-gpio  59 Edge      mlx90393-irq
10-16 14:57:43.759   290   320 E BoardControl: Unable to create sockfd: Connection refused
10-16 14:57:44.259   290   320 E BoardControl: Unable to create sockfd: Connection refused
10-16 14:57:44.269   267   774 I rc_service: count 318265 cpuc 8 irqno 69 paused? 0 cnt1 316049 cnt2 318187   song-gpio  61 Edge      mlx90393-irq
10-16 14:57:44.269   267   774 I rc_service: count 316125 cpuc 8 irqno 71 paused? 0 cnt1 316049 cnt2 318265   song-gpio  59 Edge      mlx90393-irq
10-16 14:57:44.277   266   266 I usbethx : change@/devices/platform/soc/fa896000.i2c/i2c-1/1-0063/power_supply/battery
10-16 14:57:44.277   266   266 I usbethx : ACTION=change
10-16 14:57:44.277   266   266 I usbethx : DEVPATH=/devices/platform/soc/fa896000.i2c/i2c-1/1-0063/power_supply/battery
10-16 14:57:44.277   266   266 I usbethx : SUBSYSTEM=power_supply
10-16 14:57:44.277   266   266 I usbethx : POWER_SUPPLY_NAME=battery
10-16 14:57:44.277   266   266 I usbethx : POWER_SUPPLY_CAPACITY=85
10-16 14:57:44.277   266   266 I usbethx : POWER_SUPPLY_STATUS=Charging
10-16 14:57:44.277   266   266 I usbethx : POWER_SUPPLY_HEALTH=Good
10-16 14:57:44.277   266   266 I usbethx : POWER_SUPPLY_PRESENT=1
10-16 14:57:44.277   266   266 I usbethx : POWER_SUPPLY_VOLTAGE_NOW=3976000
10-16 14:57:44.277   266   266 I usbethx : POWER_SUPPLY_TECHNOLOGY=Li-ion
10-16 14:57:44.277   266   266 I usbethx : POWER_SUPPLY_TEMP=385
10-16 14:57:44.277   266   266 I usbethx : POWER_SUPPLY_CHARGE_FULL_DESIGN=5000
10-16 14:57:44.277   266   266 I usbethx : POWER_SUPPLY_TYPE=Battery
10-16 14:57:44.277   266   266 I usbethx : SEQNUM=2102
10-16 14:57:44.759   290   320 E BoardControl: Unable to create sockfd: Connection refused
10-16 14:57:45.259   290   320 E BoardControl: Unable to create sockfd: Connection refused
10-16 14:57:45.272   267   774 I rc_service: count 318342 cpuc 8 irqno 69 paused? 0 cnt1 316125 cnt2 318265   song-gpio  61 Edge      mlx90393-irq
10-16 14:57:45.272   267   774 I rc_service: count 316202 cpuc 8 irqno 71 paused? 0 cnt1 316125 cnt2 318342   song-gpio  59 Edge      mlx90393-irq
10-16 14:57:45.759   290   320 E BoardControl: Unable to create sockfd: Connection refused
10-16 14:57:46.178   289   289 I mavlink-router: Endpoint board_endpoint[2] IN: 74 (1 KB), OUT: 3336 (83 KB) CRC error: 0 0% 0KBytes Sequence lost: 0 0% Handled: 74 1KBytes
10-16 14:57:46.178   289   289 I mavlink-router: Endpoint uav[1] IN: 125109 (4002 KB), OUT: 5875 (120 KB) CRC error: 0 0% 0KBytes Sequence lost: 1713924 93% Handled: 125109 4098KBytes
10-16 14:57:46.178   289   289 I mavlink-router: Endpoint qgc_gcs[2] IN: 1679 (34 KB), OUT: 128937 (4080 KB) CRC error: 0 0% 0KBytes Sequence lost: 9159 84% Handled: 1679 35KBytes
10-16 14:57:46.178   289   289 I mavlink-router: Endpoint gcs2[2] IN: 0 (0 KB), OUT: 129209 (4086 KB) CRC error: 0 0% 0KBytes Sequence lost: 0 0% Handled: 0 0KBytes
10-16 14:57:46.178   289   289 I mavlink-router: Endpoint gcs3[3] IN: 4122 (84 KB), OUT: 126807 (4037 KB) CRC error: 0 0% 0KBytes Sequence lost: 0 0% Handled: 4122 86KBytes
10-16 14:57:46.178   289   289 I mavlink-router: Endpoint gcs4[4] IN: 0 (0 KB), OUT: 130904 (4121 KB) CRC error: 0 0% 0KBytes Sequence lost: 0 0% Handled: 0 0KBytes
10-16 14:57:46.255   855   855 I PowerUI : temperature stats: 576,385,-990,-990,420
10-16 14:57:46.259   290   320 E BoardControl: Unable to create sockfd: Connection refused
10-16 14:57:46.276   267   774 I rc_service: count 318419 cpuc 8 irqno 69 paused? 0 cnt1 316202 cnt2 318342   song-gpio  61 Edge      mlx90393-irq
10-16 14:57:46.276   267   774 I rc_service: count 316278 cpuc 8 irqno 71 paused? 0 cnt1 316202 cnt2 318419   song-gpio  59 Edge      mlx90393-irq
10-16 14:57:46.627  3762  7214 W QGroundControl: No Internet Access
10-16 14:57:46.759   290   320 E BoardControl: Unable to create sockfd: Connection refused
10-16 14:57:47.259   290   320 E BoardControl: Unable to create sockfd: Connection refused
10-16 14:57:47.279   267   774 I rc_service: count 318496 cpuc 8 irqno 69 paused? 0 cnt1 316278 cnt2 318419   song-gpio  61 Edge      mlx90393-irq
10-16 14:57:47.279   267   774 I rc_service: count 316355 cpuc 8 irqno 71 paused? 0 cnt1 316278 cnt2 318496   song-gpio  59 Edge      mlx90393-irq
10-16 14:57:47.627  3762  7214 W QGroundControl: No Internet Access
10-16 14:57:47.759   290   320 D BoardControl: thermal sensor temperature max 63°C, report 58°C
10-16 14:57:47.760   290   320 D BoardControl: cpu temperature changed to 58°C
10-16 14:57:47.782   290   320 E BoardControl: Unable to create sockfd: Connection refused
10-16 14:57:48.259   290   320 E BoardControl: Unable to create sockfd: Connection refused
10-16 14:57:48.282   267   774 I rc_service: count 318572 cpuc 8 irqno 69 paused? 0 cnt1 316355 cnt2 318496   song-gpio  61 Edge      mlx90393-irq
10-16 14:57:48.282   267   774 I rc_service: count 316431 cpuc 8 irqno 71 paused? 0 cnt1 316355 cnt2 318572   song-gpio  59 Edge      mlx90393-irq
10-16 14:57:48.759   290   320 E BoardControl: Unable to create sockfd: Connection refused
10-16 14:57:49.259   290   320 E BoardControl: Unable to create sockfd: Connection refused
10-16 14:57:49.285   267   774 I rc_service: count 318649 cpuc 8 irqno 69 paused? 0 cnt1 316431 cnt2 318572   song-gpio  61 Edge      mlx90393-irq
10-16 14:57:49.285   267   774 I rc_service: count 316507 cpuc 8 irqno 71 paused? 0 cnt1 316431 cnt2 318649   song-gpio  59 Edge      mlx90393-irq
10-16 14:57:49.759   290   320 E BoardControl: Unable to create sockfd: Connection refused
10-16 14:57:50.259   290   320 E BoardControl: Unable to create sockfd: Connection refused
10-16 14:57:50.289   267   774 I rc_service: count 318726 cpuc 8 irqno 69 paused? 0 cnt1 316507 cnt2 318649   song-gpio  61 Edge      mlx90393-irq
10-16 14:57:50.289   267   774 I rc_service: count 316584 cpuc 8 irqno 71 paused? 0 cnt1 316507 cnt2 318726   song-gpio  59 Edge      mlx90393-irq
10-16 14:57:50.759   290   320 E BoardControl: Unable to create sockfd: Connection refused
10-16 14:57:51.259   290   320 E BoardControl: Unable to create sockfd: Connection refused
10-16 14:57:51.292   267   774 I rc_service: count 318803 cpuc 8 irqno 69 paused? 0 cnt1 316584 cnt2 318726   song-gpio  61 Edge      mlx90393-irq
10-16 14:57:51.292   267   774 I rc_service: count 316660 cpuc 8 irqno 71 paused? 0 cnt1 316584 cnt2 318803   song-gpio  59 Edge      mlx90393-irq
10-16 14:57:51.691  1580  1608 V RadioStatService: Sending String: QGCCLBRSTATE Bytes: [0, 0, 0, 12, 81, 71, 67, 67, 76, 66, 82, 83, 84, 65, 84, 69]
10-16 14:57:51.759   290   320 E BoardControl: Unable to create sockfd: Connection refused
10-16 14:57:52.259   290   320 E BoardControl: Unable to create sockfd: Connection refused
10-16 14:57:52.294   267   774 I rc_service: count 318880 cpuc 8 irqno 69 paused? 0 cnt1 316660 cnt2 318803   song-gpio  61 Edge      mlx90393-irq
10-16 14:57:52.295   267   774 I rc_service: count 316737 cpuc 8 irqno 71 paused? 0 cnt1 316660 cnt2 318880   song-gpio  59 Edge      mlx90393-irq
10-16 14:57:52.760   290   320 D BoardControl: thermal sensor temperature max 61°C, report 57°C
10-16 14:57:52.760   290   320 D BoardControl: cpu temperature changed to 57°C
10-16 14:57:52.787   290   320 E BoardControl: Unable to create sockfd: Connection refused
10-16 14:57:53.259   290   320 E BoardControl: Unable to create sockfd: Connection refused
10-16 14:57:53.298   267   774 I rc_service: count 318957 cpuc 8 irqno 69 paused? 0 cnt1 316737 cnt2 318880   song-gpio  61 Edge      mlx90393-irq
10-16 14:57:53.298   267   774 I rc_service: count 316814 cpuc 8 irqno 71 paused? 0 cnt1 316737 cnt2 318957   song-gpio  59 Edge      mlx90393-irq
10-16 14:57:53.759   290   320 E BoardControl: Unable to create sockfd: Connection refused
10-16 14:57:54.259   290   320 E BoardControl: Unable to create sockfd: Connection refused
10-16 14:57:54.301   267   774 I rc_service: count 319035 cpuc 8 irqno 69 paused? 0 cnt1 316814 cnt2 318957   song-gpio  61 Edge      mlx90393-irq
10-16 14:57:54.301   267   774 I rc_service: count 316890 cpuc 8 irqno 71 paused? 0 cnt1 316814 cnt2 319035   song-gpio  59 Edge      mlx90393-irq
10-16 14:57:54.759   290   320 E BoardControl: Unable to create sockfd: Connection refused
10-16 14:57:55.259   290   320 E BoardControl: Unable to create sockfd: Connection refused
10-16 14:57:55.304   267   774 I rc_service: count 319112 cpuc 8 irqno 69 paused? 0 cnt1 316890 cnt2 319035   song-gpio  61 Edge      mlx90393-irq
10-16 14:57:55.304   267   774 I rc_service: count 316967 cpuc 8 irqno 71 paused? 0 cnt1 316890 cnt2 319112   song-gpio  59 Edge      mlx90393-irq
10-16 14:57:55.760   290   320 E BoardControl: Unable to create sockfd: Connection refused
10-16 14:57:56.178   289   289 I mavlink-router: Endpoint board_endpoint[2] IN: 74 (1 KB), OUT: 3336 (83 KB) CRC error: 0 0% 0KBytes Sequence lost: 0 0% Handled: 74 1KBytes
10-16 14:57:56.178   289   289 I mavlink-router: Endpoint uav[1] IN: 125109 (4002 KB), OUT: 5895 (121 KB) CRC error: 0 0% 0KBytes Sequence lost: 1713924 93% Handled: 125109 4098KBytes
10-16 14:57:56.178   289   289 I mavlink-router: Endpoint qgc_gcs[2] IN: 1689 (34 KB), OUT: 128947 (4080 KB) CRC error: 0 0% 0KBytes Sequence lost: 9159 84% Handled: 1689 35KBytes
10-16 14:57:56.178   289   289 I mavlink-router: Endpoint gcs2[2] IN: 0 (0 KB), OUT: 129219 (4086 KB) CRC error: 0 0% 0KBytes Sequence lost: 0 0% Handled: 0 0KBytes
10-16 14:57:56.178   289   289 I mavlink-router: Endpoint gcs3[3] IN: 4132 (84 KB), OUT: 126817 (4037 KB) CRC error: 0 0% 0KBytes Sequence lost: 0 0% Handled: 4132 86KBytes
10-16 14:57:56.178   289   289 I mavlink-router: Endpoint gcs4[4] IN: 0 (0 KB), OUT: 130924 (4121 KB) CRC error: 0 0% 0KBytes Sequence lost: 0 0% Handled: 0 0KBytes
10-16 14:57:56.259   290   320 E BoardControl: Unable to create sockfd: Connection refused
10-16 14:57:56.307   267   774 I rc_service: count 319189 cpuc 8 irqno 69 paused? 0 cnt1 316967 cnt2 319112   song-gpio  61 Edge      mlx90393-irq
10-16 14:57:56.307   267   774 I rc_service: count 317043 cpuc 8 irqno 71 paused? 0 cnt1 316967 cnt2 319189   song-gpio  59 Edge      mlx90393-irq
10-16 14:57:56.759   290   320 E BoardControl: Unable to create sockfd: Connection refused
10-16 14:57:57.259   290   320 E BoardControl: Unable to create sockfd: Connection refused
10-16 14:57:57.311   267   774 I rc_service: count 319266 cpuc 8 irqno 69 paused? 0 cnt1 317043 cnt2 319189   song-gpio  61 Edge      mlx90393-irq
10-16 14:57:57.311   267   774 I rc_service: count 317120 cpuc 8 irqno 71 paused? 0 cnt1 317043 cnt2 319266   song-gpio  59 Edge      mlx90393-irq
10-16 14:57:57.760   290   320 D BoardControl: thermal sensor temperature max 62°C, report 57°C
10-16 14:57:57.786   290   320 E BoardControl: Unable to create sockfd: Connection refused
10-16 14:57:58.259   290   320 E BoardControl: Unable to create sockfd: Connection refused
10-16 14:57:58.315   267   774 I rc_service: count 319343 cpuc 8 irqno 69 paused? 0 cnt1 317120 cnt2 319266   song-gpio  61 Edge      mlx90393-irq
10-16 14:57:58.315   267   774 I rc_service: count 317196 cpuc 8 irqno 71 paused? 0 cnt1 317120 cnt2 319343   song-gpio  59 Edge      mlx90393-irq
10-16 14:57:58.759   290   320 E BoardControl: Unable to create sockfd: Connection refused
10-16 14:57:59.259   290   320 E BoardControl: Unable to create sockfd: Connection refused
10-16 14:57:59.318   267   774 I rc_service: count 319420 cpuc 8 irqno 69 paused? 0 cnt1 317196 cnt2 319343   song-gpio  61 Edge      mlx90393-irq
10-16 14:57:59.318   267   774 I rc_service: count 317273 cpuc 8 irqno 71 paused? 0 cnt1 317196 cnt2 319420   song-gpio  59 Edge      mlx90393-irq
10-16 14:57:59.759   290   320 E BoardControl: Unable to create sockfd: Connection refused
10-16 14:58:00.259   290   320 E BoardControl: Unable to create sockfd: Connection refused
10-16 14:58:00.321   267   774 I rc_service: count 319497 cpuc 8 irqno 69 paused? 0 cnt1 317273 cnt2 319420   song-gpio  61 Edge      mlx90393-irq
10-16 14:58:00.321   267   774 I rc_service: count 317350 cpuc 8 irqno 71 paused? 0 cnt1 317273 cnt2 319497   song-gpio  59 Edge      mlx90393-irq
10-16 14:58:00.759   290   320 E BoardControl: Unable to create sockfd: Connection refused
10-16 14:58:01.259   290   320 E BoardControl: Unable to create sockfd: Connection refused
10-16 14:58:01.324   267   774 I rc_service: count 319574 cpuc 8 irqno 69 paused? 0 cnt1 317350 cnt2 319497   song-gpio  61 Edge      mlx90393-irq
10-16 14:58:01.324   267   774 I rc_service: count 317426 cpuc 8 irqno 71 paused? 0 cnt1 317350 cnt2 319574   song-gpio  59 Edge      mlx90393-irq
10-16 14:58:01.710  1580  1608 V RadioStatService: Sending String: QGCCLBRSTATE Bytes: [0, 0, 0, 12, 81, 71, 67, 67, 76, 66, 82, 83, 84, 65, 84, 69]
10-16 14:58:01.759   290   320 E BoardControl: Unable to create sockfd: Connection refused
10-16 14:58:02.259   290   320 E BoardControl: Unable to create sockfd: Connection refused
10-16 14:58:02.327   267   774 I rc_service: count 319651 cpuc 8 irqno 69 paused? 0 cnt1 317426 cnt2 319574   song-gpio  61 Edge      mlx90393-irq
10-16 14:58:02.327   267   774 I rc_service: count 317503 cpuc 8 irqno 71 paused? 0 cnt1 317426 cnt2 319651   song-gpio  59 Edge      mlx90393-irq
10-16 14:58:02.760   290   320 D BoardControl: thermal sensor temperature max 61°C, report 57°C
10-16 14:58:02.785   290   320 E BoardControl: Unable to create sockfd: Connection refused
10-16 14:58:03.259   290   320 E BoardControl: Unable to create sockfd: Connection refused
10-16 14:58:03.330   267   774 I rc_service: count 319728 cpuc 8 irqno 69 paused? 0 cnt1 317503 cnt2 319651   song-gpio  61 Edge      mlx90393-irq
10-16 14:58:03.330   267   774 I rc_service: count 317579 cpuc 8 irqno 71 paused? 0 cnt1 317503 cnt2 319728   song-gpio  59 Edge      mlx90393-irq
10-16 14:58:03.759   290   320 E BoardControl: Unable to create sockfd: Connection refused
10-16 14:58:04.259   290   320 E BoardControl: Unable to create sockfd: Connection refused
10-16 14:58:04.332   267   774 I rc_service: count 319806 cpuc 8 irqno 69 paused? 0 cnt1 317579 cnt2 319728   song-gpio  61 Edge      mlx90393-irq
10-16 14:58:04.332   267   774 I rc_service: count 317655 cpuc 8 irqno 71 paused? 0 cnt1 317579 cnt2 319806   song-gpio  59 Edge      mlx90393-irq
10-16 14:58:04.759   290   320 E BoardControl: Unable to create sockfd: Connection refused
10-16 14:58:05.262   290   320 E BoardControl: Unable to create sockfd: Connection refused
10-16 14:58:05.334   267   774 I rc_service: count 319883 cpuc 8 irqno 69 paused? 0 cnt1 317655 cnt2 319806   song-gpio  61 Edge      mlx90393-irq
10-16 14:58:05.334   267   774 I rc_service: count 317732 cpuc 8 irqno 71 paused? 0 cnt1 317655 cnt2 319883   song-gpio  59 Edge      mlx90393-irq
10-16 14:58:05.759   290   320 E BoardControl: Unable to create sockfd: Connection refused
10-16 14:58:06.178   289   289 I mavlink-router: Endpoint board_endpoint[2] IN: 74 (1 KB), OUT: 3336 (83 KB) CRC error: 0 0% 0KBytes Sequence lost: 0 0% Handled: 74 1KBytes
10-16 14:58:06.179   289   289 I mavlink-router: Endpoint uav[1] IN: 125109 (4002 KB), OUT: 5915 (121 KB) CRC error: 0 0% 0KBytes Sequence lost: 1713924 93% Handled: 125109 4098KBytes
10-16 14:58:06.179   289   289 I mavlink-router: Endpoint qgc_gcs[2] IN: 1699 (34 KB), OUT: 128957 (4080 KB) CRC error: 0 0% 0KBytes Sequence lost: 9159 84% Handled: 1699 35KBytes
10-16 14:58:06.179   289   289 I mavlink-router: Endpoint gcs2[2] IN: 0 (0 KB), OUT: 129229 (4086 KB) CRC error: 0 0% 0KBytes Sequence lost: 0 0% Handled: 0 0KBytes
10-16 14:58:06.179   289   289 I mavlink-router: Endpoint gcs3[3] IN: 4142 (84 KB), OUT: 126827 (4037 KB) CRC error: 0 0% 0KBytes Sequence lost: 0 0% Handled: 4142 86KBytes
10-16 14:58:06.179   289   289 I mavlink-router: Endpoint gcs4[4] IN: 0 (0 KB), OUT: 130944 (4121 KB) CRC error: 0 0% 0KBytes Sequence lost: 0 0% Handled: 0 0KBytes
10-16 14:58:06.259   290   320 E BoardControl: Unable to create sockfd: Connection refused
10-16 14:58:06.337   267   774 I rc_service: count 319960 cpuc 8 irqno 69 paused? 0 cnt1 317732 cnt2 319883   song-gpio  61 Edge      mlx90393-irq
10-16 14:58:06.337   267   774 I rc_service: count 317809 cpuc 8 irqno 71 paused? 0 cnt1 317732 cnt2 319960   song-gpio  59 Edge      mlx90393-irq
10-16 14:58:06.759   290   320 E BoardControl: Unable to create sockfd: Connection refused
10-16 14:58:07.259   290   320 E BoardControl: Unable to create sockfd: Connection refused
10-16 14:58:07.341   267   774 I rc_service: count 320037 cpuc 8 irqno 69 paused? 0 cnt1 317809 cnt2 319960   song-gpio  61 Edge      mlx90393-irq
10-16 14:58:07.341   267   774 I rc_service: count 317885 cpuc 8 irqno 71 paused? 0 cnt1 317809 cnt2 320037   song-gpio  59 Edge      mlx90393-irq
10-16 14:58:07.761   290   320 D BoardControl: thermal sensor temperature max 61°C, report 57°C
10-16 14:58:07.784   290   320 E BoardControl: Unable to create sockfd: Connection refused
10-16 14:58:08.259   290   320 E BoardControl: Unable to create sockfd: Connection refused
10-16 14:58:08.344   267   774 I rc_service: count 320114 cpuc 8 irqno 69 paused? 0 cnt1 317885 cnt2 320037   song-gpio  61 Edge      mlx90393-irq
10-16 14:58:08.344   267   774 I rc_service: count 317962 cpuc 8 irqno 71 paused? 0 cnt1 317885 cnt2 320114   song-gpio  59 Edge      mlx90393-irq
10-16 14:58:08.759   290   320 E BoardControl: Unable to create sockfd: Connection refused
10-16 14:58:09.259   290   320 E BoardControl: Unable to create sockfd: Connection refused
10-16 14:58:09.348   267   774 I rc_service: count 320191 cpuc 8 irqno 69 paused? 0 cnt1 317962 cnt2 320114   song-gpio  61 Edge      mlx90393-irq
10-16 14:58:09.348   267   774 I rc_service: count 318038 cpuc 8 irqno 71 paused? 0 cnt1 317962 cnt2 320191   song-gpio  59 Edge      mlx90393-irq
10-16 14:58:09.759   290   320 E BoardControl: Unable to create sockfd: Connection refused
10-16 14:58:10.259   290   320 E BoardControl: Unable to create sockfd: Connection refused
10-16 14:58:10.351   267   774 I rc_service: count 320268 cpuc 8 irqno 69 paused? 0 cnt1 318038 cnt2 320191   song-gpio  61 Edge      mlx90393-irq
10-16 14:58:10.352   267   774 I rc_service: count 318115 cpuc 8 irqno 71 paused? 0 cnt1 318038 cnt2 320268   song-gpio  59 Edge      mlx90393-irq
10-16 14:58:10.759   290   320 E BoardControl: Unable to create sockfd: Connection refused
10-16 14:58:11.259   290   320 E BoardControl: Unable to create sockfd: Connection refused
10-16 14:58:11.355   267   774 I rc_service: count 320345 cpuc 8 irqno 69 paused? 0 cnt1 318115 cnt2 320268   song-gpio  61 Edge      mlx90393-irq
10-16 14:58:11.355   267   774 I rc_service: count 318192 cpuc 8 irqno 71 paused? 0 cnt1 318115 cnt2 320345   song-gpio  59 Edge      mlx90393-irq
10-16 14:58:11.730  1580  1608 V RadioStatService: Sending String: QGCCLBRSTATE Bytes: [0, 0, 0, 12, 81, 71, 67, 67, 76, 66, 82, 83, 84, 65, 84, 69]
10-16 14:58:11.759   290   320 E BoardControl: Unable to create sockfd: Connection refused
10-16 14:58:12.259   290   320 E BoardControl: Unable to create sockfd: Connection refused
10-16 14:58:12.358   267   774 I rc_service: count 320422 cpuc 8 irqno 69 paused? 0 cnt1 318192 cnt2 320345   song-gpio  61 Edge      mlx90393-irq
10-16 14:58:12.358   267   774 I rc_service: count 318268 cpuc 8 irqno 71 paused? 0 cnt1 318192 cnt2 320422   song-gpio  59 Edge      mlx90393-irq
10-16 14:58:12.761   290   320 D BoardControl: thermal sensor temperature max 61°C, report 57°C
10-16 14:58:12.779   290   320 E BoardControl: Unable to create sockfd: Connection refused
10-16 14:58:13.259   290   320 E BoardControl: Unable to create sockfd: Connection refused
10-16 14:58:13.361   267   774 I rc_service: count 320499 cpuc 8 irqno 69 paused? 0 cnt1 318268 cnt2 320422   song-gpio  61 Edge      mlx90393-irq
10-16 14:58:13.361   267   774 I rc_service: count 318345 cpuc 8 irqno 71 paused? 0 cnt1 318268 cnt2 320499   song-gpio  59 Edge      mlx90393-irq
10-16 14:58:13.759   290   320 E BoardControl: Unable to create sockfd: Connection refused
10-16 14:58:14.259   290   320 E BoardControl: Unable to create sockfd: Connection refused
10-16 14:58:14.365   267   774 I rc_service: count 320577 cpuc 8 irqno 69 paused? 0 cnt1 318345 cnt2 320499   song-gpio  61 Edge      mlx90393-irq
10-16 14:58:14.365   267   774 I rc_service: count 318421 cpuc 8 irqno 71 paused? 0 cnt1 318345 cnt2 320577   song-gpio  59 Edge      mlx90393-irq
10-16 14:58:14.759   290   320 E BoardControl: Unable to create sockfd: Connection refused
10-16 14:58:15.259   290   320 E BoardControl: Unable to create sockfd: Connection refused
10-16 14:58:15.368   267   774 I rc_service: count 320654 cpuc 8 irqno 69 paused? 0 cnt1 318421 cnt2 320577   song-gpio  61 Edge      mlx90393-irq
10-16 14:58:15.368   267   774 I rc_service: count 318498 cpuc 8 irqno 71 paused? 0 cnt1 318421 cnt2 320654   song-gpio  59 Edge      mlx90393-irq
10-16 14:58:15.759   290   320 E BoardControl: Unable to create sockfd: Connection refused
10-16 14:58:16.179   289   289 I mavlink-router: Endpoint board_endpoint[2] IN: 74 (1 KB), OUT: 3336 (83 KB) CRC error: 0 0% 0KBytes Sequence lost: 0 0% Handled: 74 1KBytes
10-16 14:58:16.179   289   289 I mavlink-router: Endpoint uav[1] IN: 125109 (4002 KB), OUT: 5935 (121 KB) CRC error: 0 0% 0KBytes Sequence lost: 1713924 93% Handled: 125109 4098KBytes
10-16 14:58:16.179   289   289 I mavlink-router: Endpoint qgc_gcs[2] IN: 1709 (35 KB), OUT: 128967 (4080 KB) CRC error: 0 0% 0KBytes Sequence lost: 9159 84% Handled: 1709 35KBytes
10-16 14:58:16.179   289   289 I mavlink-router: Endpoint gcs2[2] IN: 0 (0 KB), OUT: 129239 (4086 KB) CRC error: 0 0% 0KBytes Sequence lost: 0 0% Handled: 0 0KBytes
10-16 14:58:16.179   289   289 I mavlink-router: Endpoint gcs3[3] IN: 4152 (85 KB), OUT: 126837 (4037 KB) CRC error: 0 0% 0KBytes Sequence lost: 0 0% Handled: 4152 87KBytes
10-16 14:58:16.180   289   289 I mavlink-router: Endpoint gcs4[4] IN: 0 (0 KB), OUT: 130964 (4122 KB) CRC error: 0 0% 0KBytes Sequence lost: 0 0% Handled: 0 0KBytes
10-16 14:58:16.257   855   855 I PowerUI : temperature stats: 572,385,-990,-990,420
10-16 14:58:16.259   290   320 E BoardControl: Unable to create sockfd: Connection refused
10-16 14:58:16.372   267   774 I rc_service: count 320731 cpuc 8 irqno 69 paused? 0 cnt1 318498 cnt2 320654   song-gpio  61 Edge      mlx90393-irq
10-16 14:58:16.372   267   774 I rc_service: count 318575 cpuc 8 irqno 71 paused? 0 cnt1 318498 cnt2 320731   song-gpio  59 Edge      mlx90393-irq
10-16 14:58:16.625  3762  7231 W QGroundControl: No Internet Access
10-16 14:58:16.759   290   320 E BoardControl: Unable to create sockfd: Connection refused
10-16 14:58:17.259   290   320 E BoardControl: Unable to create sockfd: Connection refused
10-16 14:58:17.376   267   774 I rc_service: count 320808 cpuc 8 irqno 69 paused? 0 cnt1 318575 cnt2 320731   song-gpio  61 Edge      mlx90393-irq
10-16 14:58:17.376   267   774 I rc_service: count 318651 cpuc 8 irqno 71 paused? 0 cnt1 318575 cnt2 320808   song-gpio  59 Edge      mlx90393-irq
10-16 14:58:17.624  3762  7231 W QGroundControl: No Internet Access
10-16 14:58:17.760   290   320 D BoardControl: thermal sensor temperature max 61°C, report 57°C
10-16 14:58:17.790   290   320 E BoardControl: Unable to create sockfd: Connection refused
10-16 14:58:18.259   290   320 E BoardControl: Unable to create sockfd: Connection refused
10-16 14:58:18.379   267   774 I rc_service: count 320885 cpuc 8 irqno 69 paused? 0 cnt1 318651 cnt2 320808   song-gpio  61 Edge      mlx90393-irq
10-16 14:58:18.379   267   774 I rc_service: count 318728 cpuc 8 irqno 71 paused? 0 cnt1 318651 cnt2 320885   song-gpio  59 Edge      mlx90393-irq
10-16 14:58:18.759   290   320 E BoardControl: Unable to create sockfd: Connection refused
10-16 14:58:19.259   290   320 E BoardControl: Unable to create sockfd: Connection refused
10-16 14:58:19.382   267   774 I rc_service: count 320962 cpuc 8 irqno 69 paused? 0 cnt1 318728 cnt2 320885   song-gpio  61 Edge      mlx90393-irq
10-16 14:58:19.382   267   774 I rc_service: count 318804 cpuc 8 irqno 71 paused? 0 cnt1 318728 cnt2 320962   song-gpio  59 Edge      mlx90393-irq
10-16 14:58:19.759   290   320 E BoardControl: Unable to create sockfd: Connection refused
10-16 14:58:20.259   290   320 E BoardControl: Unable to create sockfd: Connection refused
10-16 14:58:20.384   267   774 I rc_service: count 321039 cpuc 8 irqno 69 paused? 0 cnt1 318804 cnt2 320962   song-gpio  61 Edge      mlx90393-irq
10-16 14:58:20.385   267   774 I rc_service: count 318881 cpuc 8 irqno 71 paused? 0 cnt1 318804 cnt2 321039   song-gpio  59 Edge      mlx90393-irq
10-16 14:58:20.759   290   320 E BoardControl: Unable to create sockfd: Connection refused
10-16 14:58:21.259   290   320 E BoardControl: Unable to create sockfd: Connection refused
10-16 14:58:21.388   267   774 I rc_service: count 321116 cpuc 8 irqno 69 paused? 0 cnt1 318881 cnt2 321039   song-gpio  61 Edge      mlx90393-irq
10-16 14:58:21.388   267   774 I rc_service: count 318958 cpuc 8 irqno 71 paused? 0 cnt1 318881 cnt2 321116   song-gpio  59 Edge      mlx90393-irq
10-16 14:58:21.749  1580  1608 V RadioStatService: Sending String: QGCCLBRSTATE Bytes: [0, 0, 0, 12, 81, 71, 67, 67, 76, 66, 82, 83, 84, 65, 84, 69]
10-16 14:58:21.759   290   320 E BoardControl: Unable to create sockfd: Connection refused
10-16 14:58:22.259   290   320 E BoardControl: Unable to create sockfd: Connection refused
10-16 14:58:22.391   267   774 I rc_service: count 321194 cpuc 8 irqno 69 paused? 0 cnt1 318958 cnt2 321116   song-gpio  61 Edge      mlx90393-irq
10-16 14:58:22.391   267   774 I rc_service: count 319034 cpuc 8 irqno 71 paused? 0 cnt1 318958 cnt2 321194   song-gpio  59 Edge      mlx90393-irq
10-16 14:58:22.760   290   320 D BoardControl: thermal sensor temperature max 61°C, report 57°C
10-16 14:58:22.791   290   320 E BoardControl: Unable to create sockfd: Connection refused
10-16 14:58:23.259   290   320 E BoardControl: Unable to create sockfd: Connection refused
10-16 14:58:23.394   267   774 I rc_service: count 321270 cpuc 8 irqno 69 paused? 0 cnt1 319034 cnt2 321194   song-gpio  61 Edge      mlx90393-irq
10-16 14:58:23.394   267   774 I rc_service: count 319111 cpuc 8 irqno 71 paused? 0 cnt1 319034 cnt2 321270   song-gpio  59 Edge      mlx90393-irq
10-16 14:58:23.759   290   320 E BoardControl: Unable to create sockfd: Connection refused
10-16 14:58:24.259   290   320 E BoardControl: Unable to create sockfd: Connection refused
10-16 14:58:24.398   267   774 I rc_service: count 321347 cpuc 8 irqno 69 paused? 0 cnt1 319111 cnt2 321270   song-gpio  61 Edge      mlx90393-irq
10-16 14:58:24.398   267   774 I rc_service: count 319187 cpuc 8 irqno 71 paused? 0 cnt1 319111 cnt2 321347   song-gpio  59 Edge      mlx90393-irq
10-16 14:58:24.759   290   320 E BoardControl: Unable to create sockfd: Connection refused
10-16 14:58:25.259   290   320 E BoardControl: Unable to create sockfd: Connection refused
10-16 14:58:25.401   267   774 I rc_service: count 321424 cpuc 8 irqno 69 paused? 0 cnt1 319187 cnt2 321347   song-gpio  61 Edge      mlx90393-irq
10-16 14:58:25.402   267   774 I rc_service: count 319264 cpuc 8 irqno 71 paused? 0 cnt1 319187 cnt2 321424   song-gpio  59 Edge      mlx90393-irq
10-16 14:58:25.759   290   320 E BoardControl: Unable to create sockfd: Connection refused
10-16 14:58:26.178   289   289 I mavlink-router: Endpoint board_endpoint[2] IN: 74 (1 KB), OUT: 3336 (83 KB) CRC error: 0 0% 0KBytes Sequence lost: 0 0% Handled: 74 1KBytes
10-16 14:58:26.178   289   289 I mavlink-router: Endpoint uav[1] IN: 125109 (4002 KB), OUT: 5955 (122 KB) CRC error: 0 0% 0KBytes Sequence lost: 1713924 93% Handled: 125109 4098KBytes
10-16 14:58:26.178   289   289 I mavlink-router: Endpoint qgc_gcs[2] IN: 1719 (35 KB), OUT: 128977 (4080 KB) CRC error: 0 0% 0KBytes Sequence lost: 9159 84% Handled: 1719 36KBytes
10-16 14:58:26.178   289   289 I mavlink-router: Endpoint gcs2[2] IN: 0 (0 KB), OUT: 129249 (4086 KB) CRC error: 0 0% 0KBytes Sequence lost: 0 0% Handled: 0 0KBytes
10-16 14:58:26.178   289   289 I mavlink-router: Endpoint gcs3[3] IN: 4162 (85 KB), OUT: 126847 (4038 KB) CRC error: 0 0% 0KBytes Sequence lost: 0 0% Handled: 4162 87KBytes
10-16 14:58:26.178   289   289 I mavlink-router: Endpoint gcs4[4] IN: 0 (0 KB), OUT: 130984 (4122 KB) CRC error: 0 0% 0KBytes Sequence lost: 0 0% Handled: 0 0KBytes
10-16 14:58:26.259   290   320 E BoardControl: Unable to create sockfd: Connection refused
10-16 14:58:26.405   267   774 I rc_service: count 321501 cpuc 8 irqno 69 paused? 0 cnt1 319264 cnt2 321424   song-gpio  61 Edge      mlx90393-irq
10-16 14:58:26.405   267   774 I rc_service: count 319341 cpuc 8 irqno 71 paused? 0 cnt1 319264 cnt2 321501   song-gpio  59 Edge      mlx90393-irq
10-16 14:58:26.759   290   320 E BoardControl: Unable to create sockfd: Connection refused
10-16 14:58:27.259   290   320 E BoardControl: Unable to create sockfd: Connection refused
10-16 14:58:27.408   267   774 I rc_service: count 321578 cpuc 8 irqno 69 paused? 0 cnt1 319341 cnt2 321501   song-gpio  61 Edge      mlx90393-irq
10-16 14:58:27.408   267   774 I rc_service: count 319417 cpuc 8 irqno 71 paused? 0 cnt1 319341 cnt2 321578   song-gpio  59 Edge      mlx90393-irq
10-16 14:58:27.760   290   320 D BoardControl: thermal sensor temperature max 61°C, report 56°C
10-16 14:58:27.787   290   320 E BoardControl: Unable to create sockfd: Connection refused
10-16 14:58:28.259   290   320 E BoardControl: Unable to create sockfd: Connection refused
10-16 14:58:28.411   267   774 I rc_service: count 321655 cpuc 8 irqno 69 paused? 0 cnt1 319417 cnt2 321578   song-gpio  61 Edge      mlx90393-irq
10-16 14:58:28.411   267   774 I rc_service: count 319494 cpuc 8 irqno 71 paused? 0 cnt1 319417 cnt2 321655   song-gpio  59 Edge      mlx90393-irq
10-16 14:58:28.759   290   320 E BoardControl: Unable to create sockfd: Connection refused
10-16 14:58:29.259   290   320 E BoardControl: Unable to create sockfd: Connection refused
10-16 14:58:29.414   267   774 I rc_service: count 321733 cpuc 8 irqno 69 paused? 0 cnt1 319494 cnt2 321655   song-gpio  61 Edge      mlx90393-irq
10-16 14:58:29.414   267   774 I rc_service: count 319570 cpuc 8 irqno 71 paused? 0 cnt1 319494 cnt2 321733   song-gpio  59 Edge      mlx90393-irq
10-16 14:58:29.759   290   320 E BoardControl: Unable to create sockfd: Connection refused
10-16 14:58:30.259   290   320 E BoardControl: Unable to create sockfd: Connection refused
10-16 14:58:30.418   267   774 I rc_service: count 321810 cpuc 8 irqno 69 paused? 0 cnt1 319570 cnt2 321733   song-gpio  61 Edge      mlx90393-irq
10-16 14:58:30.418   267   774 I rc_service: count 319647 cpuc 8 irqno 71 paused? 0 cnt1 319570 cnt2 321810   song-gpio  59 Edge      mlx90393-irq
10-16 14:58:30.759   290   320 E BoardControl: Unable to create sockfd: Connection refused
10-16 14:58:31.259   290   320 E BoardControl: Unable to create sockfd: Connection refused
10-16 14:58:31.422   267   774 I rc_service: count 321887 cpuc 8 irqno 69 paused? 0 cnt1 319647 cnt2 321810   song-gpio  61 Edge      mlx90393-irq
10-16 14:58:31.422   267   774 I rc_service: count 319724 cpuc 8 irqno 71 paused? 0 cnt1 319647 cnt2 321887   song-gpio  59 Edge      mlx90393-irq
10-16 14:58:31.759   290   320 E BoardControl: Unable to create sockfd: Connection refused
10-16 14:58:31.769  1580  1608 V RadioStatService: Sending String: QGCCLBRSTATE Bytes: [0, 0, 0, 12, 81, 71, 67, 67, 76, 66, 82, 83, 84, 65, 84, 69]
10-16 14:58:32.259   290   320 E BoardControl: Unable to create sockfd: Connection refused
10-16 14:58:32.425   267   774 I rc_service: count 321964 cpuc 8 irqno 69 paused? 0 cnt1 319724 cnt2 321887   song-gpio  61 Edge      mlx90393-irq
10-16 14:58:32.425   267   774 I rc_service: count 319800 cpuc 8 irqno 71 paused? 0 cnt1 319724 cnt2 321964   song-gpio  59 Edge      mlx90393-irq
10-16 14:58:32.760   290   320 D BoardControl: thermal sensor temperature max 61°C, report 57°C
10-16 14:58:32.792   290   320 E BoardControl: Unable to create sockfd: Connection refused
10-16 14:58:33.259   290   320 E BoardControl: Unable to create sockfd: Connection refused
10-16 14:58:33.428   267   774 I rc_service: count 322041 cpuc 8 irqno 69 paused? 0 cnt1 319800 cnt2 321964   song-gpio  61 Edge      mlx90393-irq
10-16 14:58:33.428   267   774 I rc_service: count 319877 cpuc 8 irqno 71 paused? 0 cnt1 319800 cnt2 322041   song-gpio  59 Edge      mlx90393-irq
10-16 14:58:33.759   290   320 E BoardControl: Unable to create sockfd: Connection refused
10-16 14:58:34.259   290   320 E BoardControl: Unable to create sockfd: Connection refused
10-16 14:58:34.429   267   774 I rc_service: count 322118 cpuc 8 irqno 69 paused? 0 cnt1 319877 cnt2 322041   song-gpio  61 Edge      mlx90393-irq
10-16 14:58:34.430   267   774 I rc_service: count 319953 cpuc 8 irqno 71 paused? 0 cnt1 319877 cnt2 322118   song-gpio  59 Edge      mlx90393-irq
10-16 14:58:34.759   290   320 E BoardControl: Unable to create sockfd: Connection refused
10-16 14:58:35.259   290   320 E BoardControl: Unable to create sockfd: Connection refused
10-16 14:58:35.432   267   774 I rc_service: count 322195 cpuc 8 irqno 69 paused? 0 cnt1 319953 cnt2 322118   song-gpio  61 Edge      mlx90393-irq
10-16 14:58:35.432   267   774 I rc_service: count 320030 cpuc 8 irqno 71 paused? 0 cnt1 319953 cnt2 322195   song-gpio  59 Edge      mlx90393-irq
10-16 14:58:35.759   290   320 E BoardControl: Unable to create sockfd: Connection refused
10-16 14:58:36.178   289   289 I mavlink-router: Endpoint board_endpoint[2] IN: 74 (1 KB), OUT: 3336 (83 KB) CRC error: 0 0% 0KBytes Sequence lost: 0 0% Handled: 74 1KBytes
10-16 14:58:36.178   289   289 I mavlink-router: Endpoint uav[1] IN: 125109 (4002 KB), OUT: 5975 (122 KB) CRC error: 0 0% 0KBytes Sequence lost: 1713924 93% Handled: 125109 4098KBytes
10-16 14:58:36.178   289   289 I mavlink-router: Endpoint qgc_gcs[2] IN: 1729 (35 KB), OUT: 128987 (4081 KB) CRC error: 0 0% 0KBytes Sequence lost: 9159 84% Handled: 1729 36KBytes
10-16 14:58:36.178   289   289 I mavlink-router: Endpoint gcs2[2] IN: 0 (0 KB), OUT: 129259 (4087 KB) CRC error: 0 0% 0KBytes Sequence lost: 0 0% Handled: 0 0KBytes
10-16 14:58:36.178   289   289 I mavlink-router: Endpoint gcs3[3] IN: 4172 (85 KB), OUT: 126857 (4038 KB) CRC error: 0 0% 0KBytes Sequence lost: 0 0% Handled: 4172 87KBytes
10-16 14:58:36.178   289   289 I mavlink-router: Endpoint gcs4[4] IN: 0 (0 KB), OUT: 131004 (4123 KB) CRC error: 0 0% 0KBytes Sequence lost: 0 0% Handled: 0 0KBytes
10-16 14:58:36.259   290   320 E BoardControl: Unable to create sockfd: Connection refused
10-16 14:58:36.435   267   774 I rc_service: count 322272 cpuc 8 irqno 69 paused? 0 cnt1 320030 cnt2 322195   song-gpio  61 Edge      mlx90393-irq
10-16 14:58:36.435   267   774 I rc_service: count 320106 cpuc 8 irqno 71 paused? 0 cnt1 320030 cnt2 322272   song-gpio  59 Edge      mlx90393-irq
10-16 14:58:36.759   290   320 E BoardControl: Unable to create sockfd: Connection refused
10-16 14:58:37.259   290   320 E BoardControl: Unable to create sockfd: Connection refused
10-16 14:58:37.439   267   774 I rc_service: count 322349 cpuc 8 irqno 69 paused? 0 cnt1 320106 cnt2 322272   song-gpio  61 Edge      mlx90393-irq
10-16 14:58:37.440   267   774 I rc_service: count 320183 cpuc 8 irqno 71 paused? 0 cnt1 320106 cnt2 322349   song-gpio  59 Edge      mlx90393-irq
10-16 14:58:37.760   290   320 D BoardControl: thermal sensor temperature max 61°C, report 56°C
10-16 14:58:37.788   290   320 E BoardControl: Unable to create sockfd: Connection refused
10-16 14:58:38.259   290   320 E BoardControl: Unable to create sockfd: Connection refused
10-16 14:58:38.442   267   774 I rc_service: count 322427 cpuc 8 irqno 69 paused? 0 cnt1 320183 cnt2 322349   song-gpio  61 Edge      mlx90393-irq
10-16 14:58:38.443   267   774 I rc_service: count 320260 cpuc 8 irqno 71 paused? 0 cnt1 320183 cnt2 322427   song-gpio  59 Edge      mlx90393-irq
10-16 14:58:38.759   290   320 E BoardControl: Unable to create sockfd: Connection refused
10-16 14:58:39.259   290   320 E BoardControl: Unable to create sockfd: Connection refused
10-16 14:58:39.446   267   774 I rc_service: count 322504 cpuc 8 irqno 69 paused? 0 cnt1 320260 cnt2 322427   song-gpio  61 Edge      mlx90393-irq
10-16 14:58:39.446   267   774 I rc_service: count 320336 cpuc 8 irqno 71 paused? 0 cnt1 320260 cnt2 322504   song-gpio  59 Edge      mlx90393-irq
10-16 14:58:39.759   290   320 E BoardControl: Unable to create sockfd: Connection refused
10-16 14:58:40.259   290   320 E BoardControl: Unable to create sockfd: Connection refused
10-16 14:58:40.449   267   774 I rc_service: count 322581 cpuc 8 irqno 69 paused? 0 cnt1 320336 cnt2 322504   song-gpio  61 Edge      mlx90393-irq
10-16 14:58:40.449   267   774 I rc_service: count 320413 cpuc 8 irqno 71 paused? 0 cnt1 320336 cnt2 322581   song-gpio  59 Edge      mlx90393-irq
10-16 14:58:40.759   290   320 E BoardControl: Unable to create sockfd: Connection refused
10-16 14:58:41.259   290   320 E BoardControl: Unable to create sockfd: Connection refused
10-16 14:58:41.452   267   774 I rc_service: count 322658 cpuc 8 irqno 69 paused? 0 cnt1 320413 cnt2 322581   song-gpio  61 Edge      mlx90393-irq
10-16 14:58:41.452   267   774 I rc_service: count 320489 cpuc 8 irqno 71 paused? 0 cnt1 320413 cnt2 322658   song-gpio  59 Edge      mlx90393-irq
10-16 14:58:41.759   290   320 E BoardControl: Unable to create sockfd: Connection refused
10-16 14:58:41.788  1580  1608 V RadioStatService: Sending String: QGCCLBRSTATE Bytes: [0, 0, 0, 12, 81, 71, 67, 67, 76, 66, 82, 83, 84, 65, 84, 69]
10-16 14:58:42.259   290   320 E BoardControl: Unable to create sockfd: Connection refused
10-16 14:58:42.455   267   774 I rc_service: count 322735 cpuc 8 irqno 69 paused? 0 cnt1 320489 cnt2 322658   song-gpio  61 Edge      mlx90393-irq
10-16 14:58:42.455   267   774 I rc_service: count 320566 cpuc 8 irqno 71 paused? 0 cnt1 320489 cnt2 322735   song-gpio  59 Edge      mlx90393-irq
10-16 14:58:42.760   290   320 D BoardControl: thermal sensor temperature max 61°C, report 57°C
10-16 14:58:42.781   290   320 E BoardControl: Unable to create sockfd: Connection refused
10-16 14:58:43.259   290   320 E BoardControl: Unable to create sockfd: Connection refused
10-16 14:58:43.459   267   774 I rc_service: count 322812 cpuc 8 irqno 69 paused? 0 cnt1 320566 cnt2 322735   song-gpio  61 Edge      mlx90393-irq
10-16 14:58:43.459   267   774 I rc_service: count 320642 cpuc 8 irqno 71 paused? 0 cnt1 320566 cnt2 322812   song-gpio  59 Edge      mlx90393-irq
10-16 14:58:43.759   290   320 E BoardControl: Unable to create sockfd: Connection refused
10-16 14:58:44.259   290   320 E BoardControl: Unable to create sockfd: Connection refused
10-16 14:58:44.462   267   774 I rc_service: count 322889 cpuc 8 irqno 69 paused? 0 cnt1 320642 cnt2 322812   song-gpio  61 Edge      mlx90393-irq
10-16 14:58:44.462   267   774 I rc_service: count 320719 cpuc 8 irqno 71 paused? 0 cnt1 320642 cnt2 322889   song-gpio  59 Edge      mlx90393-irq
10-16 14:58:44.759   290   320 E BoardControl: Unable to create sockfd: Connection refused
10-16 14:58:45.259   290   320 E BoardControl: Unable to create sockfd: Connection refused
10-16 14:58:45.466   267   774 I rc_service: count 322967 cpuc 8 irqno 69 paused? 0 cnt1 320719 cnt2 322889   song-gpio  61 Edge      mlx90393-irq
10-16 14:58:45.466   267   774 I rc_service: count 320796 cpuc 8 irqno 71 paused? 0 cnt1 320719 cnt2 322967   song-gpio  59 Edge      mlx90393-irq
10-16 14:58:45.710   266   266 I usbethx : change@/devices/platform/soc/fa896000.i2c/i2c-1/1-0063/power_supply/battery
10-16 14:58:45.711   266   266 I usbethx : ACTION=change
10-16 14:58:45.711   266   266 I usbethx : DEVPATH=/devices/platform/soc/fa896000.i2c/i2c-1/1-0063/power_supply/battery
10-16 14:58:45.711   266   266 I usbethx : SUBSYSTEM=power_supply
10-16 14:58:45.711   266   266 I usbethx : POWER_SUPPLY_NAME=battery
10-16 14:58:45.711   266   266 I usbethx : POWER_SUPPLY_CAPACITY=85
10-16 14:58:45.711   266   266 I usbethx : POWER_SUPPLY_STATUS=Charging
10-16 14:58:45.711   266   266 I usbethx : POWER_SUPPLY_HEALTH=Good
10-16 14:58:45.711   266   266 I usbethx : POWER_SUPPLY_PRESENT=1
10-16 14:58:45.712   266   266 I usbethx : POWER_SUPPLY_VOLTAGE_NOW=3985000
10-16 14:58:45.712   266   266 I usbethx : POWER_SUPPLY_TECHNOLOGY=Li-ion
10-16 14:58:45.712   266   266 I usbethx : POWER_SUPPLY_TEMP=385
10-16 14:58:45.712   266   266 I usbethx : POWER_SUPPLY_CHARGE_FULL_DESIGN=5000
10-16 14:58:45.712   266   266 I usbethx : POWER_SUPPLY_TYPE=Battery
10-16 14:58:45.712   266   266 I usbethx : SEQNUM=2103
10-16 14:58:45.759   290   320 E BoardControl: Unable to create sockfd: Connection refused
10-16 14:58:46.178   289   289 I mavlink-router: Endpoint board_endpoint[2] IN: 74 (1 KB), OUT: 3336 (83 KB) CRC error: 0 0% 0KBytes Sequence lost: 0 0% Handled: 74 1KBytes
10-16 14:58:46.178   289   289 I mavlink-router: Endpoint uav[1] IN: 125109 (4002 KB), OUT: 5995 (123 KB) CRC error: 0 0% 0KBytes Sequence lost: 1713924 93% Handled: 125109 4098KBytes
10-16 14:58:46.178   289   289 I mavlink-router: Endpoint qgc_gcs[2] IN: 1739 (35 KB), OUT: 128997 (4081 KB) CRC error: 0 0% 0KBytes Sequence lost: 9159 84% Handled: 1739 36KBytes
10-16 14:58:46.178   289   289 I mavlink-router: Endpoint gcs2[2] IN: 0 (0 KB), OUT: 129269 (4087 KB) CRC error: 0 0% 0KBytes Sequence lost: 0 0% Handled: 0 0KBytes
10-16 14:58:46.178   289   289 I mavlink-router: Endpoint gcs3[3] IN: 4182 (85 KB), OUT: 126867 (4038 KB) CRC error: 0 0% 0KBytes Sequence lost: 0 0% Handled: 4182 87KBytes
10-16 14:58:46.178   289   289 I mavlink-router: Endpoint gcs4[4] IN: 0 (0 KB), OUT: 131024 (4123 KB) CRC error: 0 0% 0KBytes Sequence lost: 0 0% Handled: 0 0KBytes
10-16 14:58:46.259   290   320 E BoardControl: Unable to create sockfd: Connection refused
10-16 14:58:46.259   855   855 I PowerUI : temperature stats: 572,385,-990,-990,420
10-16 14:58:46.469   267   774 I rc_service: count 323044 cpuc 8 irqno 69 paused? 0 cnt1 320796 cnt2 322967   song-gpio  61 Edge      mlx90393-irq
10-16 14:58:46.469   267   774 I rc_service: count 320872 cpuc 8 irqno 71 paused? 0 cnt1 320796 cnt2 323044   song-gpio  59 Edge      mlx90393-irq
10-16 14:58:46.624  3762  7248 W QGroundControl: No Internet Access
10-16 14:58:46.759   290   320 E BoardControl: Unable to create sockfd: Connection refused
10-16 14:58:47.259   290   320 E BoardControl: Unable to create sockfd: Connection refused
10-16 14:58:47.472   267   774 I rc_service: count 323121 cpuc 8 irqno 69 paused? 0 cnt1 320872 cnt2 323044   song-gpio  61 Edge      mlx90393-irq
10-16 14:58:47.473   267   774 I rc_service: count 320949 cpuc 8 irqno 71 paused? 0 cnt1 320872 cnt2 323121   song-gpio  59 Edge      mlx90393-irq
10-16 14:58:47.624  3762  7248 W QGroundControl: No Internet Access
10-16 14:58:47.761   290   320 D BoardControl: thermal sensor temperature max 61°C, report 57°C
10-16 14:58:47.789   290   320 E BoardControl: Unable to create sockfd: Connection refused
10-16 14:58:48.259   290   320 E BoardControl: Unable to create sockfd: Connection refused
10-16 14:58:48.476   267   774 I rc_service: count 323198 cpuc 8 irqno 69 paused? 0 cnt1 320949 cnt2 323121   song-gpio  61 Edge      mlx90393-irq
10-16 14:58:48.476   267   774 I rc_service: count 321025 cpuc 8 irqno 71 paused? 0 cnt1 320949 cnt2 323198   song-gpio  59 Edge      mlx90393-irq
10-16 14:58:48.759   290   320 E BoardControl: Unable to create sockfd: Connection refused
10-16 14:58:49.259   290   320 E BoardControl: Unable to create sockfd: Connection refused
10-16 14:58:49.479   267   774 I rc_service: count 323275 cpuc 8 irqno 69 paused? 0 cnt1 321025 cnt2 323198   song-gpio  61 Edge      mlx90393-irq
10-16 14:58:49.479   267   774 I rc_service: count 321102 cpuc 8 irqno 71 paused? 0 cnt1 321025 cnt2 323275   song-gpio  59 Edge      mlx90393-irq
10-16 14:58:49.759   290   320 E BoardControl: Unable to create sockfd: Connection refused
10-16 14:58:50.259   290   320 E BoardControl: Unable to create sockfd: Connection refused
10-16 14:58:50.482   267   774 I rc_service: count 323352 cpuc 8 irqno 69 paused? 0 cnt1 321102 cnt2 323275   song-gpio  61 Edge      mlx90393-irq
10-16 14:58:50.482   267   774 I rc_service: count 321179 cpuc 8 irqno 71 paused? 0 cnt1 321102 cnt2 323352   song-gpio  59 Edge      mlx90393-irq
10-16 14:58:50.759   290   320 E BoardControl: Unable to create sockfd: Connection refused
10-16 14:58:51.259   290   320 E BoardControl: Unable to create sockfd: Connection refused
10-16 14:58:51.485   267   774 I rc_service: count 323429 cpuc 8 irqno 69 paused? 0 cnt1 321179 cnt2 323352   song-gpio  61 Edge      mlx90393-irq
10-16 14:58:51.485   267   774 I rc_service: count 321255 cpuc 8 irqno 71 paused? 0 cnt1 321179 cnt2 323429   song-gpio  59 Edge      mlx90393-irq
10-16 14:58:51.759   290   320 E BoardControl: Unable to create sockfd: Connection refused
10-16 14:58:51.801  1580  1608 V RadioStatService: Sending String: QGCCLBRSTATE Bytes: [0, 0, 0, 12, 81, 71, 67, 67, 76, 66, 82, 83, 84, 65, 84, 69]
10-16 14:58:52.259   290   320 E BoardControl: Unable to create sockfd: Connection refused
10-16 14:58:52.488   267   774 I rc_service: count 323506 cpuc 8 irqno 69 paused? 0 cnt1 321255 cnt2 323429   song-gpio  61 Edge      mlx90393-irq
10-16 14:58:52.488   267   774 I rc_service: count 321332 cpuc 8 irqno 71 paused? 0 cnt1 321255 cnt2 323506   song-gpio  59 Edge      mlx90393-irq
10-16 14:58:52.763   290   320 D BoardControl: thermal sensor temperature max 61°C, report 56°C
10-16 14:58:52.763   290   320 D BoardControl: cpu temperature changed to 56°C
10-16 14:58:52.789   290   320 E BoardControl: Unable to create sockfd: Connection refused
10-16 14:58:53.259   290   320 E BoardControl: Unable to create sockfd: Connection refused
10-16 14:58:53.492   267   774 I rc_service: count 323584 cpuc 8 irqno 69 paused? 0 cnt1 321332 cnt2 323506   song-gpio  61 Edge      mlx90393-irq
10-16 14:58:53.492   267   774 I rc_service: count 321408 cpuc 8 irqno 71 paused? 0 cnt1 321332 cnt2 323584   song-gpio  59 Edge      mlx90393-irq
10-16 14:58:53.759   290   320 E BoardControl: Unable to create sockfd: Connection refused
10-16 14:58:54.259   290   320 E BoardControl: Unable to create sockfd: Connection refused
10-16 14:58:54.495   267   774 I rc_service: count 323661 cpuc 8 irqno 69 paused? 0 cnt1 321408 cnt2 323584   song-gpio  61 Edge      mlx90393-irq
10-16 14:58:54.495   267   774 I rc_service: count 321485 cpuc 8 irqno 71 paused? 0 cnt1 321408 cnt2 323661   song-gpio  59 Edge      mlx90393-irq
10-16 14:58:54.759   290   320 E BoardControl: Unable to create sockfd: Connection refused
10-16 14:58:55.259   290   320 E BoardControl: Unable to create sockfd: Connection refused
10-16 14:58:55.498   267   774 I rc_service: count 323738 cpuc 8 irqno 69 paused? 0 cnt1 321485 cnt2 323661   song-gpio  61 Edge      mlx90393-irq
