10-16 14:52:31.952   290   320 D BoardControl: received air temperature cpu: 0°C pa: 10°C
10-16 14:52:32.121   289   289 W mavlink-router: [gcs2] writing may block mainloop: [7ms]
10-16 14:52:32.202   267   774 I rc_service: count 294290 cpuc 8 irqno 69 paused? 0 cnt1 292230 cnt2 294213   song-gpio  61 Edge      mlx90393-irq
10-16 14:52:32.202   267   774 I rc_service: count 292306 cpuc 8 irqno 71 paused? 0 cnt1 292230 cnt2 294290   song-gpio  59 Edge      mlx90393-irq
10-16 14:52:32.259   290   320 E BoardControl: Unable to create sockfd: Connection refused
10-16 14:52:32.459   290   320 D BoardControl: received air temperature cpu: 0°C pa: 10°C
10-16 14:52:32.760   290   320 D BoardControl: thermal sensor temperature max 65°C, report 60°C
10-16 14:52:32.791   290   320 E BoardControl: Unable to create sockfd: Connection refused
10-16 14:52:32.952   290   320 D BoardControl: received air temperature cpu: 0°C pa: 10°C
10-16 14:52:32.982   289   289 W mavlink-router: [gcs2] writing may block mainloop: [5ms]
10-16 14:52:33.077   290   320 D BoardControl: received air temperature cpu: 46°C pa: 42°C
10-16 14:52:33.205   267   774 I rc_service: count 294367 cpuc 8 irqno 69 paused? 0 cnt1 292306 cnt2 294290   song-gpio  61 Edge      mlx90393-irq
10-16 14:52:33.205   267   774 I rc_service: count 292383 cpuc 8 irqno 71 paused? 0 cnt1 292306 cnt2 294367   song-gpio  59 Edge      mlx90393-irq
10-16 14:52:33.259   290   320 E BoardControl: Unable to create sockfd: Connection refused
10-16 14:52:33.452   290   320 D BoardControl: received air temperature cpu: 0°C pa: 10°C
10-16 14:52:33.759   290   320 E BoardControl: Unable to create sockfd: Connection refused
10-16 14:52:33.952   290   320 D BoardControl: received air temperature cpu: 0°C pa: 10°C
10-16 14:52:34.208   267   774 I rc_service: count 294444 cpuc 8 irqno 69 paused? 0 cnt1 292383 cnt2 294367   song-gpio  61 Edge      mlx90393-irq
10-16 14:52:34.208   267   774 I rc_service: count 292460 cpuc 8 irqno 71 paused? 0 cnt1 292383 cnt2 294444   song-gpio  59 Edge      mlx90393-irq
10-16 14:52:34.260   290   320 E BoardControl: Unable to create sockfd: Connection refused
10-16 14:52:34.454   290   320 D BoardControl: received air temperature cpu: 0°C pa: 10°C
10-16 14:52:34.759   290   320 E BoardControl: Unable to create sockfd: Connection refused
10-16 14:52:34.953   290   320 D BoardControl: received air temperature cpu: 0°C pa: 10°C
10-16 14:52:35.211   267   774 I rc_service: count 294521 cpuc 8 irqno 69 paused? 0 cnt1 292460 cnt2 294444   song-gpio  61 Edge      mlx90393-irq
10-16 14:52:35.211   267   774 I rc_service: count 292536 cpuc 8 irqno 71 paused? 0 cnt1 292460 cnt2 294521   song-gpio  59 Edge      mlx90393-irq
10-16 14:52:35.259   290   320 E BoardControl: Unable to create sockfd: Connection refused
10-16 14:52:35.452   290   320 D BoardControl: received air temperature cpu: 0°C pa: 10°C
10-16 14:52:35.551   289   289 W mavlink-router: [qgc_gcs] writing may block mainloop: [4ms]
10-16 14:52:35.759   290   320 E BoardControl: Unable to create sockfd: Connection refused
10-16 14:52:35.954   290   320 D BoardControl: received air temperature cpu: 0°C pa: 10°C
10-16 14:52:36.179   289   289 I mavlink-router: Endpoint board_endpoint[2] IN: 74 (1 KB), OUT: 3328 (83 KB) CRC error: 0 0% 0KBytes Sequence lost: 0 0% Handled: 74 1KBytes
10-16 14:52:36.179   289   289 I mavlink-router: Endpoint uav[1] IN: 124817 (3992 KB), OUT: 5256 (107 KB) CRC error: 0 0% 0KBytes Sequence lost: 1711386 93% Handled: 124817 4088KBytes
10-16 14:52:36.179   289   289 I mavlink-router: Endpoint qgc_gcs[2] IN: 1369 (28 KB), OUT: 128337 (4064 KB) CRC error: 0 0% 0KBytes Sequence lost: 9153 86% Handled: 1369 28KBytes
10-16 14:52:36.180   289   289 I mavlink-router: Endpoint gcs2[2] IN: 0 (0 KB), OUT: 128608 (4070 KB) CRC error: 0 0% 0KBytes Sequence lost: 0 0% Handled: 0 0KBytes
10-16 14:52:36.180   289   289 I mavlink-router: Endpoint gcs3[3] IN: 3813 (78 KB), OUT: 126205 (4021 KB) CRC error: 0 0% 0KBytes Sequence lost: 0 0% Handled: 3813 80KBytes
10-16 14:52:36.180   289   289 I mavlink-router: Endpoint gcs4[4] IN: 0 (0 KB), OUT: 129993 (4098 KB) CRC error: 0 0% 0KBytes Sequence lost: 0 0% Handled: 0 0KBytes
10-16 14:52:36.214   267   774 I rc_service: count 294598 cpuc 8 irqno 69 paused? 0 cnt1 292536 cnt2 294521   song-gpio  61 Edge      mlx90393-irq
10-16 14:52:36.215   267   774 I rc_service: count 292613 cpuc 8 irqno 71 paused? 0 cnt1 292536 cnt2 294598   song-gpio  59 Edge      mlx90393-irq
10-16 14:52:36.260   290   320 E BoardControl: Unable to create sockfd: Connection refused
10-16 14:52:36.452   290   320 D BoardControl: received air temperature cpu: 0°C pa: 10°C
10-16 14:52:36.759   290   320 E BoardControl: Unable to create sockfd: Connection refused
10-16 14:52:36.952   290   320 D BoardControl: received air temperature cpu: 0°C pa: 10°C
10-16 14:52:37.017   289   289 W mavlink-router: [gcs2] writing may block mainloop: [5ms]
10-16 14:52:37.071   266   266 I usbethx : change@/devices/platform/soc/fa896000.i2c/i2c-1/1-0063/power_supply/battery
10-16 14:52:37.071   266   266 I usbethx : ACTION=change
10-16 14:52:37.071   266   266 I usbethx : DEVPATH=/devices/platform/soc/fa896000.i2c/i2c-1/1-0063/power_supply/battery
10-16 14:52:37.071   266   266 I usbethx : SUBSYSTEM=power_supply
10-16 14:52:37.071   266   266 I usbethx : POWER_SUPPLY_NAME=battery
10-16 14:52:37.071   266   266 I usbethx : POWER_SUPPLY_CAPACITY=85
10-16 14:52:37.071   266   266 I usbethx : POWER_SUPPLY_STATUS=Charging
10-16 14:52:37.071   266   266 I usbethx : POWER_SUPPLY_HEALTH=Good
10-16 14:52:37.071   266   266 I usbethx : POWER_SUPPLY_PRESENT=1
10-16 14:52:37.071   266   266 I usbethx : POWER_SUPPLY_VOLTAGE_NOW=3962000
10-16 14:52:37.071   266   266 I usbethx : POWER_SUPPLY_TECHNOLOGY=Li-ion
10-16 14:52:37.071   266   266 I usbethx : POWER_SUPPLY_TEMP=385
10-16 14:52:37.071   266   266 I usbethx : POWER_SUPPLY_CHARGE_FULL_DESIGN=5000
10-16 14:52:37.071   266   266 I usbethx : POWER_SUPPLY_TYPE=Battery
10-16 14:52:37.071   266   266 I usbethx : SEQNUM=2097
10-16 14:52:37.218   267   774 I rc_service: count 294675 cpuc 8 irqno 69 paused? 0 cnt1 292613 cnt2 294598   song-gpio  61 Edge      mlx90393-irq
10-16 14:52:37.218   267   774 I rc_service: count 292689 cpuc 8 irqno 71 paused? 0 cnt1 292613 cnt2 294675   song-gpio  59 Edge      mlx90393-irq
10-16 14:52:37.259   290   320 E BoardControl: Unable to create sockfd: Connection refused
10-16 14:52:37.452   290   320 D BoardControl: received air temperature cpu: 0°C pa: 10°C
10-16 14:52:37.761   290   320 D BoardControl: thermal sensor temperature max 65°C, report 61°C
10-16 14:52:37.761   290   320 D BoardControl: cpu temperature changed to 61°C
10-16 14:52:37.783   290   320 E BoardControl: Unable to create sockfd: Connection refused
10-16 14:52:37.952   290   320 D BoardControl: received air temperature cpu: 0°C pa: 10°C
10-16 14:52:38.075   290   320 D BoardControl: received air temperature cpu: 46°C pa: 42°C
10-16 14:52:38.221   267   774 I rc_service: count 294752 cpuc 8 irqno 69 paused? 0 cnt1 292689 cnt2 294675   song-gpio  61 Edge      mlx90393-irq
10-16 14:52:38.222   267   774 I rc_service: count 292766 cpuc 8 irqno 71 paused? 0 cnt1 292689 cnt2 294752   song-gpio  59 Edge      mlx90393-irq
10-16 14:52:38.260   290   320 E BoardControl: Unable to create sockfd: Connection refused
10-16 14:52:38.455   290   320 D BoardControl: received air temperature cpu: 0°C pa: 10°C
10-16 14:52:38.759   290   320 E BoardControl: Unable to create sockfd: Connection refused
10-16 14:52:38.953   290   320 D BoardControl: received air temperature cpu: 0°C pa: 10°C
10-16 14:52:39.224   267   774 I rc_service: count 294829 cpuc 8 irqno 69 paused? 0 cnt1 292766 cnt2 294752   song-gpio  61 Edge      mlx90393-irq
10-16 14:52:39.224   267   774 I rc_service: count 292842 cpuc 8 irqno 71 paused? 0 cnt1 292766 cnt2 294829   song-gpio  59 Edge      mlx90393-irq
10-16 14:52:39.259   290   320 E BoardControl: Unable to create sockfd: Connection refused
10-16 14:52:39.759   290   320 E BoardControl: Unable to create sockfd: Connection refused
10-16 14:52:40.228   267   774 I rc_service: count 294906 cpuc 8 irqno 69 paused? 0 cnt1 292842 cnt2 294829   song-gpio  61 Edge      mlx90393-irq
10-16 14:52:40.228   267   774 I rc_service: count 292919 cpuc 8 irqno 71 paused? 0 cnt1 292842 cnt2 294906   song-gpio  59 Edge      mlx90393-irq
10-16 14:52:40.259   290   320 E BoardControl: Unable to create sockfd: Connection refused
10-16 14:52:40.759   290   320 E BoardControl: Unable to create sockfd: Connection refused
10-16 14:52:41.095  1580  1608 V RadioStatService: Sending String: QGCCLBRSTATE Bytes: [0, 0, 0, 12, 81, 71, 67, 67, 76, 66, 82, 83, 84, 65, 84, 69]
10-16 14:52:41.231   267   774 I rc_service: count 294983 cpuc 8 irqno 69 paused? 0 cnt1 292919 cnt2 294906   song-gpio  61 Edge      mlx90393-irq
10-16 14:52:41.231   267   774 I rc_service: count 292995 cpuc 8 irqno 71 paused? 0 cnt1 292919 cnt2 294983   song-gpio  59 Edge      mlx90393-irq
10-16 14:52:41.259   290   320 E BoardControl: Unable to create sockfd: Connection refused
10-16 14:52:41.760   290   320 E BoardControl: Unable to create sockfd: Connection refused
10-16 14:52:42.235   267   774 I rc_service: count 295060 cpuc 8 irqno 69 paused? 0 cnt1 292995 cnt2 294983   song-gpio  61 Edge      mlx90393-irq
10-16 14:52:42.235   267   774 I rc_service: count 293072 cpuc 8 irqno 71 paused? 0 cnt1 292995 cnt2 295060   song-gpio  59 Edge      mlx90393-irq
10-16 14:52:42.259   290   320 E BoardControl: Unable to create sockfd: Connection refused
10-16 14:52:42.760   290   320 D BoardControl: thermal sensor temperature max 64°C, report 59°C
10-16 14:52:42.760   290   320 D BoardControl: cpu temperature changed to 59°C
10-16 14:52:42.787   290   320 E BoardControl: Unable to create sockfd: Connection refused
10-16 14:52:43.113  3762  3777 W QtTextToSpeech: communication lost
10-16 14:52:43.143  3762  3777 W QtTextToSpeech: RESULT: 0
10-16 14:52:43.172  3762  3796 W UtteranceProgressListener: onStart
10-16 14:52:43.180  3798  3815 D AudioTrack: Client defaulted notificationFrames to 1365 for frameCount 4096
10-16 14:52:43.183   270   374 V audio_hw: get_ucm_string2: devices = 0x00000002-0x00000000, id = PlaybackPCM, def = hw:0,0
10-16 14:52:43.183   270   374 V audio_hw: get_ucm_string2: id = PlaybackPCM, value = primary
10-16 14:52:43.238   267   774 I rc_service: count 295137 cpuc 8 irqno 69 paused? 0 cnt1 293072 cnt2 295060   song-gpio  61 Edge      mlx90393-irq
10-16 14:52:43.238   267   774 I rc_service: count 293149 cpuc 8 irqno 71 paused? 0 cnt1 293072 cnt2 295137   song-gpio  59 Edge      mlx90393-irq
10-16 14:52:43.259   290   320 E BoardControl: Unable to create sockfd: Connection refused
10-16 14:52:43.335   270   374 D AudioFlinger: mixer(0xed7143c0) throttle end: throttle time(41)
10-16 14:52:43.759   290   320 E BoardControl: Unable to create sockfd: Connection refused
10-16 14:52:44.242   267   774 I rc_service: count 295215 cpuc 8 irqno 69 paused? 0 cnt1 293149 cnt2 295137   song-gpio  61 Edge      mlx90393-irq
10-16 14:52:44.242   267   774 I rc_service: count 293225 cpuc 8 irqno 71 paused? 0 cnt1 293149 cnt2 295215   song-gpio  59 Edge      mlx90393-irq
10-16 14:52:44.260   290   320 E BoardControl: Unable to create sockfd: Connection refused
10-16 14:52:44.759   290   320 E BoardControl: Unable to create sockfd: Connection refused
10-16 14:52:44.818  3762  3774 W UtteranceProgressListener: onDone
10-16 14:52:45.246   267   774 I rc_service: count 295292 cpuc 8 irqno 69 paused? 0 cnt1 293225 cnt2 295215   song-gpio  61 Edge      mlx90393-irq
10-16 14:52:45.246   267   774 I rc_service: count 293302 cpuc 8 irqno 71 paused? 0 cnt1 293225 cnt2 295292   song-gpio  59 Edge      mlx90393-irq
10-16 14:52:45.260   290   320 E BoardControl: Unable to create sockfd: Connection refused
10-16 14:52:45.759   290   320 E BoardControl: Unable to create sockfd: Connection refused
10-16 14:52:46.178   289   289 I mavlink-router: Endpoint board_endpoint[2] IN: 74 (1 KB), OUT: 3336 (83 KB) CRC error: 0 0% 0KBytes Sequence lost: 0 0% Handled: 74 1KBytes
10-16 14:52:46.178   289   289 I mavlink-router: Endpoint uav[1] IN: 125109 (4002 KB), OUT: 5276 (108 KB) CRC error: 0 0% 0KBytes Sequence lost: 1713924 93% Handled: 125109 4098KBytes
10-16 14:52:46.178   289   289 I mavlink-router: Endpoint qgc_gcs[2] IN: 1379 (28 KB), OUT: 128638 (4074 KB) CRC error: 0 0% 0KBytes Sequence lost: 9159 86% Handled: 1379 28KBytes
10-16 14:52:46.178   289   289 I mavlink-router: Endpoint gcs2[2] IN: 0 (0 KB), OUT: 128910 (4079 KB) CRC error: 0 0% 0KBytes Sequence lost: 0 0% Handled: 0 0KBytes
10-16 14:52:46.178   289   289 I mavlink-router: Endpoint gcs3[3] IN: 3823 (78 KB), OUT: 126507 (4031 KB) CRC error: 0 0% 0KBytes Sequence lost: 0 0% Handled: 3823 80KBytes
10-16 14:52:46.178   289   289 I mavlink-router: Endpoint gcs4[4] IN: 0 (0 KB), OUT: 130305 (4108 KB) CRC error: 0 0% 0KBytes Sequence lost: 0 0% Handled: 0 0KBytes
10-16 14:52:46.219   855   855 I PowerUI : temperature stats: 599,385,0,101,485
10-16 14:52:46.249   267   774 I rc_service: count 295369 cpuc 8 irqno 69 paused? 0 cnt1 293302 cnt2 295292   song-gpio  61 Edge      mlx90393-irq
10-16 14:52:46.249   267   774 I rc_service: count 293378 cpuc 8 irqno 71 paused? 0 cnt1 293302 cnt2 295369   song-gpio  59 Edge      mlx90393-irq
10-16 14:52:46.259   290   320 E BoardControl: Unable to create sockfd: Connection refused
10-16 14:52:46.625  3762  7042 W QGroundControl: No Internet Access
10-16 14:52:46.759   290   320 E BoardControl: Unable to create sockfd: Connection refused
10-16 14:52:47.252   267   774 I rc_service: count 295446 cpuc 8 irqno 69 paused? 0 cnt1 293378 cnt2 295369   song-gpio  61 Edge      mlx90393-irq
10-16 14:52:47.252   267   774 I rc_service: count 293455 cpuc 8 irqno 71 paused? 0 cnt1 293378 cnt2 295446   song-gpio  59 Edge      mlx90393-irq
10-16 14:52:47.259   290   320 E BoardControl: Unable to create sockfd: Connection refused
10-16 14:52:47.620  3762  7042 W QGroundControl: No Internet Access
10-16 14:52:47.760   290   320 D BoardControl: thermal sensor temperature max 64°C, report 60°C
10-16 14:52:47.787   290   320 E BoardControl: Unable to create sockfd: Connection refused
10-16 14:52:47.806   270   374 V audio_hw: out_standby
10-16 14:52:48.255   267   774 I rc_service: count 295523 cpuc 8 irqno 69 paused? 0 cnt1 293455 cnt2 295446   song-gpio  61 Edge      mlx90393-irq
10-16 14:52:48.255   267   774 I rc_service: count 293532 cpuc 8 irqno 71 paused? 0 cnt1 293455 cnt2 295523   song-gpio  59 Edge      mlx90393-irq
10-16 14:52:48.259   290   320 E BoardControl: Unable to create sockfd: Connection refused
10-16 14:52:48.759   290   320 E BoardControl: Unable to create sockfd: Connection refused
10-16 14:52:49.258   267   774 I rc_service: count 295600 cpuc 8 irqno 69 paused? 0 cnt1 293532 cnt2 295523   song-gpio  61 Edge      mlx90393-irq
10-16 14:52:49.258   267   774 I rc_service: count 293608 cpuc 8 irqno 71 paused? 0 cnt1 293532 cnt2 295600   song-gpio  59 Edge      mlx90393-irq
10-16 14:52:49.259   290   320 E BoardControl: Unable to create sockfd: Connection refused
10-16 14:52:49.759   290   320 E BoardControl: Unable to create sockfd: Connection refused
10-16 14:52:50.260   290   320 E BoardControl: Unable to create sockfd: Connection refused
10-16 14:52:50.262   267   774 I rc_service: count 295677 cpuc 8 irqno 69 paused? 0 cnt1 293608 cnt2 295600   song-gpio  61 Edge      mlx90393-irq
10-16 14:52:50.262   267   774 I rc_service: count 293685 cpuc 8 irqno 71 paused? 0 cnt1 293608 cnt2 295677   song-gpio  59 Edge      mlx90393-irq
10-16 14:52:50.731  3762  3858 E QGroundControl: Could not read from resource.
10-16 14:52:50.747  3762  3777 E QGroundControl: Error stopping pipeline!
10-16 14:52:50.759   290   320 E BoardControl: Unable to create sockfd: Connection refused
10-16 14:52:51.107  1580  1608 V RadioStatService: Sending String: QGCCLBRSTATE Bytes: [0, 0, 0, 12, 81, 71, 67, 67, 76, 66, 82, 83, 84, 65, 84, 69]
10-16 14:52:51.259   290   320 E BoardControl: Unable to create sockfd: Connection refused
10-16 14:52:51.266   267   774 I rc_service: count 295754 cpuc 8 irqno 69 paused? 0 cnt1 293685 cnt2 295677   song-gpio  61 Edge      mlx90393-irq
10-16 14:52:51.266   267   774 I rc_service: count 293762 cpuc 8 irqno 71 paused? 0 cnt1 293685 cnt2 295754   song-gpio  59 Edge      mlx90393-irq
10-16 14:52:51.759   290   320 E BoardControl: Unable to create sockfd: Connection refused
10-16 14:52:52.259   290   320 E BoardControl: Unable to create sockfd: Connection refused
10-16 14:52:52.269   267   774 I rc_service: count 295831 cpuc 8 irqno 69 paused? 0 cnt1 293762 cnt2 295754   song-gpio  61 Edge      mlx90393-irq
10-16 14:52:52.269   267   774 I rc_service: count 293838 cpuc 8 irqno 71 paused? 0 cnt1 293762 cnt2 295831   song-gpio  59 Edge      mlx90393-irq
10-16 14:52:52.760   290   320 D BoardControl: thermal sensor temperature max 63°C, report 59°C
10-16 14:52:52.788   290   320 E BoardControl: Unable to create sockfd: Connection refused
10-16 14:52:53.259   290   320 E BoardControl: Unable to create sockfd: Connection refused
10-16 14:52:53.272   267   774 I rc_service: count 295909 cpuc 8 irqno 69 paused? 0 cnt1 293838 cnt2 295831   song-gpio  61 Edge      mlx90393-irq
10-16 14:52:53.273   267   774 I rc_service: count 293915 cpuc 8 irqno 71 paused? 0 cnt1 293838 cnt2 295909   song-gpio  59 Edge      mlx90393-irq
10-16 14:52:53.759   290   320 E BoardControl: Unable to create sockfd: Connection refused
10-16 14:52:54.259   290   320 D BoardControl: air temperature timeout, reset to invalid!
10-16 14:52:54.259   290   320 E BoardControl: Unable to create sockfd: Connection refused
10-16 14:52:54.275   267   774 I rc_service: count 295986 cpuc 8 irqno 69 paused? 0 cnt1 293915 cnt2 295909   song-gpio  61 Edge      mlx90393-irq
10-16 14:52:54.276   267   774 I rc_service: count 293991 cpuc 8 irqno 71 paused? 0 cnt1 293915 cnt2 295986   song-gpio  59 Edge      mlx90393-irq
10-16 14:52:54.760   290   320 E BoardControl: Unable to create sockfd: Connection refused
10-16 14:52:55.259   290   320 E BoardControl: Unable to create sockfd: Connection refused
10-16 14:52:55.279   267   774 I rc_service: count 296063 cpuc 8 irqno 69 paused? 0 cnt1 293991 cnt2 295986   song-gpio  61 Edge      mlx90393-irq
10-16 14:52:55.279   267   774 I rc_service: count 294068 cpuc 8 irqno 71 paused? 0 cnt1 293991 cnt2 296063   song-gpio  59 Edge      mlx90393-irq
10-16 14:52:55.759   290   320 E BoardControl: Unable to create sockfd: Connection refused
10-16 14:52:56.178   289   289 I mavlink-router: Endpoint board_endpoint[2] IN: 74 (1 KB), OUT: 3336 (83 KB) CRC error: 0 0% 0KBytes Sequence lost: 0 0% Handled: 74 1KBytes
10-16 14:52:56.178   289   289 I mavlink-router: Endpoint uav[1] IN: 125109 (4002 KB), OUT: 5296 (108 KB) CRC error: 0 0% 0KBytes Sequence lost: 1713924 93% Handled: 125109 4098KBytes
10-16 14:52:56.178   289   289 I mavlink-router: Endpoint qgc_gcs[2] IN: 1389 (28 KB), OUT: 128648 (4074 KB) CRC error: 0 0% 0KBytes Sequence lost: 9159 86% Handled: 1389 29KBytes
10-16 14:52:56.178   289   289 I mavlink-router: Endpoint gcs2[2] IN: 0 (0 KB), OUT: 128920 (4080 KB) CRC error: 0 0% 0KBytes Sequence lost: 0 0% Handled: 0 0KBytes
10-16 14:52:56.178   289   289 I mavlink-router: Endpoint gcs3[3] IN: 3833 (78 KB), OUT: 126517 (4031 KB) CRC error: 0 0% 0KBytes Sequence lost: 0 0% Handled: 3833 80KBytes
10-16 14:52:56.178   289   289 I mavlink-router: Endpoint gcs4[4] IN: 0 (0 KB), OUT: 130325 (4109 KB) CRC error: 0 0% 0KBytes Sequence lost: 0 0% Handled: 0 0KBytes
10-16 14:52:56.260   290   320 E BoardControl: Unable to create sockfd: Connection refused
10-16 14:52:56.282   267   774 I rc_service: count 296140 cpuc 8 irqno 69 paused? 0 cnt1 294068 cnt2 296063   song-gpio  61 Edge      mlx90393-irq
10-16 14:52:56.282   267   774 I rc_service: count 294144 cpuc 8 irqno 71 paused? 0 cnt1 294068 cnt2 296140   song-gpio  59 Edge      mlx90393-irq
10-16 14:52:56.760   290   320 E BoardControl: Unable to create sockfd: Connection refused
10-16 14:52:57.259   290   320 E BoardControl: Unable to create sockfd: Connection refused
10-16 14:52:57.285   267   774 I rc_service: count 296217 cpuc 8 irqno 69 paused? 0 cnt1 294144 cnt2 296140   song-gpio  61 Edge      mlx90393-irq
10-16 14:52:57.285   267   774 I rc_service: count 294221 cpuc 8 irqno 71 paused? 0 cnt1 294144 cnt2 296217   song-gpio  59 Edge      mlx90393-irq
10-16 14:52:57.760   290   320 D BoardControl: thermal sensor temperature max 63°C, report 59°C
10-16 14:52:57.761   290   320 D BoardControl: cpu temperature changed to 59°C
10-16 14:52:57.789   290   320 E BoardControl: Unable to create sockfd: Connection refused
10-16 14:52:58.259   290   320 E BoardControl: Unable to create sockfd: Connection refused
10-16 14:52:58.288   267   774 I rc_service: count 296294 cpuc 8 irqno 69 paused? 0 cnt1 294221 cnt2 296217   song-gpio  61 Edge      mlx90393-irq
10-16 14:52:58.289   267   774 I rc_service: count 294298 cpuc 8 irqno 71 paused? 0 cnt1 294221 cnt2 296294   song-gpio  59 Edge      mlx90393-irq
10-16 14:52:58.759   290   320 E BoardControl: Unable to create sockfd: Connection refused
10-16 14:52:59.259   290   320 E BoardControl: Unable to create sockfd: Connection refused
10-16 14:52:59.292   267   774 I rc_service: count 296371 cpuc 8 irqno 69 paused? 0 cnt1 294298 cnt2 296294   song-gpio  61 Edge      mlx90393-irq
10-16 14:52:59.292   267   774 I rc_service: count 294374 cpuc 8 irqno 71 paused? 0 cnt1 294298 cnt2 296371   song-gpio  59 Edge      mlx90393-irq
10-16 14:52:59.759   290   320 E BoardControl: Unable to create sockfd: Connection refused
10-16 14:53:00.259   290   320 E BoardControl: Unable to create sockfd: Connection refused
10-16 14:53:00.297   267   774 I rc_service: count 296448 cpuc 8 irqno 69 paused? 0 cnt1 294374 cnt2 296371   song-gpio  61 Edge      mlx90393-irq
10-16 14:53:00.297   267   774 I rc_service: count 294451 cpuc 8 irqno 71 paused? 0 cnt1 294374 cnt2 296448   song-gpio  59 Edge      mlx90393-irq
10-16 14:53:00.759   290   320 E BoardControl: Unable to create sockfd: Connection refused
10-16 14:53:01.123  1580  1608 V RadioStatService: Sending String: QGCCLBRSTATE Bytes: [0, 0, 0, 12, 81, 71, 67, 67, 76, 66, 82, 83, 84, 65, 84, 69]
10-16 14:53:01.259   290   320 E BoardControl: Unable to create sockfd: Connection refused
10-16 14:53:01.300   267   774 I rc_service: count 296525 cpuc 8 irqno 69 paused? 0 cnt1 294451 cnt2 296448   song-gpio  61 Edge      mlx90393-irq
10-16 14:53:01.300   267   774 I rc_service: count 294528 cpuc 8 irqno 71 paused? 0 cnt1 294451 cnt2 296525   song-gpio  59 Edge      mlx90393-irq
10-16 14:53:01.759   290   320 E BoardControl: Unable to create sockfd: Connection refused
10-16 14:53:02.259   290   320 E BoardControl: Unable to create sockfd: Connection refused
10-16 14:53:02.304   267   774 I rc_service: count 296603 cpuc 8 irqno 69 paused? 0 cnt1 294528 cnt2 296525   song-gpio  61 Edge      mlx90393-irq
10-16 14:53:02.305   267   774 I rc_service: count 294604 cpuc 8 irqno 71 paused? 0 cnt1 294528 cnt2 296603   song-gpio  59 Edge      mlx90393-irq
10-16 14:53:02.760   290   320 D BoardControl: thermal sensor temperature max 63°C, report 59°C
10-16 14:53:02.788   290   320 D BoardControl: pa temperature changed to 42°C
10-16 14:53:02.789   290   320 E BoardControl: Unable to create sockfd: Connection refused
10-16 14:53:03.259   290   320 E BoardControl: Unable to create sockfd: Connection refused
10-16 14:53:03.308   267   774 I rc_service: count 296680 cpuc 8 irqno 69 paused? 0 cnt1 294604 cnt2 296603   song-gpio  61 Edge      mlx90393-irq
10-16 14:53:03.308   267   774 I rc_service: count 294681 cpuc 8 irqno 71 paused? 0 cnt1 294604 cnt2 296680   song-gpio  59 Edge      mlx90393-irq
10-16 14:53:03.759   290   320 E BoardControl: Unable to create sockfd: Connection refused
10-16 14:53:04.260   290   320 E BoardControl: Unable to create sockfd: Connection refused
10-16 14:53:04.311   267   774 I rc_service: count 296757 cpuc 8 irqno 69 paused? 0 cnt1 294681 cnt2 296680   song-gpio  61 Edge      mlx90393-irq
10-16 14:53:04.311   267   774 I rc_service: count 294757 cpuc 8 irqno 71 paused? 0 cnt1 294681 cnt2 296757   song-gpio  59 Edge      mlx90393-irq
10-16 14:53:04.759   290   320 E BoardControl: Unable to create sockfd: Connection refused
10-16 14:53:05.259   290   320 E BoardControl: Unable to create sockfd: Connection refused
10-16 14:53:05.315   267   774 I rc_service: count 296834 cpuc 8 irqno 69 paused? 0 cnt1 294757 cnt2 296757   song-gpio  61 Edge      mlx90393-irq
10-16 14:53:05.315   267   774 I rc_service: count 294834 cpuc 8 irqno 71 paused? 0 cnt1 294757 cnt2 296834   song-gpio  59 Edge      mlx90393-irq
10-16 14:53:05.759   290   320 E BoardControl: Unable to create sockfd: Connection refused
10-16 14:53:06.178   289   289 I mavlink-router: Endpoint board_endpoint[2] IN: 74 (1 KB), OUT: 3336 (83 KB) CRC error: 0 0% 0KBytes Sequence lost: 0 0% Handled: 74 1KBytes
10-16 14:53:06.178   289   289 I mavlink-router: Endpoint uav[1] IN: 125109 (4002 KB), OUT: 5316 (109 KB) CRC error: 0 0% 0KBytes Sequence lost: 1713924 93% Handled: 125109 4098KBytes
10-16 14:53:06.178   289   289 I mavlink-router: Endpoint qgc_gcs[2] IN: 1399 (28 KB), OUT: 128658 (4074 KB) CRC error: 0 0% 0KBytes Sequence lost: 9159 86% Handled: 1399 29KBytes
10-16 14:53:06.178   289   289 I mavlink-router: Endpoint gcs2[2] IN: 0 (0 KB), OUT: 128930 (4080 KB) CRC error: 0 0% 0KBytes Sequence lost: 0 0% Handled: 0 0KBytes
10-16 14:53:06.178   289   289 I mavlink-router: Endpoint gcs3[3] IN: 3843 (78 KB), OUT: 126527 (4031 KB) CRC error: 0 0% 0KBytes Sequence lost: 0 0% Handled: 3843 80KBytes
10-16 14:53:06.178   289   289 I mavlink-router: Endpoint gcs4[4] IN: 0 (0 KB), OUT: 130345 (4109 KB) CRC error: 0 0% 0KBytes Sequence lost: 0 0% Handled: 0 0KBytes
10-16 14:53:06.259   290   320 E BoardControl: Unable to create sockfd: Connection refused
10-16 14:53:06.319   267   774 I rc_service: count 296911 cpuc 8 irqno 69 paused? 0 cnt1 294834 cnt2 296834   song-gpio  61 Edge      mlx90393-irq
10-16 14:53:06.319   267   774 I rc_service: count 294911 cpuc 8 irqno 71 paused? 0 cnt1 294834 cnt2 296911   song-gpio  59 Edge      mlx90393-irq
10-16 14:53:06.759   290   320 E BoardControl: Unable to create sockfd: Connection refused
10-16 14:53:07.259   290   320 E BoardControl: Unable to create sockfd: Connection refused
10-16 14:53:07.323   267   774 I rc_service: count 296988 cpuc 8 irqno 69 paused? 0 cnt1 294911 cnt2 296911   song-gpio  61 Edge      mlx90393-irq
10-16 14:53:07.323   267   774 I rc_service: count 294987 cpuc 8 irqno 71 paused? 0 cnt1 294911 cnt2 296988   song-gpio  59 Edge      mlx90393-irq
10-16 14:53:07.760   290   320 D BoardControl: thermal sensor temperature max 63°C, report 59°C
10-16 14:53:07.786   290   320 E BoardControl: Unable to create sockfd: Connection refused
10-16 14:53:08.259   290   320 E BoardControl: Unable to create sockfd: Connection refused
10-16 14:53:08.326   267   774 I rc_service: count 297064 cpuc 8 irqno 69 paused? 0 cnt1 294987 cnt2 296988   song-gpio  61 Edge      mlx90393-irq
10-16 14:53:08.327   267   774 I rc_service: count 295063 cpuc 8 irqno 71 paused? 0 cnt1 294987 cnt2 297064   song-gpio  59 Edge      mlx90393-irq
10-16 14:53:08.759   290   320 E BoardControl: Unable to create sockfd: Connection refused
10-16 14:53:09.259   290   320 E BoardControl: Unable to create sockfd: Connection refused
10-16 14:53:09.330   267   774 I rc_service: count 297141 cpuc 8 irqno 69 paused? 0 cnt1 295063 cnt2 297064   song-gpio  61 Edge      mlx90393-irq
10-16 14:53:09.330   267   774 I rc_service: count 295139 cpuc 8 irqno 71 paused? 0 cnt1 295063 cnt2 297141   song-gpio  59 Edge      mlx90393-irq
10-16 14:53:09.759   290   320 E BoardControl: Unable to create sockfd: Connection refused
10-16 14:53:10.259   290   320 E BoardControl: Unable to create sockfd: Connection refused
10-16 14:53:10.333   267   774 I rc_service: count 297218 cpuc 8 irqno 69 paused? 0 cnt1 295139 cnt2 297141   song-gpio  61 Edge      mlx90393-irq
10-16 14:53:10.333   267   774 I rc_service: count 295216 cpuc 8 irqno 71 paused? 0 cnt1 295139 cnt2 297218   song-gpio  59 Edge      mlx90393-irq
10-16 14:53:10.759   290   320 E BoardControl: Unable to create sockfd: Connection refused
10-16 14:53:11.138  1580  1608 V RadioStatService: Sending String: QGCCLBRSTATE Bytes: [0, 0, 0, 12, 81, 71, 67, 67, 76, 66, 82, 83, 84, 65, 84, 69]
10-16 14:53:11.259   290   320 E BoardControl: Unable to create sockfd: Connection refused
10-16 14:53:11.336   267   774 I rc_service: count 297295 cpuc 8 irqno 69 paused? 0 cnt1 295216 cnt2 297218   song-gpio  61 Edge      mlx90393-irq
10-16 14:53:11.336   267   774 I rc_service: count 295293 cpuc 8 irqno 71 paused? 0 cnt1 295216 cnt2 297295   song-gpio  59 Edge      mlx90393-irq
10-16 14:53:11.759   290   320 E BoardControl: Unable to create sockfd: Connection refused
10-16 14:53:12.260   290   320 E BoardControl: Unable to create sockfd: Connection refused
10-16 14:53:12.339   267   774 I rc_service: count 297372 cpuc 8 irqno 69 paused? 0 cnt1 295293 cnt2 297295   song-gpio  61 Edge      mlx90393-irq
10-16 14:53:12.339   267   774 I rc_service: count 295369 cpuc 8 irqno 71 paused? 0 cnt1 295293 cnt2 297372   song-gpio  59 Edge      mlx90393-irq
10-16 14:53:12.761   290   320 D BoardControl: thermal sensor temperature max 63°C, report 58°C
10-16 14:53:12.761   290   320 D BoardControl: cpu temperature changed to 58°C
10-16 14:53:12.789   290   320 E BoardControl: Unable to create sockfd: Connection refused
10-16 14:53:13.259   290   320 E BoardControl: Unable to create sockfd: Connection refused
10-16 14:53:13.342   267   774 I rc_service: count 297449 cpuc 8 irqno 69 paused? 0 cnt1 295369 cnt2 297372   song-gpio  61 Edge      mlx90393-irq
10-16 14:53:13.342   267   774 I rc_service: count 295446 cpuc 8 irqno 71 paused? 0 cnt1 295369 cnt2 297449   song-gpio  59 Edge      mlx90393-irq
10-16 14:53:13.759   290   320 E BoardControl: Unable to create sockfd: Connection refused
10-16 14:53:14.259   290   320 E BoardControl: Unable to create sockfd: Connection refused
10-16 14:53:14.345   267   774 I rc_service: count 297526 cpuc 8 irqno 69 paused? 0 cnt1 295446 cnt2 297449   song-gpio  61 Edge      mlx90393-irq
10-16 14:53:14.345   267   774 I rc_service: count 295522 cpuc 8 irqno 71 paused? 0 cnt1 295446 cnt2 297526   song-gpio  59 Edge      mlx90393-irq
10-16 14:53:14.759   290   320 E BoardControl: Unable to create sockfd: Connection refused
10-16 14:53:15.259   290   320 E BoardControl: Unable to create sockfd: Connection refused
10-16 14:53:15.348   267   774 I rc_service: count 297603 cpuc 8 irqno 69 paused? 0 cnt1 295522 cnt2 297526   song-gpio  61 Edge      mlx90393-irq
10-16 14:53:15.348   267   774 I rc_service: count 295599 cpuc 8 irqno 71 paused? 0 cnt1 295522 cnt2 297603   song-gpio  59 Edge      mlx90393-irq
10-16 14:53:15.759   290   320 E BoardControl: Unable to create sockfd: Connection refused
10-16 14:53:16.178   289   289 I mavlink-router: Endpoint board_endpoint[2] IN: 74 (1 KB), OUT: 3336 (83 KB) CRC error: 0 0% 0KBytes Sequence lost: 0 0% Handled: 74 1KBytes
10-16 14:53:16.178   289   289 I mavlink-router: Endpoint uav[1] IN: 125109 (4002 KB), OUT: 5336 (109 KB) CRC error: 0 0% 0KBytes Sequence lost: 1713924 93% Handled: 125109 4098KBytes
10-16 14:53:16.178   289   289 I mavlink-router: Endpoint qgc_gcs[2] IN: 1409 (28 KB), OUT: 128668 (4074 KB) CRC error: 0 0% 0KBytes Sequence lost: 9159 86% Handled: 1409 29KBytes
10-16 14:53:16.178   289   289 I mavlink-router: Endpoint gcs2[2] IN: 0 (0 KB), OUT: 128940 (4080 KB) CRC error: 0 0% 0KBytes Sequence lost: 0 0% Handled: 0 0KBytes
10-16 14:53:16.178   289   289 I mavlink-router: Endpoint gcs3[3] IN: 3853 (79 KB), OUT: 126537 (4031 KB) CRC error: 0 0% 0KBytes Sequence lost: 0 0% Handled: 3853 80KBytes
10-16 14:53:16.178   289   289 I mavlink-router: Endpoint gcs4[4] IN: 0 (0 KB), OUT: 130365 (4110 KB) CRC error: 0 0% 0KBytes Sequence lost: 0 0% Handled: 0 0KBytes
10-16 14:53:16.220   855   855 I PowerUI : temperature stats: 589,385,-990,-990,420
10-16 14:53:16.259   290   320 E BoardControl: Unable to create sockfd: Connection refused
10-16 14:53:16.351   267   774 I rc_service: count 297680 cpuc 8 irqno 69 paused? 0 cnt1 295599 cnt2 297603   song-gpio  61 Edge      mlx90393-irq
10-16 14:53:16.351   267   774 I rc_service: count 295676 cpuc 8 irqno 71 paused? 0 cnt1 295599 cnt2 297680   song-gpio  59 Edge      mlx90393-irq
10-16 14:53:16.626  3762  7059 W QGroundControl: No Internet Access
10-16 14:53:16.759   290   320 E BoardControl: Unable to create sockfd: Connection refused
10-16 14:53:17.259   290   320 E BoardControl: Unable to create sockfd: Connection refused
10-16 14:53:17.355   267   774 I rc_service: count 297758 cpuc 8 irqno 69 paused? 0 cnt1 295676 cnt2 297680   song-gpio  61 Edge      mlx90393-irq
10-16 14:53:17.355   267   774 I rc_service: count 295752 cpuc 8 irqno 71 paused? 0 cnt1 295676 cnt2 297758   song-gpio  59 Edge      mlx90393-irq
10-16 14:53:17.624  3762  7059 W QGroundControl: No Internet Access
10-16 14:53:17.760   290   320 D BoardControl: thermal sensor temperature max 63°C, report 59°C
10-16 14:53:17.786   290   320 E BoardControl: Unable to create sockfd: Connection refused
10-16 14:53:18.259   290   320 E BoardControl: Unable to create sockfd: Connection refused
10-16 14:53:18.358   267   774 I rc_service: count 297835 cpuc 8 irqno 69 paused? 0 cnt1 295752 cnt2 297758   song-gpio  61 Edge      mlx90393-irq
10-16 14:53:18.358   267   774 I rc_service: count 295829 cpuc 8 irqno 71 paused? 0 cnt1 295752 cnt2 297835   song-gpio  59 Edge      mlx90393-irq
10-16 14:53:18.759   290   320 E BoardControl: Unable to create sockfd: Connection refused
10-16 14:53:19.259   290   320 E BoardControl: Unable to create sockfd: Connection refused
10-16 14:53:19.361   267   774 I rc_service: count 297912 cpuc 8 irqno 69 paused? 0 cnt1 295829 cnt2 297835   song-gpio  61 Edge      mlx90393-irq
10-16 14:53:19.361   267   774 I rc_service: count 295905 cpuc 8 irqno 71 paused? 0 cnt1 295829 cnt2 297912   song-gpio  59 Edge      mlx90393-irq
10-16 14:53:19.759   290   320 E BoardControl: Unable to create sockfd: Connection refused
10-16 14:53:20.259   290   320 E BoardControl: Unable to create sockfd: Connection refused
10-16 14:53:20.365   267   774 I rc_service: count 297989 cpuc 8 irqno 69 paused? 0 cnt1 295905 cnt2 297912   song-gpio  61 Edge      mlx90393-irq
10-16 14:53:20.365   267   774 I rc_service: count 295982 cpuc 8 irqno 71 paused? 0 cnt1 295905 cnt2 297989   song-gpio  59 Edge      mlx90393-irq
10-16 14:53:20.760   290   320 E BoardControl: Unable to create sockfd: Connection refused
10-16 14:53:21.156  1580  1608 V RadioStatService: Sending String: QGCCLBRSTATE Bytes: [0, 0, 0, 12, 81, 71, 67, 67, 76, 66, 82, 83, 84, 65, 84, 69]
10-16 14:53:21.259   290   320 E BoardControl: Unable to create sockfd: Connection refused
10-16 14:53:21.371   267   774 I rc_service: count 298066 cpuc 8 irqno 69 paused? 0 cnt1 295982 cnt2 297989   song-gpio  61 Edge      mlx90393-irq
10-16 14:53:21.371   267   774 I rc_service: count 296059 cpuc 8 irqno 71 paused? 0 cnt1 295982 cnt2 298066   song-gpio  59 Edge      mlx90393-irq
10-16 14:53:21.759   290   320 E BoardControl: Unable to create sockfd: Connection refused
10-16 14:53:22.259   290   320 E BoardControl: Unable to create sockfd: Connection refused
10-16 14:53:22.374   267   774 I rc_service: count 298143 cpuc 8 irqno 69 paused? 0 cnt1 296059 cnt2 298066   song-gpio  61 Edge      mlx90393-irq
10-16 14:53:22.375   267   774 I rc_service: count 296135 cpuc 8 irqno 71 paused? 0 cnt1 296059 cnt2 298143   song-gpio  59 Edge      mlx90393-irq
10-16 14:53:22.760   290   320 D BoardControl: thermal sensor temperature max 63°C, report 58°C
10-16 14:53:22.791   290   320 E BoardControl: Unable to create sockfd: Connection refused
10-16 14:53:23.259   290   320 E BoardControl: Unable to create sockfd: Connection refused
10-16 14:53:23.378   267   774 I rc_service: count 298220 cpuc 8 irqno 69 paused? 0 cnt1 296135 cnt2 298143   song-gpio  61 Edge      mlx90393-irq
10-16 14:53:23.378   267   774 I rc_service: count 296212 cpuc 8 irqno 71 paused? 0 cnt1 296135 cnt2 298220   song-gpio  59 Edge      mlx90393-irq
10-16 14:53:23.759   290   320 E BoardControl: Unable to create sockfd: Connection refused
10-16 14:53:24.259   290   320 E BoardControl: Unable to create sockfd: Connection refused
10-16 14:53:24.381   267   774 I rc_service: count 298297 cpuc 8 irqno 69 paused? 0 cnt1 296212 cnt2 298220   song-gpio  61 Edge      mlx90393-irq
10-16 14:53:24.381   267   774 I rc_service: count 296288 cpuc 8 irqno 71 paused? 0 cnt1 296212 cnt2 298297   song-gpio  59 Edge      mlx90393-irq
10-16 14:53:24.760   290   320 E BoardControl: Unable to create sockfd: Connection refused
10-16 14:53:25.259   290   320 E BoardControl: Unable to create sockfd: Connection refused
10-16 14:53:25.385   267   774 I rc_service: count 298375 cpuc 8 irqno 69 paused? 0 cnt1 296288 cnt2 298297   song-gpio  61 Edge      mlx90393-irq
10-16 14:53:25.385   267   774 I rc_service: count 296365 cpuc 8 irqno 71 paused? 0 cnt1 296288 cnt2 298375   song-gpio  59 Edge      mlx90393-irq
10-16 14:53:25.759   290   320 E BoardControl: Unable to create sockfd: Connection refused
10-16 14:53:26.178   289   289 I mavlink-router: Endpoint board_endpoint[2] IN: 74 (1 KB), OUT: 3336 (83 KB) CRC error: 0 0% 0KBytes Sequence lost: 0 0% Handled: 74 1KBytes
10-16 14:53:26.179   289   289 I mavlink-router: Endpoint uav[1] IN: 125109 (4002 KB), OUT: 5356 (110 KB) CRC error: 0 0% 0KBytes Sequence lost: 1713924 93% Handled: 125109 4098KBytes
10-16 14:53:26.179   289   289 I mavlink-router: Endpoint qgc_gcs[2] IN: 1419 (29 KB), OUT: 128678 (4074 KB) CRC error: 0 0% 0KBytes Sequence lost: 9159 86% Handled: 1419 29KBytes
10-16 14:53:26.179   289   289 I mavlink-router: Endpoint gcs2[2] IN: 0 (0 KB), OUT: 128950 (4080 KB) CRC error: 0 0% 0KBytes Sequence lost: 0 0% Handled: 0 0KBytes
10-16 14:53:26.179   289   289 I mavlink-router: Endpoint gcs3[3] IN: 3863 (79 KB), OUT: 126547 (4031 KB) CRC error: 0 0% 0KBytes Sequence lost: 0 0% Handled: 3863 81KBytes
10-16 14:53:26.180   289   289 I mavlink-router: Endpoint gcs4[4] IN: 0 (0 KB), OUT: 130385 (4110 KB) CRC error: 0 0% 0KBytes Sequence lost: 0 0% Handled: 0 0KBytes
10-16 14:53:26.259   290   320 E BoardControl: Unable to create sockfd: Connection refused
10-16 14:53:26.388   267   774 I rc_service: count 298451 cpuc 8 irqno 69 paused? 0 cnt1 296365 cnt2 298375   song-gpio  61 Edge      mlx90393-irq
10-16 14:53:26.388   267   774 I rc_service: count 296442 cpuc 8 irqno 71 paused? 0 cnt1 296365 cnt2 298451   song-gpio  59 Edge      mlx90393-irq
10-16 14:53:26.759   290   320 E BoardControl: Unable to create sockfd: Connection refused
10-16 14:53:27.259   290   320 E BoardControl: Unable to create sockfd: Connection refused
10-16 14:53:27.391   267   774 I rc_service: count 298529 cpuc 8 irqno 69 paused? 0 cnt1 296442 cnt2 298451   song-gpio  61 Edge      mlx90393-irq
10-16 14:53:27.392   267   774 I rc_service: count 296518 cpuc 8 irqno 71 paused? 0 cnt1 296442 cnt2 298529   song-gpio  59 Edge      mlx90393-irq
10-16 14:53:27.760   290   320 D BoardControl: thermal sensor temperature max 62°C, report 58°C
10-16 14:53:27.786   290   320 E BoardControl: Unable to create sockfd: Connection refused
10-16 14:53:28.259   290   320 E BoardControl: Unable to create sockfd: Connection refused
10-16 14:53:28.395   267   774 I rc_service: count 298606 cpuc 8 irqno 69 paused? 0 cnt1 296518 cnt2 298529   song-gpio  61 Edge      mlx90393-irq
10-16 14:53:28.395   267   774 I rc_service: count 296595 cpuc 8 irqno 71 paused? 0 cnt1 296518 cnt2 298606   song-gpio  59 Edge      mlx90393-irq
10-16 14:53:28.760   290   320 E BoardControl: Unable to create sockfd: Connection refused
10-16 14:53:29.259   290   320 E BoardControl: Unable to create sockfd: Connection refused
10-16 14:53:29.398   267   774 I rc_service: count 298683 cpuc 8 irqno 69 paused? 0 cnt1 296595 cnt2 298606   song-gpio  61 Edge      mlx90393-irq
10-16 14:53:29.398   267   774 I rc_service: count 296671 cpuc 8 irqno 71 paused? 0 cnt1 296595 cnt2 298683   song-gpio  59 Edge      mlx90393-irq
10-16 14:53:29.759   290   320 E BoardControl: Unable to create sockfd: Connection refused
10-16 14:53:30.259   290   320 E BoardControl: Unable to create sockfd: Connection refused
10-16 14:53:30.401   267   774 I rc_service: count 298760 cpuc 8 irqno 69 paused? 0 cnt1 296671 cnt2 298683   song-gpio  61 Edge      mlx90393-irq
10-16 14:53:30.401   267   774 I rc_service: count 296748 cpuc 8 irqno 71 paused? 0 cnt1 296671 cnt2 298760   song-gpio  59 Edge      mlx90393-irq
10-16 14:53:30.759   290   320 E BoardControl: Unable to create sockfd: Connection refused
10-16 14:53:31.177  1580  1608 V RadioStatService: Sending String: QGCCLBRSTATE Bytes: [0, 0, 0, 12, 81, 71, 67, 67, 76, 66, 82, 83, 84, 65, 84, 69]
10-16 14:53:31.259   290   320 E BoardControl: Unable to create sockfd: Connection refused
10-16 14:53:31.405   267   774 I rc_service: count 298837 cpuc 8 irqno 69 paused? 0 cnt1 296748 cnt2 298760   song-gpio  61 Edge      mlx90393-irq
10-16 14:53:31.405   267   774 I rc_service: count 296825 cpuc 8 irqno 71 paused? 0 cnt1 296748 cnt2 298837   song-gpio  59 Edge      mlx90393-irq
10-16 14:53:31.759   290   320 E BoardControl: Unable to create sockfd: Connection refused
10-16 14:53:32.259   290   320 E BoardControl: Unable to create sockfd: Connection refused
10-16 14:53:32.410   267   774 I rc_service: count 298914 cpuc 8 irqno 69 paused? 0 cnt1 296825 cnt2 298837   song-gpio  61 Edge      mlx90393-irq
10-16 14:53:32.410   267   774 I rc_service: count 296901 cpuc 8 irqno 71 paused? 0 cnt1 296825 cnt2 298914   song-gpio  59 Edge      mlx90393-irq
10-16 14:53:32.760   290   320 D BoardControl: thermal sensor temperature max 62°C, report 58°C
10-16 14:53:32.787   290   320 E BoardControl: Unable to create sockfd: Connection refused
10-16 14:53:33.259   290   320 E BoardControl: Unable to create sockfd: Connection refused
10-16 14:53:33.413   267   774 I rc_service: count 298991 cpuc 8 irqno 69 paused? 0 cnt1 296901 cnt2 298914   song-gpio  61 Edge      mlx90393-irq
10-16 14:53:33.413   267   774 I rc_service: count 296978 cpuc 8 irqno 71 paused? 0 cnt1 296901 cnt2 298991   song-gpio  59 Edge      mlx90393-irq
10-16 14:53:33.759   290   320 E BoardControl: Unable to create sockfd: Connection refused
10-16 14:53:34.259   290   320 E BoardControl: Unable to create sockfd: Connection refused
10-16 14:53:34.416   267   774 I rc_service: count 299068 cpuc 8 irqno 69 paused? 0 cnt1 296978 cnt2 298991   song-gpio  61 Edge      mlx90393-irq
10-16 14:53:34.416   267   774 I rc_service: count 297054 cpuc 8 irqno 71 paused? 0 cnt1 296978 cnt2 299068   song-gpio  59 Edge      mlx90393-irq
10-16 14:53:34.759   290   320 E BoardControl: Unable to create sockfd: Connection refused
10-16 14:53:35.259   290   320 E BoardControl: Unable to create sockfd: Connection refused
10-16 14:53:35.419   267   774 I rc_service: count 299145 cpuc 8 irqno 69 paused? 0 cnt1 297054 cnt2 299068   song-gpio  61 Edge      mlx90393-irq
10-16 14:53:35.419   267   774 I rc_service: count 297131 cpuc 8 irqno 71 paused? 0 cnt1 297054 cnt2 299145   song-gpio  59 Edge      mlx90393-irq
10-16 14:53:35.759   290   320 E BoardControl: Unable to create sockfd: Connection refused
10-16 14:53:36.178   289   289 I mavlink-router: Endpoint board_endpoint[2] IN: 74 (1 KB), OUT: 3336 (83 KB) CRC error: 0 0% 0KBytes Sequence lost: 0 0% Handled: 74 1KBytes
10-16 14:53:36.178   289   289 I mavlink-router: Endpoint uav[1] IN: 125109 (4002 KB), OUT: 5376 (110 KB) CRC error: 0 0% 0KBytes Sequence lost: 1713924 93% Handled: 125109 4098KBytes
10-16 14:53:36.178   289   289 I mavlink-router: Endpoint qgc_gcs[2] IN: 1429 (29 KB), OUT: 128688 (4075 KB) CRC error: 0 0% 0KBytes Sequence lost: 9159 86% Handled: 1429 29KBytes
10-16 14:53:36.178   289   289 I mavlink-router: Endpoint gcs2[2] IN: 0 (0 KB), OUT: 128960 (4080 KB) CRC error: 0 0% 0KBytes Sequence lost: 0 0% Handled: 0 0KBytes
10-16 14:53:36.178   289   289 I mavlink-router: Endpoint gcs3[3] IN: 3873 (79 KB), OUT: 126557 (4032 KB) CRC error: 0 0% 0KBytes Sequence lost: 0 0% Handled: 3873 81KBytes
10-16 14:53:36.178   289   289 I mavlink-router: Endpoint gcs4[4] IN: 0 (0 KB), OUT: 130405 (4110 KB) CRC error: 0 0% 0KBytes Sequence lost: 0 0% Handled: 0 0KBytes
10-16 14:53:36.259   290   320 E BoardControl: Unable to create sockfd: Connection refused
10-16 14:53:36.423   267   774 I rc_service: count 299222 cpuc 8 irqno 69 paused? 0 cnt1 297131 cnt2 299145   song-gpio  61 Edge      mlx90393-irq
10-16 14:53:36.423   267   774 I rc_service: count 297208 cpuc 8 irqno 71 paused? 0 cnt1 297131 cnt2 299222   song-gpio  59 Edge      mlx90393-irq
10-16 14:53:36.759   290   320 E BoardControl: Unable to create sockfd: Connection refused
10-16 14:53:37.259   290   320 E BoardControl: Unable to create sockfd: Connection refused
10-16 14:53:37.426   267   774 I rc_service: count 299299 cpuc 8 irqno 69 paused? 0 cnt1 297208 cnt2 299222   song-gpio  61 Edge      mlx90393-irq
10-16 14:53:37.426   267   774 I rc_service: count 297284 cpuc 8 irqno 71 paused? 0 cnt1 297208 cnt2 299299   song-gpio  59 Edge      mlx90393-irq
10-16 14:53:37.760   290   320 D BoardControl: thermal sensor temperature max 62°C, report 58°C
10-16 14:53:37.761   290   320 D BoardControl: cpu temperature changed to 58°C
10-16 14:53:37.787   290   320 E BoardControl: Unable to create sockfd: Connection refused
10-16 14:53:38.259   290   320 E BoardControl: Unable to create sockfd: Connection refused
10-16 14:53:38.429   267   774 I rc_service: count 299376 cpuc 8 irqno 69 paused? 0 cnt1 297284 cnt2 299299   song-gpio  61 Edge      mlx90393-irq
10-16 14:53:38.429   267   774 I rc_service: count 297361 cpuc 8 irqno 71 paused? 0 cnt1 297284 cnt2 299376   song-gpio  59 Edge      mlx90393-irq
10-16 14:53:38.511   266   266 I usbethx : change@/devices/platform/soc/fa896000.i2c/i2c-1/1-0063/power_supply/battery
10-16 14:53:38.511   266   266 I usbethx : ACTION=change
10-16 14:53:38.512   266   266 I usbethx : DEVPATH=/devices/platform/soc/fa896000.i2c/i2c-1/1-0063/power_supply/battery
10-16 14:53:38.512   266   266 I usbethx : SUBSYSTEM=power_supply
10-16 14:53:38.512   266   266 I usbethx : POWER_SUPPLY_NAME=battery
10-16 14:53:38.512   266   266 I usbethx : POWER_SUPPLY_CAPACITY=85
10-16 14:53:38.512   266   266 I usbethx : POWER_SUPPLY_STATUS=Charging
10-16 14:53:38.512   266   266 I usbethx : POWER_SUPPLY_HEALTH=Good
10-16 14:53:38.512   266   266 I usbethx : POWER_SUPPLY_PRESENT=1
10-16 14:53:38.512   266   266 I usbethx : POWER_SUPPLY_VOLTAGE_NOW=3980000
10-16 14:53:38.512   266   266 I usbethx : POWER_SUPPLY_TECHNOLOGY=Li-ion
10-16 14:53:38.512   266   266 I usbethx : POWER_SUPPLY_TEMP=385
10-16 14:53:38.512   266   266 I usbethx : POWER_SUPPLY_CHARGE_FULL_DESIGN=5000
10-16 14:53:38.512   266   266 I usbethx : POWER_SUPPLY_TYPE=Battery
10-16 14:53:38.512   266   266 I usbethx : SEQNUM=2098
10-16 14:53:38.759   290   320 E BoardControl: Unable to create sockfd: Connection refused
10-16 14:53:39.259   290   320 E BoardControl: Unable to create sockfd: Connection refused
10-16 14:53:39.432   267   774 I rc_service: count 299453 cpuc 8 irqno 69 paused? 0 cnt1 297361 cnt2 299376   song-gpio  61 Edge      mlx90393-irq
10-16 14:53:39.432   267   774 I rc_service: count 297437 cpuc 8 irqno 71 paused? 0 cnt1 297361 cnt2 299453   song-gpio  59 Edge      mlx90393-irq
10-16 14:53:39.759   290   320 E BoardControl: Unable to create sockfd: Connection refused
10-16 14:53:40.259   290   320 E BoardControl: Unable to create sockfd: Connection refused
10-16 14:53:40.435   267   774 I rc_service: count 299530 cpuc 8 irqno 69 paused? 0 cnt1 297437 cnt2 299453   song-gpio  61 Edge      mlx90393-irq
10-16 14:53:40.435   267   774 I rc_service: count 297514 cpuc 8 irqno 71 paused? 0 cnt1 297437 cnt2 299530   song-gpio  59 Edge      mlx90393-irq
10-16 14:53:40.759   290   320 E BoardControl: Unable to create sockfd: Connection refused
10-16 14:53:41.196  1580  1608 V RadioStatService: Sending String: QGCCLBRSTATE Bytes: [0, 0, 0, 12, 81, 71, 67, 67, 76, 66, 82, 83, 84, 65, 84, 69]
10-16 14:53:41.259   290   320 E BoardControl: Unable to create sockfd: Connection refused
10-16 14:53:41.437   267   774 I rc_service: count 299608 cpuc 8 irqno 69 paused? 0 cnt1 297514 cnt2 299530   song-gpio  61 Edge      mlx90393-irq
10-16 14:53:41.438   267   774 I rc_service: count 297590 cpuc 8 irqno 71 paused? 0 cnt1 297514 cnt2 299608   song-gpio  59 Edge      mlx90393-irq
10-16 14:53:41.759   290   320 E BoardControl: Unable to create sockfd: Connection refused
10-16 14:53:42.259   290   320 E BoardControl: Unable to create sockfd: Connection refused
10-16 14:53:42.440   267   774 I rc_service: count 299685 cpuc 8 irqno 69 paused? 0 cnt1 297590 cnt2 299608   song-gpio  61 Edge      mlx90393-irq
10-16 14:53:42.441   267   774 I rc_service: count 297667 cpuc 8 irqno 71 paused? 0 cnt1 297590 cnt2 299685   song-gpio  59 Edge      mlx90393-irq
10-16 14:53:42.759   290   320 D BoardControl: thermal sensor temperature max 62°C, report 58°C
10-16 14:53:42.785   290   320 E BoardControl: Unable to create sockfd: Connection refused
10-16 14:53:43.259   290   320 E BoardControl: Unable to create sockfd: Connection refused
10-16 14:53:43.445   267   774 I rc_service: count 299762 cpuc 8 irqno 69 paused? 0 cnt1 297667 cnt2 299685   song-gpio  61 Edge      mlx90393-irq
10-16 14:53:43.445   267   774 I rc_service: count 297744 cpuc 8 irqno 71 paused? 0 cnt1 297667 cnt2 299762   song-gpio  59 Edge      mlx90393-irq
